#
# There is insufficient memory for the Java Runtime Environment to continue.
# Native memory allocation (malloc) failed to allocate 1167776 bytes for Chunk::new
# Possible reasons:
#   The system is out of physical RAM or swap space
#   The process is running with CompressedOops enabled, and the Java Heap may be blocking the growth of the native heap
# Possible solutions:
#   Reduce memory load on the system
#   Increase physical memory or swap space
#   Check if swap backing store is full
#   Decrease Java heap size (-Xmx/-Xms)
#   Decrease number of Java threads
#   Decrease Java thread stack sizes (-Xss)
#   Set larger code cache with -XX:ReservedCodeCacheSize=
#   JVM is running with Unscaled Compressed Oops mode in which the Java heap is
#     placed in the first 4GB address space. The Java Heap base address is the
#     maximum limit for the native heap growth. Please use -XX:HeapBaseMinAddress
#     to set the Java Heap base and to place the Java Heap above 4GB virtual address.
# This output file may be truncated or incomplete.
#
#  Out of Memory Error (./src/hotspot/share/memory/arena.cpp:197), pid=3604, tid=4324
#
# JRE version: OpenJDK Runtime Environment (11.0.10) (build 11.0.10+0-b96-7249189)
# Java VM: OpenJDK 64-Bit Server VM (11.0.10+0-b96-7249189, mixed mode, tiered, compressed oops, g1 gc, windows-amd64)
# No core dump will be written. Minidumps are not enabled by default on client versions of Windows
#

---------------  S U M M A R Y ------------

Command Line: --add-opens=java.base/java.util=ALL-UNNAMED --add-opens=java.base/java.lang=ALL-UNNAMED --add-opens=java.base/java.lang.invoke=ALL-UNNAMED --add-opens=java.prefs/java.util.prefs=ALL-UNNAMED -Xmx2048m -Dfile.encoding=UTF-8 -Duser.country=US -Duser.language=en -Duser.variant org.gradle.launcher.daemon.bootstrap.GradleDaemon 6.7.1

Host: Intel(R) Core(TM) i7-7700HQ CPU @ 2.80GHz, 8 cores, 15G,  Windows 10 , 64 bit Build 18362 (10.0.18362.778)
Time: Tue Jan  4 20:23:43 2022 Pakistan Standard Time elapsed time: 113.125085 seconds (0d 0h 1m 53s)

---------------  T H R E A D  ---------------

Current thread (0x0000022aa2e7d800):  JavaThread "C2 CompilerThread1" daemon [_thread_in_native, id=4324, stack(0x000000d62a900000,0x000000d62aa00000)]


Current CompileTask:
C2: 113125 19999       4       org.gradle.api.internal.artifacts.transform.TransformationStep$$Lambda$716/0x0000000100ae6c40::apply (20 bytes)

Stack: [0x000000d62a900000,0x000000d62aa00000]
Native frames: (J=compiled Java code, j=interpreted, Vv=VM code, C=native code)
V  [jvm.dll+0x5ecfaa]
V  [jvm.dll+0x722bd5]
V  [jvm.dll+0x72412d]
V  [jvm.dll+0x7247e3]
V  [jvm.dll+0x242928]
V  [jvm.dll+0xbc4fc]
V  [jvm.dll+0xbca0c]
V  [jvm.dll+0x2b4fd4]
V  [jvm.dll+0x506028]
V  [jvm.dll+0x1fcbde]
V  [jvm.dll+0x1fa77f]
V  [jvm.dll+0x18354c]
V  [jvm.dll+0x208ee7]
V  [jvm.dll+0x207731]
V  [jvm.dll+0x6eb1cf]
V  [jvm.dll+0x6e3d45]
V  [jvm.dll+0x5ebe96]
C  [ucrtbase.dll+0x20e82]
C  [KERNEL32.DLL+0x17bd4]
C  [ntdll.dll+0x6ce51]


---------------  P R O C E S S  ---------------

Threads class SMR info:
_java_thread_list=0x0000022aab9152c0, length=185, elements={
0x0000022afe5dc000, 0x0000022a9b3ef800, 0x0000022a9b3f0800, 0x0000022a9b44e000,
0x0000022a9b44f000, 0x0000022a9b451000, 0x0000022a9b460000, 0x0000022a9b466800,
0x0000022a9b467800, 0x0000022a9b5ee800, 0x0000022a9ccfc800, 0x0000022a9b6b8000,
0x0000022a9d48c000, 0x0000022a9d387000, 0x0000022a9d45e800, 0x0000022a9dff2800,
0x0000022a9dff1800, 0x0000022a9dff3000, 0x0000022a9dbf3800, 0x0000022a9dbef800,
0x0000022a9dbf0000, 0x0000022aa1599800, 0x0000022aa1598000, 0x0000022aa159a800,
0x0000022aa159b800, 0x0000022aa15a0800, 0x0000022aa159f800, 0x0000022aa15a2800,
0x0000022aa159e000, 0x0000022aa15a1000, 0x0000022aa15a2000, 0x0000022aa15a3800,
0x0000022aa15a4800, 0x0000022aa159e800, 0x0000022aa15a5000, 0x0000022aa15a6000,
0x0000022aa15a7000, 0x0000022a9bb2c800, 0x0000022a9bb2c000, 0x0000022a9bb27000,
0x0000022a9bb28000, 0x0000022a9bb28800, 0x0000022a9bb2d800, 0x0000022a9bb2a000,
0x0000022a9bb2e800, 0x0000022a9bb2f000, 0x0000022a9bb29800, 0x0000022a9bb30000,
0x0000022a9bb31000, 0x0000022a9bb2b000, 0x0000022a9bb31800, 0x0000022a9bb35800,
0x0000022a9bb32800, 0x0000022a9bb34000, 0x0000022a9bb35000, 0x0000022a9bb33000,
0x0000022aa176e800, 0x0000022aa1772000, 0x0000022aa1770800, 0x0000022aa1774800,
0x0000022aa1775800, 0x0000022aa1773800, 0x0000022aa176f800, 0x0000022aa1776000,
0x0000022aa1773000, 0x0000022aa1777000, 0x0000022aa1771000, 0x0000022aa177d800,
0x0000022aa1777800, 0x0000022aa177c800, 0x0000022aa1778800, 0x0000022aa1779800,
0x0000022aa177a000, 0x0000022aa177c000, 0x0000022aa177b000, 0x0000022a9e837000,
0x0000022a9e838800, 0x0000022a9e838000, 0x0000022a9e833000, 0x0000022a9e836000,
0x0000022a9e839800, 0x0000022a9e833800, 0x0000022a9e83a000, 0x0000022a9e834800,
0x0000022a9e83b000, 0x0000022a9e835800, 0x0000022a9e83e800, 0x0000022a9e841000,
0x0000022a9e840000, 0x0000022a9e83c800, 0x0000022a9e83c000, 0x0000022a9e83d800,
0x0000022a9e83f000, 0x0000022a9e841800, 0x0000022a9e098000, 0x0000022a9e099000,
0x0000022a9e09a800, 0x0000022a9e095000, 0x0000022a9e09a000, 0x0000022a9e097800,
0x0000022a9e09b800, 0x0000022a9e095800, 0x0000022a9e09c800, 0x0000022a9e096800,
0x0000022a9e0a0800, 0x0000022a9e09e800, 0x0000022a9e09f800, 0x0000022a9e0a1000,
0x0000022a9e0a2000, 0x0000022a9e0a3000, 0x0000022a9e09d000, 0x0000022a9e0a3800,
0x0000022a9e09e000, 0x0000022a9bd8e000, 0x0000022a9bd93000, 0x0000022a9bd92000,
0x0000022a9bd8d800, 0x0000022a9bd94000, 0x0000022a9bd91800, 0x0000022a9bd94800,
0x0000022a9bd8f000, 0x0000022a9bd95800, 0x0000022a9bd90000, 0x0000022a9bd96800,
0x0000022a9bd90800, 0x0000022a9bd97000, 0x0000022a9bd98000, 0x0000022a9bd9b000,
0x0000022a9bd99000, 0x0000022a9bd99800, 0x0000022a9bd9c000, 0x0000022a9bd9a800,
0x0000022a9efea000, 0x0000022a9efe8000, 0x0000022a9efe6800, 0x0000022a9efe4000,
0x0000022a9efea800, 0x0000022a9efe9000, 0x0000022a9efe5000, 0x0000022a9efe6000,
0x0000022aa48e9800, 0x0000022aa48e9000, 0x0000022aa48e5000, 0x0000022aa48ea800,
0x0000022aa48ec000, 0x0000022aa48ed000, 0x0000022aa48eb800, 0x0000022a9dff4000,
0x0000022aa48e2800, 0x0000022aa2e77000, 0x0000022aa2e78800, 0x0000022aa2e77800,
0x0000022aa2e7a000, 0x0000022aa2e79800, 0x0000022aa2e7b000, 0x0000022aa2e7c000,
0x0000022aa2e76000, 0x0000022aa2e7e000, 0x0000022aa2e7d800, 0x0000022aa2e7f000,
0x0000022aa2e80800, 0x0000022aa2e80000, 0x0000022aa2e81800, 0x0000022aa2e82800,
0x0000022aa2e7c800, 0x0000022aa2e88000, 0x0000022aa2e85800, 0x0000022aa2e85000,
0x0000022aa2e86800, 0x0000022aa2e87000, 0x0000022aa2e89000, 0x0000022aa2e83000,
0x0000022aa2e8f800, 0x0000022aa2e8e800, 0x0000022aa2e8d000, 0x0000022aa2e8c000,
0x0000022aa2e89800, 0x0000022aa2e8b800, 0x0000022aa2e90000, 0x0000022aa2e8a800,
0x0000022aa2e8d800, 0x0000022aa2e91000, 0x0000022aa2e92000, 0x0000022aa2e92800,
0x0000022a9dbf1000
}

Java Threads: ( => current thread )
  0x0000022afe5dc000 JavaThread "main" [_thread_blocked, id=18136, stack(0x000000d628a00000,0x000000d628b00000)]
  0x0000022a9b3ef800 JavaThread "Reference Handler" daemon [_thread_blocked, id=21308, stack(0x000000d629100000,0x000000d629200000)]
  0x0000022a9b3f0800 JavaThread "Finalizer" daemon [_thread_blocked, id=21660, stack(0x000000d629200000,0x000000d629300000)]
  0x0000022a9b44e000 JavaThread "Signal Dispatcher" daemon [_thread_blocked, id=5084, stack(0x000000d629300000,0x000000d629400000)]
  0x0000022a9b44f000 JavaThread "Attach Listener" daemon [_thread_blocked, id=15840, stack(0x000000d629400000,0x000000d629500000)]
  0x0000022a9b451000 JavaThread "Service Thread" daemon [_thread_blocked, id=17836, stack(0x000000d629500000,0x000000d629600000)]
  0x0000022a9b460000 JavaThread "C2 CompilerThread0" daemon [_thread_in_native, id=20084, stack(0x000000d629600000,0x000000d629700000)]
  0x0000022a9b466800 JavaThread "C1 CompilerThread0" daemon [_thread_blocked, id=19672, stack(0x000000d629700000,0x000000d629800000)]
  0x0000022a9b467800 JavaThread "Sweeper thread" daemon [_thread_blocked, id=12600, stack(0x000000d629800000,0x000000d629900000)]
  0x0000022a9b5ee800 JavaThread "Common-Cleaner" daemon [_thread_blocked, id=26372, stack(0x000000d629900000,0x000000d629a00000)]
  0x0000022a9ccfc800 JavaThread "Daemon health stats" [_thread_blocked, id=20508, stack(0x000000d62a200000,0x000000d62a300000)]
  0x0000022a9b6b8000 JavaThread "Incoming local TCP Connector on port 54272" [_thread_in_native, id=7876, stack(0x000000d62a300000,0x000000d62a400000)]
  0x0000022a9d48c000 JavaThread "Daemon periodic checks" [_thread_blocked, id=18508, stack(0x000000d62a400000,0x000000d62a500000)]
  0x0000022a9d387000 JavaThread "Daemon" [_thread_blocked, id=19828, stack(0x000000d62a500000,0x000000d62a600000)]
  0x0000022a9d45e800 JavaThread "Daemon worker" [_thread_in_Java, id=16380, stack(0x000000d62a800000,0x000000d62a900000)]
  0x0000022a9dff2800 JavaThread "Cache worker for file hash cache (C:\Users\hp\.gradle\caches\6.7.1\fileHashes)" [_thread_blocked, id=13100, stack(0x000000d62ac00000,0x000000d62ad00000)]
  0x0000022a9dff1800 JavaThread "File lock request listener" [_thread_in_native, id=26228, stack(0x000000d62ad00000,0x000000d62ae00000)]
  0x0000022a9dff3000 JavaThread "Cache worker for journal cache (C:\Users\hp\.gradle\caches\journal-1)" [_thread_blocked, id=17924, stack(0x000000d62b100000,0x000000d62b200000)]
  0x0000022a9dbf3800 JavaThread "Cache worker for execution history cache (C:\Users\hp\.gradle\caches\6.7.1\executionHistory)" [_thread_blocked, id=26124, stack(0x000000d62b700000,0x000000d62b800000)]
  0x0000022a9dbef800 JavaThread "jar transforms" [_thread_blocked, id=1848, stack(0x000000d62b800000,0x000000d62b900000)]
  0x0000022a9dbf0000 JavaThread "Cache worker for file content cache (C:\Users\hp\.gradle\caches\6.7.1\fileContent)" [_thread_blocked, id=10704, stack(0x000000d62b900000,0x000000d62ba00000)]
  0x0000022aa1599800 JavaThread "jar transforms Thread 2" [_thread_blocked, id=9240, stack(0x000000d62c300000,0x000000d62c400000)]
  0x0000022aa1598000 JavaThread "jar transforms Thread 3" [_thread_blocked, id=9176, stack(0x000000d62c400000,0x000000d62c500000)]
  0x0000022aa159a800 JavaThread "jar transforms Thread 4" [_thread_blocked, id=7172, stack(0x000000d62c500000,0x000000d62c600000)]
  0x0000022aa159b800 JavaThread "jar transforms Thread 5" [_thread_blocked, id=11048, stack(0x000000d62c600000,0x000000d62c700000)]
  0x0000022aa15a0800 JavaThread "jar transforms Thread 6" [_thread_blocked, id=18500, stack(0x000000d62c700000,0x000000d62c800000)]
  0x0000022aa159f800 JavaThread "jar transforms Thread 7" [_thread_blocked, id=24976, stack(0x000000d62c800000,0x000000d62c900000)]
  0x0000022aa15a2800 JavaThread "jar transforms Thread 8" [_thread_blocked, id=26856, stack(0x000000d62c900000,0x000000d62ca00000)]
  0x0000022aa159e000 JavaThread "jar transforms Thread 9" [_thread_blocked, id=27296, stack(0x000000d62ca00000,0x000000d62cb00000)]
  0x0000022aa15a1000 JavaThread "jar transforms Thread 10" [_thread_blocked, id=23860, stack(0x000000d62cb00000,0x000000d62cc00000)]
  0x0000022aa15a2000 JavaThread "jar transforms Thread 11" [_thread_blocked, id=17540, stack(0x000000d62cc00000,0x000000d62cd00000)]
  0x0000022aa15a3800 JavaThread "jar transforms Thread 12" [_thread_blocked, id=2192, stack(0x000000d62cd00000,0x000000d62ce00000)]
  0x0000022aa15a4800 JavaThread "jar transforms Thread 13" [_thread_blocked, id=16264, stack(0x000000d62ce00000,0x000000d62cf00000)]
  0x0000022aa159e800 JavaThread "jar transforms Thread 14" [_thread_blocked, id=14724, stack(0x000000d62cf00000,0x000000d62d000000)]
  0x0000022aa15a5000 JavaThread "jar transforms Thread 15" [_thread_blocked, id=23648, stack(0x000000d62d000000,0x000000d62d100000)]
  0x0000022aa15a6000 JavaThread "jar transforms Thread 16" [_thread_blocked, id=11656, stack(0x000000d62d100000,0x000000d62d200000)]
  0x0000022aa15a7000 JavaThread "jar transforms Thread 17" [_thread_blocked, id=24384, stack(0x000000d62d200000,0x000000d62d300000)]
  0x0000022a9bb2c800 JavaThread "jar transforms Thread 18" [_thread_blocked, id=18848, stack(0x000000d62d300000,0x000000d62d400000)]
  0x0000022a9bb2c000 JavaThread "jar transforms Thread 19" [_thread_blocked, id=25356, stack(0x000000d62d400000,0x000000d62d500000)]
  0x0000022a9bb27000 JavaThread "jar transforms Thread 20" [_thread_blocked, id=8304, stack(0x000000d62d500000,0x000000d62d600000)]
  0x0000022a9bb28000 JavaThread "jar transforms Thread 21" [_thread_blocked, id=8780, stack(0x000000d62d600000,0x000000d62d700000)]
  0x0000022a9bb28800 JavaThread "jar transforms Thread 22" [_thread_blocked, id=25736, stack(0x000000d62d700000,0x000000d62d800000)]
  0x0000022a9bb2d800 JavaThread "jar transforms Thread 23" [_thread_blocked, id=16764, stack(0x000000d62d800000,0x000000d62d900000)]
  0x0000022a9bb2a000 JavaThread "jar transforms Thread 24" [_thread_blocked, id=9668, stack(0x000000d62d900000,0x000000d62da00000)]
  0x0000022a9bb2e800 JavaThread "jar transforms Thread 25" [_thread_blocked, id=18160, stack(0x000000d62da00000,0x000000d62db00000)]
  0x0000022a9bb2f000 JavaThread "jar transforms Thread 26" [_thread_blocked, id=22004, stack(0x000000d62db00000,0x000000d62dc00000)]
  0x0000022a9bb29800 JavaThread "jar transforms Thread 27" [_thread_blocked, id=18548, stack(0x000000d62dc00000,0x000000d62dd00000)]
  0x0000022a9bb30000 JavaThread "jar transforms Thread 28" [_thread_blocked, id=7476, stack(0x000000d62dd00000,0x000000d62de00000)]
  0x0000022a9bb31000 JavaThread "jar transforms Thread 29" [_thread_blocked, id=20220, stack(0x000000d62de00000,0x000000d62df00000)]
  0x0000022a9bb2b000 JavaThread "jar transforms Thread 30" [_thread_blocked, id=20732, stack(0x000000d62df00000,0x000000d62e000000)]
  0x0000022a9bb31800 JavaThread "jar transforms Thread 31" [_thread_blocked, id=2860, stack(0x000000d62e000000,0x000000d62e100000)]
  0x0000022a9bb35800 JavaThread "jar transforms Thread 32" [_thread_blocked, id=8484, stack(0x000000d62e100000,0x000000d62e200000)]
  0x0000022a9bb32800 JavaThread "jar transforms Thread 33" [_thread_blocked, id=16904, stack(0x000000d62e200000,0x000000d62e300000)]
  0x0000022a9bb34000 JavaThread "jar transforms Thread 34" [_thread_blocked, id=12160, stack(0x000000d62e300000,0x000000d62e400000)]
  0x0000022a9bb35000 JavaThread "jar transforms Thread 35" [_thread_blocked, id=21928, stack(0x000000d62e400000,0x000000d62e500000)]
  0x0000022a9bb33000 JavaThread "jar transforms Thread 36" [_thread_blocked, id=14628, stack(0x000000d62e500000,0x000000d62e600000)]
  0x0000022aa176e800 JavaThread "jar transforms Thread 37" [_thread_blocked, id=9084, stack(0x000000d62e600000,0x000000d62e700000)]
  0x0000022aa1772000 JavaThread "jar transforms Thread 38" [_thread_blocked, id=8488, stack(0x000000d62e700000,0x000000d62e800000)]
  0x0000022aa1770800 JavaThread "jar transforms Thread 39" [_thread_blocked, id=26704, stack(0x000000d62e800000,0x000000d62e900000)]
  0x0000022aa1774800 JavaThread "jar transforms Thread 40" [_thread_blocked, id=16108, stack(0x000000d62e900000,0x000000d62ea00000)]
  0x0000022aa1775800 JavaThread "jar transforms Thread 41" [_thread_blocked, id=7340, stack(0x000000d62ea00000,0x000000d62eb00000)]
  0x0000022aa1773800 JavaThread "jar transforms Thread 42" [_thread_blocked, id=9020, stack(0x000000d62eb00000,0x000000d62ec00000)]
  0x0000022aa176f800 JavaThread "jar transforms Thread 43" [_thread_blocked, id=12056, stack(0x000000d62ec00000,0x000000d62ed00000)]
  0x0000022aa1776000 JavaThread "jar transforms Thread 44" [_thread_blocked, id=14760, stack(0x000000d62ed00000,0x000000d62ee00000)]
  0x0000022aa1773000 JavaThread "jar transforms Thread 45" [_thread_blocked, id=22800, stack(0x000000d62ee00000,0x000000d62ef00000)]
  0x0000022aa1777000 JavaThread "jar transforms Thread 46" [_thread_blocked, id=2996, stack(0x000000d62ef00000,0x000000d62f000000)]
  0x0000022aa1771000 JavaThread "jar transforms Thread 47" [_thread_blocked, id=5800, stack(0x000000d62f000000,0x000000d62f100000)]
  0x0000022aa177d800 JavaThread "jar transforms Thread 48" [_thread_blocked, id=5024, stack(0x000000d62f100000,0x000000d62f200000)]
  0x0000022aa1777800 JavaThread "jar transforms Thread 49" [_thread_blocked, id=4872, stack(0x000000d62f200000,0x000000d62f300000)]
  0x0000022aa177c800 JavaThread "jar transforms Thread 50" [_thread_blocked, id=6692, stack(0x000000d62f300000,0x000000d62f400000)]
  0x0000022aa1778800 JavaThread "jar transforms Thread 51" [_thread_blocked, id=1264, stack(0x000000d62f400000,0x000000d62f500000)]
  0x0000022aa1779800 JavaThread "jar transforms Thread 52" [_thread_blocked, id=27004, stack(0x000000d62f500000,0x000000d62f600000)]
  0x0000022aa177a000 JavaThread "jar transforms Thread 53" [_thread_blocked, id=19384, stack(0x000000d62f600000,0x000000d62f700000)]
  0x0000022aa177c000 JavaThread "jar transforms Thread 54" [_thread_blocked, id=6052, stack(0x000000d62f700000,0x000000d62f800000)]
  0x0000022aa177b000 JavaThread "jar transforms Thread 55" [_thread_blocked, id=21412, stack(0x000000d62f800000,0x000000d62f900000)]
  0x0000022a9e837000 JavaThread "jar transforms Thread 56" [_thread_blocked, id=15916, stack(0x000000d62f900000,0x000000d62fa00000)]
  0x0000022a9e838800 JavaThread "jar transforms Thread 57" [_thread_blocked, id=24728, stack(0x000000d62fa00000,0x000000d62fb00000)]
  0x0000022a9e838000 JavaThread "jar transforms Thread 58" [_thread_blocked, id=14960, stack(0x000000d62fb00000,0x000000d62fc00000)]
  0x0000022a9e833000 JavaThread "jar transforms Thread 59" [_thread_blocked, id=17008, stack(0x000000d62fc00000,0x000000d62fd00000)]
  0x0000022a9e836000 JavaThread "jar transforms Thread 60" [_thread_blocked, id=17696, stack(0x000000d62fd00000,0x000000d62fe00000)]
  0x0000022a9e839800 JavaThread "jar transforms Thread 61" [_thread_blocked, id=27444, stack(0x000000d62fe00000,0x000000d62ff00000)]
  0x0000022a9e833800 JavaThread "jar transforms Thread 62" [_thread_blocked, id=20496, stack(0x000000d62ff00000,0x000000d630000000)]
  0x0000022a9e83a000 JavaThread "jar transforms Thread 63" [_thread_blocked, id=11180, stack(0x000000d630000000,0x000000d630100000)]
  0x0000022a9e834800 JavaThread "jar transforms Thread 64" [_thread_blocked, id=12900, stack(0x000000d630100000,0x000000d630200000)]
  0x0000022a9e83b000 JavaThread "jar transforms Thread 65" [_thread_blocked, id=17212, stack(0x000000d630200000,0x000000d630300000)]
  0x0000022a9e835800 JavaThread "jar transforms Thread 66" [_thread_blocked, id=1144, stack(0x000000d630300000,0x000000d630400000)]
  0x0000022a9e83e800 JavaThread "jar transforms Thread 67" [_thread_blocked, id=14856, stack(0x000000d630400000,0x000000d630500000)]
  0x0000022a9e841000 JavaThread "jar transforms Thread 68" [_thread_blocked, id=27044, stack(0x000000d630500000,0x000000d630600000)]
  0x0000022a9e840000 JavaThread "jar transforms Thread 69" [_thread_blocked, id=3048, stack(0x000000d630600000,0x000000d630700000)]
  0x0000022a9e83c800 JavaThread "jar transforms Thread 70" [_thread_blocked, id=644, stack(0x000000d630700000,0x000000d630800000)]
  0x0000022a9e83c000 JavaThread "jar transforms Thread 71" [_thread_blocked, id=19908, stack(0x000000d630800000,0x000000d630900000)]
  0x0000022a9e83d800 JavaThread "jar transforms Thread 72" [_thread_blocked, id=14548, stack(0x000000d630900000,0x000000d630a00000)]
  0x0000022a9e83f000 JavaThread "jar transforms Thread 73" [_thread_blocked, id=25196, stack(0x000000d630a00000,0x000000d630b00000)]
  0x0000022a9e841800 JavaThread "jar transforms Thread 74" [_thread_blocked, id=19800, stack(0x000000d630b00000,0x000000d630c00000)]
  0x0000022a9e098000 JavaThread "jar transforms Thread 75" [_thread_blocked, id=10736, stack(0x000000d630c00000,0x000000d630d00000)]
  0x0000022a9e099000 JavaThread "jar transforms Thread 76" [_thread_blocked, id=26584, stack(0x000000d630d00000,0x000000d630e00000)]
  0x0000022a9e09a800 JavaThread "jar transforms Thread 77" [_thread_blocked, id=2680, stack(0x000000d630e00000,0x000000d630f00000)]
  0x0000022a9e095000 JavaThread "jar transforms Thread 78" [_thread_blocked, id=23628, stack(0x000000d630f00000,0x000000d631000000)]
  0x0000022a9e09a000 JavaThread "jar transforms Thread 79" [_thread_blocked, id=2656, stack(0x000000d631000000,0x000000d631100000)]
  0x0000022a9e097800 JavaThread "jar transforms Thread 80" [_thread_blocked, id=20880, stack(0x000000d631100000,0x000000d631200000)]
  0x0000022a9e09b800 JavaThread "jar transforms Thread 81" [_thread_blocked, id=20472, stack(0x000000d631200000,0x000000d631300000)]
  0x0000022a9e095800 JavaThread "jar transforms Thread 82" [_thread_blocked, id=26976, stack(0x000000d631300000,0x000000d631400000)]
  0x0000022a9e09c800 JavaThread "jar transforms Thread 83" [_thread_blocked, id=13652, stack(0x000000d631400000,0x000000d631500000)]
  0x0000022a9e096800 JavaThread "jar transforms Thread 84" [_thread_blocked, id=13496, stack(0x000000d631500000,0x000000d631600000)]
  0x0000022a9e0a0800 JavaThread "jar transforms Thread 85" [_thread_blocked, id=15332, stack(0x000000d631600000,0x000000d631700000)]
  0x0000022a9e09e800 JavaThread "jar transforms Thread 86" [_thread_blocked, id=11012, stack(0x000000d631700000,0x000000d631800000)]
  0x0000022a9e09f800 JavaThread "jar transforms Thread 87" [_thread_blocked, id=13544, stack(0x000000d631800000,0x000000d631900000)]
  0x0000022a9e0a1000 JavaThread "jar transforms Thread 88" [_thread_blocked, id=17996, stack(0x000000d631900000,0x000000d631a00000)]
  0x0000022a9e0a2000 JavaThread "jar transforms Thread 89" [_thread_blocked, id=22060, stack(0x000000d631a00000,0x000000d631b00000)]
  0x0000022a9e0a3000 JavaThread "jar transforms Thread 90" [_thread_blocked, id=24796, stack(0x000000d631b00000,0x000000d631c00000)]
  0x0000022a9e09d000 JavaThread "jar transforms Thread 91" [_thread_blocked, id=8340, stack(0x000000d631c00000,0x000000d631d00000)]
  0x0000022a9e0a3800 JavaThread "jar transforms Thread 92" [_thread_blocked, id=13452, stack(0x000000d631d00000,0x000000d631e00000)]
  0x0000022a9e09e000 JavaThread "jar transforms Thread 93" [_thread_blocked, id=11240, stack(0x000000d631e00000,0x000000d631f00000)]
  0x0000022a9bd8e000 JavaThread "jar transforms Thread 94" [_thread_blocked, id=9344, stack(0x000000d631f00000,0x000000d632000000)]
  0x0000022a9bd93000 JavaThread "jar transforms Thread 95" [_thread_blocked, id=2760, stack(0x000000d632000000,0x000000d632100000)]
  0x0000022a9bd92000 JavaThread "jar transforms Thread 96" [_thread_blocked, id=7112, stack(0x000000d632100000,0x000000d632200000)]
  0x0000022a9bd8d800 JavaThread "jar transforms Thread 97" [_thread_blocked, id=16392, stack(0x000000d632200000,0x000000d632300000)]
  0x0000022a9bd94000 JavaThread "jar transforms Thread 98" [_thread_blocked, id=19700, stack(0x000000d632300000,0x000000d632400000)]
  0x0000022a9bd91800 JavaThread "jar transforms Thread 99" [_thread_blocked, id=1652, stack(0x000000d632400000,0x000000d632500000)]
  0x0000022a9bd94800 JavaThread "jar transforms Thread 100" [_thread_blocked, id=18224, stack(0x000000d632500000,0x000000d632600000)]
  0x0000022a9bd8f000 JavaThread "jar transforms Thread 101" [_thread_blocked, id=20044, stack(0x000000d632600000,0x000000d632700000)]
  0x0000022a9bd95800 JavaThread "jar transforms Thread 102" [_thread_blocked, id=19764, stack(0x000000d632700000,0x000000d632800000)]
  0x0000022a9bd90000 JavaThread "jar transforms Thread 103" [_thread_blocked, id=9220, stack(0x000000d632800000,0x000000d632900000)]
  0x0000022a9bd96800 JavaThread "jar transforms Thread 104" [_thread_blocked, id=24704, stack(0x000000d632900000,0x000000d632a00000)]
  0x0000022a9bd90800 JavaThread "jar transforms Thread 105" [_thread_blocked, id=27440, stack(0x000000d632a00000,0x000000d632b00000)]
  0x0000022a9bd97000 JavaThread "jar transforms Thread 106" [_thread_blocked, id=23232, stack(0x000000d632b00000,0x000000d632c00000)]
  0x0000022a9bd98000 JavaThread "jar transforms Thread 107" [_thread_blocked, id=26268, stack(0x000000d632c00000,0x000000d632d00000)]
  0x0000022a9bd9b000 JavaThread "jar transforms Thread 108" [_thread_blocked, id=3836, stack(0x000000d632d00000,0x000000d632e00000)]
  0x0000022a9bd99000 JavaThread "jar transforms Thread 109" [_thread_blocked, id=22536, stack(0x000000d632e00000,0x000000d632f00000)]
  0x0000022a9bd99800 JavaThread "jar transforms Thread 110" [_thread_blocked, id=23020, stack(0x000000d632f00000,0x000000d633000000)]
  0x0000022a9bd9c000 JavaThread "jar transforms Thread 111" [_thread_blocked, id=26572, stack(0x000000d633000000,0x000000d633100000)]
  0x0000022a9bd9a800 JavaThread "jar transforms Thread 112" [_thread_blocked, id=5276, stack(0x000000d633100000,0x000000d633200000)]
  0x0000022a9efea000 JavaThread "jar transforms Thread 113" [_thread_blocked, id=19184, stack(0x000000d633200000,0x000000d633300000)]
  0x0000022a9efe8000 JavaThread "jar transforms Thread 114" [_thread_blocked, id=26816, stack(0x000000d633300000,0x000000d633400000)]
  0x0000022a9efe6800 JavaThread "jar transforms Thread 115" [_thread_blocked, id=1364, stack(0x000000d633400000,0x000000d633500000)]
  0x0000022a9efe4000 JavaThread "jar transforms Thread 116" [_thread_blocked, id=25772, stack(0x000000d633500000,0x000000d633600000)]
  0x0000022a9efea800 JavaThread "jar transforms Thread 117" [_thread_blocked, id=3648, stack(0x000000d633600000,0x000000d633700000)]
  0x0000022a9efe9000 JavaThread "jar transforms Thread 118" [_thread_blocked, id=15436, stack(0x000000d633700000,0x000000d633800000)]
  0x0000022a9efe5000 JavaThread "jar transforms Thread 119" [_thread_blocked, id=11912, stack(0x000000d633800000,0x000000d633900000)]
  0x0000022a9efe6000 JavaThread "Memory manager" [_thread_blocked, id=7392, stack(0x000000d633a00000,0x000000d633b00000)]
  0x0000022aa48e9800 JavaThread "ForkJoinPool.commonPool-worker-3" daemon [_thread_blocked, id=14600, stack(0x000000d634d00000,0x000000d634e00000)]
  0x0000022aa48e9000 JavaThread "ForkJoinPool.commonPool-worker-5" daemon [_thread_blocked, id=18944, stack(0x000000d634e00000,0x000000d634f00000)]
  0x0000022aa48e5000 JavaThread "ForkJoinPool.commonPool-worker-7" daemon [_thread_blocked, id=18672, stack(0x000000d634f00000,0x000000d635000000)]
  0x0000022aa48ea800 JavaThread "ForkJoinPool.commonPool-worker-9" daemon [_thread_blocked, id=22280, stack(0x000000d635000000,0x000000d635100000)]
  0x0000022aa48ec000 JavaThread "ForkJoinPool.commonPool-worker-11" daemon [_thread_blocked, id=19332, stack(0x000000d635100000,0x000000d635200000)]
  0x0000022aa48ed000 JavaThread "ForkJoinPool.commonPool-worker-13" daemon [_thread_blocked, id=6492, stack(0x000000d635200000,0x000000d635300000)]
  0x0000022aa48eb800 JavaThread "ForkJoinPool.commonPool-worker-15" daemon [_thread_blocked, id=13904, stack(0x000000d635300000,0x000000d635400000)]
  0x0000022a9dff4000 JavaThread "RMI Scheduler(0)" daemon [_thread_blocked, id=18596, stack(0x000000d62aa00000,0x000000d62ab00000)]
  0x0000022aa48e2800 JavaThread "RMI GC Daemon" daemon [_thread_blocked, id=5980, stack(0x000000d634400000,0x000000d634500000)]
  0x0000022aa2e77000 JavaThread "RMI TCP Accept-0" daemon [_thread_in_native, id=9112, stack(0x000000d634600000,0x000000d634700000)]
  0x0000022aa2e78800 JavaThread "RMI Reaper" [_thread_blocked, id=12848, stack(0x000000d634700000,0x000000d634800000)]
  0x0000022aa2e77800 JavaThread "RMI TCP Connection(idle)" daemon [_thread_blocked, id=17400, stack(0x000000d634800000,0x000000d634900000)]
  0x0000022aa2e7a000 JavaThread "Cache worker for Java compile cache (C:\Users\hp\.gradle\caches\6.7.1\javaCompile)" [_thread_blocked, id=10288, stack(0x000000d634900000,0x000000d634a00000)]
  0x0000022aa2e79800 JavaThread "Handler for socket connection from /127.0.0.1:54272 to /127.0.0.1:58718" [_thread_in_native, id=12800, stack(0x000000d628700000,0x000000d628800000)]
  0x0000022aa2e7b000 JavaThread "Cancel handler" [_thread_blocked, id=16780, stack(0x000000d628800000,0x000000d628900000)]
  0x0000022aa2e7c000 JavaThread "Asynchronous log dispatcher for DefaultDaemonConnection: socket connection from /127.0.0.1:54272 to /127.0.0.1:58718" [_thread_blocked, id=16312, stack(0x000000d628900000,0x000000d628a00000)]
  0x0000022aa2e76000 JavaThread "Stdin handler" [_thread_blocked, id=3788, stack(0x000000d62a600000,0x000000d62a700000)]
  0x0000022aa2e7e000 JavaThread "Thread-204" [_thread_blocked, id=9952, stack(0x000000d62a700000,0x000000d62a800000)]
=>0x0000022aa2e7d800 JavaThread "C2 CompilerThread1" daemon [_thread_in_native, id=4324, stack(0x000000d62a900000,0x000000d62aa00000)]
  0x0000022aa2e7f000 JavaThread "Cache worker for file hash cache (E:\OfficeGit\Berger_Xpress_Visualizer\Berger_Visualizer\Berger Visualizer\.gradle\6.7.1\fileHashes)" [_thread_blocked, id=11944, stack(0x000000d62ab00000,0x000000d62ac00000)]
  0x0000022aa2e80800 JavaThread "Cache worker for checksums cache (E:\OfficeGit\Berger_Xpress_Visualizer\Berger_Visualizer\Berger Visualizer\.gradle\checksums)" [_thread_blocked, id=9380, stack(0x000000d62b200000,0x000000d62b300000)]
  0x0000022aa2e80000 JavaThread "Cache worker for cache directory md-supplier (C:\Users\hp\.gradle\caches\6.7.1\md-supplier)" [_thread_blocked, id=24172, stack(0x000000d62b300000,0x000000d62b400000)]
  0x0000022aa2e81800 JavaThread "Cache worker for cache directory md-rule (C:\Users\hp\.gradle\caches\6.7.1\md-rule)" [_thread_blocked, id=7936, stack(0x000000d62b400000,0x000000d62b500000)]
  0x0000022aa2e82800 JavaThread "C2 CompilerThread2" daemon [_thread_in_native, id=3796, stack(0x000000d62b500000,0x000000d62b600000)]
  0x0000022aa2e7c800 JavaThread "Cache worker for Build Output Cleanup Cache (E:\OfficeGit\Berger_Xpress_Visualizer\Berger_Visualizer\Berger Visualizer\.gradle\buildOutputCleanup)" [_thread_blocked, id=26936, stack(0x000000d62b600000,0x000000d62b700000)]
  0x0000022aa2e88000 JavaThread "Build operations" [_thread_in_native, id=26628, stack(0x000000d62ba00000,0x000000d62bb00000)]
  0x0000022aa2e85800 JavaThread "Build operations Thread 2" [_thread_in_Java, id=21700, stack(0x000000d62bb00000,0x000000d62bc00000)]
  0x0000022aa2e85000 JavaThread "Build operations Thread 3" [_thread_in_native, id=16128, stack(0x000000d62bc00000,0x000000d62bd00000)]
  0x0000022aa2e86800 JavaThread "Build operations Thread 4" [_thread_in_Java, id=21316, stack(0x000000d62bd00000,0x000000d62be00000)]
  0x0000022aa2e87000 JavaThread "Build operations Thread 5" [_thread_blocked, id=27456, stack(0x000000d62be00000,0x000000d62bf00000)]
  0x0000022aa2e89000 JavaThread "Build operations Thread 6" [_thread_blocked, id=24504, stack(0x000000d62bf00000,0x000000d62c000000)]
  0x0000022aa2e83000 JavaThread "Build operations Thread 7" [_thread_in_Java, id=9860, stack(0x000000d62c000000,0x000000d62c100000)]
  0x0000022aa2e8f800 JavaThread "Build operations Thread 8" [_thread_blocked, id=11348, stack(0x000000d62c100000,0x000000d62c200000)]
  0x0000022aa2e8e800 JavaThread "build event listener" [_thread_blocked, id=23536, stack(0x000000d62c200000,0x000000d62c300000)]
  0x0000022aa2e8d000 JavaThread "build event listener" [_thread_blocked, id=20676, stack(0x000000d633900000,0x000000d633a00000)]
  0x0000022aa2e8c000 JavaThread "Execution worker for ':'" [_thread_blocked, id=6852, stack(0x000000d633c00000,0x000000d633d00000)]
  0x0000022aa2e89800 JavaThread "Execution worker for ':' Thread 2" [_thread_blocked, id=20796, stack(0x000000d633d00000,0x000000d633e00000)]
  0x0000022aa2e8b800 JavaThread "Execution worker for ':' Thread 3" [_thread_blocked, id=27024, stack(0x000000d633e00000,0x000000d633f00000)]
  0x0000022aa2e90000 JavaThread "Execution worker for ':' Thread 4" [_thread_blocked, id=23488, stack(0x000000d633f00000,0x000000d634000000)]
  0x0000022aa2e8a800 JavaThread "Execution worker for ':' Thread 5" [_thread_blocked, id=27084, stack(0x000000d634000000,0x000000d634100000)]
  0x0000022aa2e8d800 JavaThread "Execution worker for ':' Thread 6" [_thread_blocked, id=26008, stack(0x000000d634100000,0x000000d634200000)]
  0x0000022aa2e91000 JavaThread "Execution worker for ':' Thread 7" [_thread_blocked, id=3272, stack(0x000000d634200000,0x000000d634300000)]
  0x0000022aa2e92000 JavaThread "Cache worker for execution history cache (E:\OfficeGit\Berger_Xpress_Visualizer\Berger_Visualizer\Berger Visualizer\.gradle\6.7.1\executionHistory)" [_thread_blocked, id=8400, stack(0x000000d634300000,0x000000d634400000)]
  0x0000022aa2e92800 JavaThread "WorkerExecutor Queue" [_thread_blocked, id=10628, stack(0x000000d634500000,0x000000d634600000)]
  0x0000022a9dbf1000 JavaThread "WorkerExecutor Queue Thread 2" [_thread_blocked, id=11700, stack(0x000000d634a00000,0x000000d634b00000)]

Other Threads:
  0x0000022a9b3ec800 VMThread "VM Thread" [stack: 0x000000d629000000,0x000000d629100000] [id=14716]
  0x0000022a9b624800 WatcherThread [stack: 0x000000d629a00000,0x000000d629b00000] [id=26088]
  0x0000022afe5f4800 GCTaskThread "GC Thread#0" [stack: 0x000000d628b00000,0x000000d628c00000] [id=21240]
  0x0000022a9c357000 GCTaskThread "GC Thread#1" [stack: 0x000000d629c00000,0x000000d629d00000] [id=20388]
  0x0000022a9c1cc800 GCTaskThread "GC Thread#2" [stack: 0x000000d629d00000,0x000000d629e00000] [id=22644]
  0x0000022a9c251800 GCTaskThread "GC Thread#3" [stack: 0x000000d629e00000,0x000000d629f00000] [id=17016]
  0x0000022a9c333800 GCTaskThread "GC Thread#4" [stack: 0x000000d629f00000,0x000000d62a000000] [id=2328]
  0x0000022a9c190800 GCTaskThread "GC Thread#5" [stack: 0x000000d62a000000,0x000000d62a100000] [id=20452]
  0x0000022a9da89000 GCTaskThread "GC Thread#6" [stack: 0x000000d62ae00000,0x000000d62af00000] [id=20424]
  0x0000022a9d7ed800 GCTaskThread "GC Thread#7" [stack: 0x000000d62af00000,0x000000d62b000000] [id=22760]
  0x0000022afe625800 ConcurrentGCThread "G1 Main Marker" [stack: 0x000000d628c00000,0x000000d628d00000] [id=24884]
  0x0000022afe629000 ConcurrentGCThread "G1 Conc#0" [stack: 0x000000d628d00000,0x000000d628e00000] [id=15380]
  0x0000022a9c970800 ConcurrentGCThread "G1 Conc#1" [stack: 0x000000d62b000000,0x000000d62b100000] [id=22308]
  0x0000022afe6ae000 ConcurrentGCThread "G1 Refine#0" [stack: 0x000000d628e00000,0x000000d628f00000] [id=18784]
  0x0000022aa33e1000 ConcurrentGCThread "G1 Refine#1" [stack: 0x000000d633b00000,0x000000d633c00000] [id=15984]
  0x0000022a9aa3c800 ConcurrentGCThread "G1 Young RemSet Sampling" [stack: 0x000000d628f00000,0x000000d629000000] [id=12300]

Threads with active compile tasks:
C2 CompilerThread0 113202 19985   !   4       java.util.zip.ZipFile$ZipEntryIterator::next (76 bytes)
C1 CompilerThread0 113202 20485       3       com.android.tools.r8.v.b.X::E (324 bytes)
C2 CompilerThread1 113202 19999       4       org.gradle.api.internal.artifacts.transform.TransformationStep$$Lambda$716/0x0000000100ae6c40::apply (20 bytes)
C2 CompilerThread2 113202 20495       4       com.android.tools.r8.v.b.Y::next (114 bytes)

VM state:not at safepoint (normal execution)

VM Mutex/Monitor currently owned by a thread: None

Heap address: 0x0000000080000000, size: 2048 MB, Compressed Oops mode: 32-bit
Narrow klass base: 0x0000000000000000, Narrow klass shift: 3
Compressed class space size: 1073741824 Address: 0x0000000100000000

Heap:
 garbage-first heap   total 267264K, used 151861K [0x0000000080000000, 0x0000000100000000)
  region size 1024K, 24 young (24576K), 11 survivors (11264K)
 Metaspace       used 126054K, capacity 129376K, committed 129920K, reserved 1161216K
  class space    used 15798K, capacity 17080K, committed 17280K, reserved 1048576K
Heap Regions: E=young(eden), S=young(survivor), O=old, HS=humongous(starts), HC=humongous(continues), CS=collection set, F=free, A=archive, TAMS=top-at-mark-start (previous, next)
|   0|0x0000000080000000, 0x0000000080100000, 0x0000000080100000|100%| O|  |TAMS 0x0000000080100000, 0x0000000080100000| Untracked 
|   1|0x0000000080100000, 0x0000000080200000, 0x0000000080200000|100%| O|  |TAMS 0x0000000080200000, 0x0000000080200000| Untracked 
|   2|0x0000000080200000, 0x0000000080300000, 0x0000000080300000|100%| O|  |TAMS 0x0000000080300000, 0x0000000080300000| Untracked 
|   3|0x0000000080300000, 0x0000000080400000, 0x0000000080400000|100%|HS|  |TAMS 0x0000000080400000, 0x0000000080400000| Complete 
|   4|0x0000000080400000, 0x0000000080500000, 0x0000000080500000|100%|HC|  |TAMS 0x0000000080500000, 0x0000000080500000| Complete 
|   5|0x0000000080500000, 0x0000000080600000, 0x0000000080600000|100%|HC|  |TAMS 0x0000000080600000, 0x0000000080600000| Complete 
|   6|0x0000000080600000, 0x0000000080700000, 0x0000000080700000|100%| O|  |TAMS 0x0000000080700000, 0x0000000080700000| Untracked 
|   7|0x0000000080700000, 0x0000000080800000, 0x0000000080800000|100%| O|  |TAMS 0x0000000080800000, 0x0000000080800000| Untracked 
|   8|0x0000000080800000, 0x0000000080900000, 0x0000000080900000|100%| O|  |TAMS 0x0000000080900000, 0x0000000080900000| Untracked 
|   9|0x0000000080900000, 0x0000000080a00000, 0x0000000080a00000|100%| O|  |TAMS 0x0000000080a00000, 0x0000000080a00000| Untracked 
|  10|0x0000000080a00000, 0x0000000080b00000, 0x0000000080b00000|100%| O|  |TAMS 0x0000000080b00000, 0x0000000080b00000| Untracked 
|  11|0x0000000080b00000, 0x0000000080c00000, 0x0000000080c00000|100%| O|  |TAMS 0x0000000080c00000, 0x0000000080c00000| Untracked 
|  12|0x0000000080c00000, 0x0000000080d00000, 0x0000000080d00000|100%| O|  |TAMS 0x0000000080d00000, 0x0000000080d00000| Untracked 
|  13|0x0000000080d00000, 0x0000000080e00000, 0x0000000080e00000|100%| O|  |TAMS 0x0000000080e00000, 0x0000000080e00000| Untracked 
|  14|0x0000000080e00000, 0x0000000080f00000, 0x0000000080f00000|100%| O|  |TAMS 0x0000000080f00000, 0x0000000080f00000| Untracked 
|  15|0x0000000080f00000, 0x0000000081000000, 0x0000000081000000|100%| O|  |TAMS 0x0000000081000000, 0x0000000081000000| Untracked 
|  16|0x0000000081000000, 0x0000000081100000, 0x0000000081100000|100%|HS|  |TAMS 0x0000000081100000, 0x0000000081100000| Complete 
|  17|0x0000000081100000, 0x0000000081200000, 0x0000000081200000|100%|HS|  |TAMS 0x0000000081200000, 0x0000000081200000| Complete 
|  18|0x0000000081200000, 0x0000000081300000, 0x0000000081300000|100%|HS|  |TAMS 0x0000000081300000, 0x0000000081300000| Complete 
|  19|0x0000000081300000, 0x0000000081400000, 0x0000000081400000|100%|HC|  |TAMS 0x0000000081400000, 0x0000000081400000| Complete 
|  20|0x0000000081400000, 0x0000000081500000, 0x0000000081500000|100%|HC|  |TAMS 0x0000000081500000, 0x0000000081500000| Complete 
|  21|0x0000000081500000, 0x0000000081600000, 0x0000000081600000|100%|HS|  |TAMS 0x0000000081600000, 0x0000000081600000| Complete 
|  22|0x0000000081600000, 0x0000000081700000, 0x0000000081700000|100%|HC|  |TAMS 0x0000000081700000, 0x0000000081700000| Complete 
|  23|0x0000000081700000, 0x0000000081800000, 0x0000000081800000|100%| O|  |TAMS 0x0000000081800000, 0x0000000081800000| Untracked 
|  24|0x0000000081800000, 0x0000000081900000, 0x0000000081900000|100%| O|  |TAMS 0x0000000081900000, 0x0000000081900000| Untracked 
|  25|0x0000000081900000, 0x0000000081a00000, 0x0000000081a00000|100%| O|  |TAMS 0x0000000081a00000, 0x0000000081a00000| Untracked 
|  26|0x0000000081a00000, 0x0000000081b00000, 0x0000000081b00000|100%| O|  |TAMS 0x0000000081b00000, 0x0000000081b00000| Untracked 
|  27|0x0000000081b00000, 0x0000000081c00000, 0x0000000081c00000|100%| O|  |TAMS 0x0000000081c00000, 0x0000000081c00000| Untracked 
|  28|0x0000000081c00000, 0x0000000081d00000, 0x0000000081d00000|100%| O|  |TAMS 0x0000000081d00000, 0x0000000081d00000| Untracked 
|  29|0x0000000081d00000, 0x0000000081e00000, 0x0000000081e00000|100%| O|  |TAMS 0x0000000081e00000, 0x0000000081e00000| Untracked 
|  30|0x0000000081e00000, 0x0000000081f00000, 0x0000000081f00000|100%| O|  |TAMS 0x0000000081f00000, 0x0000000081f00000| Untracked 
|  31|0x0000000081f00000, 0x0000000082000000, 0x0000000082000000|100%| O|  |TAMS 0x0000000082000000, 0x0000000082000000| Untracked 
|  32|0x0000000082000000, 0x0000000082100000, 0x0000000082100000|100%| O|  |TAMS 0x0000000082100000, 0x0000000082100000| Untracked 
|  33|0x0000000082100000, 0x0000000082200000, 0x0000000082200000|100%| O|  |TAMS 0x0000000082200000, 0x0000000082200000| Untracked 
|  34|0x0000000082200000, 0x0000000082300000, 0x0000000082300000|100%| O|  |TAMS 0x0000000082300000, 0x0000000082300000| Untracked 
|  35|0x0000000082300000, 0x0000000082400000, 0x0000000082400000|100%| O|  |TAMS 0x0000000082400000, 0x0000000082400000| Untracked 
|  36|0x0000000082400000, 0x0000000082500000, 0x0000000082500000|100%| O|  |TAMS 0x0000000082400000, 0x0000000082500000| Untracked 
|  37|0x0000000082500000, 0x0000000082600000, 0x0000000082600000|100%| O|  |TAMS 0x0000000082600000, 0x0000000082600000| Untracked 
|  38|0x0000000082600000, 0x0000000082700000, 0x0000000082700000|100%| O|  |TAMS 0x0000000082700000, 0x0000000082700000| Untracked 
|  39|0x0000000082700000, 0x0000000082800000, 0x0000000082800000|100%| O|  |TAMS 0x0000000082800000, 0x0000000082800000| Untracked 
|  40|0x0000000082800000, 0x0000000082900000, 0x0000000082900000|100%| O|  |TAMS 0x0000000082900000, 0x0000000082900000| Untracked 
|  41|0x0000000082900000, 0x0000000082a00000, 0x0000000082a00000|100%| O|  |TAMS 0x0000000082a00000, 0x0000000082a00000| Untracked 
|  42|0x0000000082a00000, 0x0000000082b00000, 0x0000000082b00000|100%| O|  |TAMS 0x0000000082b00000, 0x0000000082b00000| Untracked 
|  43|0x0000000082b00000, 0x0000000082c00000, 0x0000000082c00000|100%| O|  |TAMS 0x0000000082c00000, 0x0000000082c00000| Untracked 
|  44|0x0000000082c00000, 0x0000000082d00000, 0x0000000082d00000|100%| O|  |TAMS 0x0000000082d00000, 0x0000000082d00000| Untracked 
|  45|0x0000000082d00000, 0x0000000082e00000, 0x0000000082e00000|100%| O|  |TAMS 0x0000000082e00000, 0x0000000082e00000| Untracked 
|  46|0x0000000082e00000, 0x0000000082f00000, 0x0000000082f00000|100%| O|  |TAMS 0x0000000082f00000, 0x0000000082f00000| Untracked 
|  47|0x0000000082f00000, 0x0000000083000000, 0x0000000083000000|100%| O|  |TAMS 0x0000000083000000, 0x0000000083000000| Untracked 
|  48|0x0000000083000000, 0x0000000083100000, 0x0000000083100000|100%| O|  |TAMS 0x0000000083100000, 0x0000000083100000| Untracked 
|  49|0x0000000083100000, 0x0000000083200000, 0x0000000083200000|100%| O|  |TAMS 0x0000000083200000, 0x0000000083200000| Untracked 
|  50|0x0000000083200000, 0x0000000083300000, 0x0000000083300000|100%| O|  |TAMS 0x0000000083300000, 0x0000000083300000| Untracked 
|  51|0x0000000083300000, 0x0000000083400000, 0x0000000083400000|100%| O|  |TAMS 0x0000000083400000, 0x0000000083400000| Untracked 
|  52|0x0000000083400000, 0x0000000083500000, 0x0000000083500000|100%| O|  |TAMS 0x0000000083500000, 0x0000000083500000| Untracked 
|  53|0x0000000083500000, 0x0000000083600000, 0x0000000083600000|100%| O|  |TAMS 0x0000000083600000, 0x0000000083600000| Untracked 
|  54|0x0000000083600000, 0x0000000083700000, 0x0000000083700000|100%| O|  |TAMS 0x0000000083700000, 0x0000000083700000| Untracked 
|  55|0x0000000083700000, 0x0000000083800000, 0x0000000083800000|100%| O|  |TAMS 0x0000000083800000, 0x0000000083800000| Untracked 
|  56|0x0000000083800000, 0x0000000083900000, 0x0000000083900000|100%| O|  |TAMS 0x0000000083900000, 0x0000000083900000| Untracked 
|  57|0x0000000083900000, 0x0000000083a00000, 0x0000000083a00000|100%| O|  |TAMS 0x0000000083900000, 0x0000000083a00000| Untracked 
|  58|0x0000000083a00000, 0x0000000083b00000, 0x0000000083b00000|100%| O|  |TAMS 0x0000000083b00000, 0x0000000083b00000| Untracked 
|  59|0x0000000083b00000, 0x0000000083c00000, 0x0000000083c00000|100%| O|  |TAMS 0x0000000083c00000, 0x0000000083c00000| Untracked 
|  60|0x0000000083c00000, 0x0000000083d00000, 0x0000000083d00000|100%| O|  |TAMS 0x0000000083c00000, 0x0000000083d00000| Untracked 
|  61|0x0000000083d00000, 0x0000000083e00000, 0x0000000083e00000|100%| O|  |TAMS 0x0000000083e00000, 0x0000000083e00000| Untracked 
|  62|0x0000000083e00000, 0x0000000083f00000, 0x0000000083f00000|100%| O|  |TAMS 0x0000000083f00000, 0x0000000083f00000| Untracked 
|  63|0x0000000083f00000, 0x0000000084000000, 0x0000000084000000|100%| O|  |TAMS 0x0000000083f00000, 0x0000000084000000| Untracked 
|  64|0x0000000084000000, 0x0000000084100000, 0x0000000084100000|100%| O|  |TAMS 0x0000000084000000, 0x0000000084100000| Untracked 
|  65|0x0000000084100000, 0x0000000084200000, 0x0000000084200000|100%| O|  |TAMS 0x0000000084200000, 0x0000000084200000| Untracked 
|  66|0x0000000084200000, 0x0000000084300000, 0x0000000084300000|100%| O|  |TAMS 0x0000000084300000, 0x0000000084300000| Untracked 
|  67|0x0000000084300000, 0x0000000084400000, 0x0000000084400000|100%| O|  |TAMS 0x0000000084400000, 0x0000000084400000| Untracked 
|  68|0x0000000084400000, 0x0000000084500000, 0x0000000084500000|100%| O|  |TAMS 0x0000000084500000, 0x0000000084500000| Untracked 
|  69|0x0000000084500000, 0x0000000084600000, 0x0000000084600000|100%| O|  |TAMS 0x0000000084600000, 0x0000000084600000| Untracked 
|  70|0x0000000084600000, 0x0000000084700000, 0x0000000084700000|100%| O|  |TAMS 0x0000000084700000, 0x0000000084700000| Untracked 
|  71|0x0000000084700000, 0x0000000084800000, 0x0000000084800000|100%| O|  |TAMS 0x0000000084800000, 0x0000000084800000| Untracked 
|  72|0x0000000084800000, 0x0000000084900000, 0x0000000084900000|100%| O|  |TAMS 0x0000000084900000, 0x0000000084900000| Untracked 
|  73|0x0000000084900000, 0x0000000084a00000, 0x0000000084a00000|100%| O|  |TAMS 0x0000000084900000, 0x0000000084a00000| Untracked 
|  74|0x0000000084a00000, 0x0000000084b00000, 0x0000000084b00000|100%| O|  |TAMS 0x0000000084b00000, 0x0000000084b00000| Untracked 
|  75|0x0000000084b00000, 0x0000000084c00000, 0x0000000084c00000|100%| O|  |TAMS 0x0000000084c00000, 0x0000000084c00000| Untracked 
|  76|0x0000000084c00000, 0x0000000084d00000, 0x0000000084d00000|100%| O|  |TAMS 0x0000000084d00000, 0x0000000084d00000| Untracked 
|  77|0x0000000084d00000, 0x0000000084e00000, 0x0000000084e00000|100%| O|  |TAMS 0x0000000084d00000, 0x0000000084e00000| Untracked 
|  78|0x0000000084e00000, 0x0000000084f00000, 0x0000000084f00000|100%| O|  |TAMS 0x0000000084e00000, 0x0000000084f00000| Untracked 
|  79|0x0000000084f00000, 0x0000000085000000, 0x0000000085000000|100%| O|  |TAMS 0x0000000085000000, 0x0000000085000000| Untracked 
|  80|0x0000000085000000, 0x0000000085100000, 0x0000000085100000|100%|HS|  |TAMS 0x0000000085000000, 0x0000000085100000| Complete 
|  81|0x0000000085100000, 0x0000000085200000, 0x0000000085200000|100%|HC|  |TAMS 0x0000000085100000, 0x0000000085200000| Complete 
|  82|0x0000000085200000, 0x0000000085300000, 0x0000000085300000|100%| O|  |TAMS 0x0000000085300000, 0x0000000085300000| Untracked 
|  83|0x0000000085300000, 0x0000000085400000, 0x0000000085400000|100%| O|  |TAMS 0x0000000085400000, 0x0000000085400000| Untracked 
|  84|0x0000000085400000, 0x0000000085500000, 0x0000000085500000|100%| O|  |TAMS 0x00000000854fae00, 0x0000000085500000| Untracked 
|  85|0x0000000085500000, 0x0000000085600000, 0x0000000085600000|100%| O|  |TAMS 0x0000000085600000, 0x0000000085600000| Untracked 
|  86|0x0000000085600000, 0x0000000085700000, 0x0000000085700000|100%| O|  |TAMS 0x0000000085700000, 0x0000000085700000| Untracked 
|  87|0x0000000085700000, 0x0000000085800000, 0x0000000085800000|100%| O|  |TAMS 0x0000000085700000, 0x0000000085800000| Untracked 
|  88|0x0000000085800000, 0x0000000085900000, 0x0000000085900000|100%| O|  |TAMS 0x0000000085900000, 0x0000000085900000| Untracked 
|  89|0x0000000085900000, 0x0000000085a00000, 0x0000000085a00000|100%| O|  |TAMS 0x0000000085900000, 0x0000000085a00000| Untracked 
|  90|0x0000000085a00000, 0x0000000085b00000, 0x0000000085b00000|100%| O|  |TAMS 0x0000000085a00000, 0x0000000085b00000| Untracked 
|  91|0x0000000085b00000, 0x0000000085c00000, 0x0000000085c00000|100%| O|  |TAMS 0x0000000085b00000, 0x0000000085c00000| Untracked 
|  92|0x0000000085c00000, 0x0000000085d00000, 0x0000000085d00000|100%| O|  |TAMS 0x0000000085d00000, 0x0000000085d00000| Untracked 
|  93|0x0000000085d00000, 0x0000000085e00000, 0x0000000085e00000|100%| O|  |TAMS 0x0000000085e00000, 0x0000000085e00000| Untracked 
|  94|0x0000000085e00000, 0x0000000085f00000, 0x0000000085f00000|100%| O|  |TAMS 0x0000000085f00000, 0x0000000085f00000| Untracked 
|  95|0x0000000085f00000, 0x0000000086000000, 0x0000000086000000|100%| O|  |TAMS 0x0000000085f00000, 0x0000000086000000| Untracked 
|  96|0x0000000086000000, 0x0000000086100000, 0x0000000086100000|100%| O|  |TAMS 0x0000000086100000, 0x0000000086100000| Untracked 
|  97|0x0000000086100000, 0x0000000086200000, 0x0000000086200000|100%| O|  |TAMS 0x0000000086100000, 0x0000000086200000| Untracked 
|  98|0x0000000086200000, 0x0000000086300000, 0x0000000086300000|100%| O|  |TAMS 0x0000000086300000, 0x0000000086300000| Untracked 
|  99|0x0000000086300000, 0x000000008634d400, 0x0000000086400000| 30%| O|  |TAMS 0x0000000086300000, 0x000000008634d400| Untracked 
| 100|0x0000000086400000, 0x0000000086500000, 0x0000000086500000|100%| O|  |TAMS 0x0000000086400000, 0x0000000086500000| Untracked 
| 101|0x0000000086500000, 0x0000000086500000, 0x0000000086600000|  0%| F|  |TAMS 0x0000000086500000, 0x0000000086500000| Untracked 
| 102|0x0000000086600000, 0x0000000086700000, 0x0000000086700000|100%| O|  |TAMS 0x0000000086600000, 0x0000000086700000| Untracked 
| 103|0x0000000086700000, 0x0000000086800000, 0x0000000086800000|100%| O|  |TAMS 0x0000000086700000, 0x0000000086800000| Untracked 
| 104|0x0000000086800000, 0x0000000086900000, 0x0000000086900000|100%| O|  |TAMS 0x0000000086800000, 0x0000000086900000| Untracked 
| 105|0x0000000086900000, 0x0000000086a00000, 0x0000000086a00000|100%| O|  |TAMS 0x0000000086900000, 0x0000000086a00000| Untracked 
| 106|0x0000000086a00000, 0x0000000086b00000, 0x0000000086b00000|100%| O|  |TAMS 0x0000000086a00000, 0x0000000086b00000| Untracked 
| 107|0x0000000086b00000, 0x0000000086c00000, 0x0000000086c00000|100%| O|  |TAMS 0x0000000086b00000, 0x0000000086c00000| Untracked 
| 108|0x0000000086c00000, 0x0000000086d00000, 0x0000000086d00000|100%| O|  |TAMS 0x0000000086d00000, 0x0000000086d00000| Untracked 
| 109|0x0000000086d00000, 0x0000000086e00000, 0x0000000086e00000|100%| O|  |TAMS 0x0000000086d00000, 0x0000000086e00000| Untracked 
| 110|0x0000000086e00000, 0x0000000086f00000, 0x0000000086f00000|100%| O|  |TAMS 0x0000000086f00000, 0x0000000086f00000| Untracked 
| 111|0x0000000086f00000, 0x0000000086f00000, 0x0000000087000000|  0%| F|  |TAMS 0x0000000086f00000, 0x0000000086f00000| Untracked 
| 112|0x0000000087000000, 0x0000000087100000, 0x0000000087100000|100%| O|  |TAMS 0x0000000087000000, 0x0000000087100000| Untracked 
| 113|0x0000000087100000, 0x0000000087200000, 0x0000000087200000|100%| O|  |TAMS 0x0000000087200000, 0x0000000087200000| Untracked 
| 114|0x0000000087200000, 0x0000000087300000, 0x0000000087300000|100%| O|  |TAMS 0x0000000087300000, 0x0000000087300000| Untracked 
| 115|0x0000000087300000, 0x0000000087400000, 0x0000000087400000|100%| O|  |TAMS 0x0000000087400000, 0x0000000087400000| Untracked 
| 116|0x0000000087400000, 0x0000000087400000, 0x0000000087500000|  0%| F|  |TAMS 0x0000000087400000, 0x0000000087400000| Untracked 
| 117|0x0000000087500000, 0x0000000087500000, 0x0000000087600000|  0%| F|  |TAMS 0x0000000087500000, 0x0000000087500000| Untracked 
| 118|0x0000000087600000, 0x0000000087600000, 0x0000000087700000|  0%| F|  |TAMS 0x0000000087600000, 0x0000000087600000| Untracked 
| 119|0x0000000087700000, 0x0000000087700000, 0x0000000087800000|  0%| F|  |TAMS 0x0000000087700000, 0x0000000087700000| Untracked 
| 120|0x0000000087800000, 0x0000000087800000, 0x0000000087900000|  0%| F|  |TAMS 0x0000000087800000, 0x0000000087800000| Untracked 
| 121|0x0000000087900000, 0x0000000087a00000, 0x0000000087a00000|100%| O|  |TAMS 0x0000000087900000, 0x0000000087a00000| Untracked 
| 122|0x0000000087a00000, 0x0000000087b00000, 0x0000000087b00000|100%| O|  |TAMS 0x0000000087b00000, 0x0000000087b00000| Untracked 
| 123|0x0000000087b00000, 0x0000000087b00000, 0x0000000087c00000|  0%| F|  |TAMS 0x0000000087b00000, 0x0000000087b00000| Untracked 
| 124|0x0000000087c00000, 0x0000000087c00000, 0x0000000087d00000|  0%| F|  |TAMS 0x0000000087c00000, 0x0000000087c00000| Untracked 
| 125|0x0000000087d00000, 0x0000000087d00000, 0x0000000087e00000|  0%| F|  |TAMS 0x0000000087d00000, 0x0000000087d00000| Untracked 
| 126|0x0000000087e00000, 0x0000000087e00000, 0x0000000087f00000|  0%| F|  |TAMS 0x0000000087e00000, 0x0000000087e00000| Untracked 
| 127|0x0000000087f00000, 0x0000000087f00000, 0x0000000088000000|  0%| F|  |TAMS 0x0000000087f00000, 0x0000000087f00000| Untracked 
| 128|0x0000000088000000, 0x0000000088000000, 0x0000000088100000|  0%| F|  |TAMS 0x0000000088000000, 0x0000000088000000| Untracked 
| 129|0x0000000088100000, 0x0000000088100000, 0x0000000088200000|  0%| F|  |TAMS 0x0000000088100000, 0x0000000088100000| Untracked 
| 130|0x0000000088200000, 0x0000000088200000, 0x0000000088300000|  0%| F|  |TAMS 0x0000000088200000, 0x0000000088200000| Untracked 
| 131|0x0000000088300000, 0x0000000088300000, 0x0000000088400000|  0%| F|  |TAMS 0x0000000088300000, 0x0000000088300000| Untracked 
| 132|0x0000000088400000, 0x0000000088400000, 0x0000000088500000|  0%| F|  |TAMS 0x0000000088400000, 0x0000000088400000| Untracked 
| 133|0x0000000088500000, 0x0000000088500000, 0x0000000088600000|  0%| F|  |TAMS 0x0000000088500000, 0x0000000088500000| Untracked 
| 134|0x0000000088600000, 0x0000000088600000, 0x0000000088700000|  0%| F|  |TAMS 0x0000000088600000, 0x0000000088600000| Untracked 
| 135|0x0000000088700000, 0x0000000088700000, 0x0000000088800000|  0%| F|  |TAMS 0x0000000088700000, 0x0000000088700000| Untracked 
| 136|0x0000000088800000, 0x0000000088800000, 0x0000000088900000|  0%| F|  |TAMS 0x0000000088800000, 0x0000000088800000| Untracked 
| 137|0x0000000088900000, 0x0000000088a00000, 0x0000000088a00000|100%| O|  |TAMS 0x0000000088a00000, 0x0000000088a00000| Untracked 
| 138|0x0000000088a00000, 0x0000000088b00000, 0x0000000088b00000|100%| O|  |TAMS 0x0000000088b00000, 0x0000000088b00000| Untracked 
| 139|0x0000000088b00000, 0x0000000088c00000, 0x0000000088c00000|100%| O|  |TAMS 0x0000000088c00000, 0x0000000088c00000| Untracked 
| 140|0x0000000088c00000, 0x0000000088d00000, 0x0000000088d00000|100%| O|  |TAMS 0x0000000088d00000, 0x0000000088d00000| Untracked 
| 141|0x0000000088d00000, 0x0000000088e00000, 0x0000000088e00000|100%| O|  |TAMS 0x0000000088e00000, 0x0000000088e00000| Untracked 
| 142|0x0000000088e00000, 0x0000000088f00000, 0x0000000088f00000|100%| O|  |TAMS 0x0000000088f00000, 0x0000000088f00000| Untracked 
| 143|0x0000000088f00000, 0x0000000089000000, 0x0000000089000000|100%| O|  |TAMS 0x0000000089000000, 0x0000000089000000| Untracked 
| 144|0x0000000089000000, 0x0000000089100000, 0x0000000089100000|100%| O|  |TAMS 0x0000000089100000, 0x0000000089100000| Untracked 
| 145|0x0000000089100000, 0x0000000089100000, 0x0000000089200000|  0%| F|  |TAMS 0x0000000089100000, 0x0000000089100000| Untracked 
| 146|0x0000000089200000, 0x0000000089200000, 0x0000000089300000|  0%| F|  |TAMS 0x0000000089200000, 0x0000000089200000| Untracked 
| 147|0x0000000089300000, 0x0000000089300000, 0x0000000089400000|  0%| F|  |TAMS 0x0000000089300000, 0x0000000089300000| Untracked 
| 148|0x0000000089400000, 0x0000000089400000, 0x0000000089500000|  0%| F|  |TAMS 0x0000000089400000, 0x0000000089400000| Untracked 
| 149|0x0000000089500000, 0x0000000089500000, 0x0000000089600000|  0%| F|  |TAMS 0x0000000089500000, 0x0000000089500000| Untracked 
| 150|0x0000000089600000, 0x0000000089600000, 0x0000000089700000|  0%| F|  |TAMS 0x0000000089600000, 0x0000000089600000| Untracked 
| 151|0x0000000089700000, 0x0000000089700000, 0x0000000089800000|  0%| F|  |TAMS 0x0000000089700000, 0x0000000089700000| Untracked 
| 152|0x0000000089800000, 0x0000000089800000, 0x0000000089900000|  0%| F|  |TAMS 0x0000000089800000, 0x0000000089800000| Untracked 
| 153|0x0000000089900000, 0x0000000089900000, 0x0000000089a00000|  0%| F|  |TAMS 0x0000000089900000, 0x0000000089900000| Untracked 
| 154|0x0000000089a00000, 0x0000000089a00000, 0x0000000089b00000|  0%| F|  |TAMS 0x0000000089a00000, 0x0000000089a00000| Untracked 
| 155|0x0000000089b00000, 0x0000000089b00000, 0x0000000089c00000|  0%| F|  |TAMS 0x0000000089b00000, 0x0000000089b00000| Untracked 
| 156|0x0000000089c00000, 0x0000000089c00000, 0x0000000089d00000|  0%| F|  |TAMS 0x0000000089c00000, 0x0000000089c00000| Untracked 
| 157|0x0000000089d00000, 0x0000000089d00000, 0x0000000089e00000|  0%| F|  |TAMS 0x0000000089d00000, 0x0000000089d00000| Untracked 
| 158|0x0000000089e00000, 0x0000000089e00000, 0x0000000089f00000|  0%| F|  |TAMS 0x0000000089e00000, 0x0000000089e00000| Untracked 
| 159|0x0000000089f00000, 0x0000000089f00000, 0x000000008a000000|  0%| F|  |TAMS 0x0000000089f00000, 0x0000000089f00000| Untracked 
| 160|0x000000008a000000, 0x000000008a000000, 0x000000008a100000|  0%| F|  |TAMS 0x000000008a000000, 0x000000008a000000| Untracked 
| 161|0x000000008a100000, 0x000000008a100000, 0x000000008a200000|  0%| F|  |TAMS 0x000000008a100000, 0x000000008a100000| Untracked 
| 162|0x000000008a200000, 0x000000008a200000, 0x000000008a300000|  0%| F|  |TAMS 0x000000008a200000, 0x000000008a200000| Untracked 
| 163|0x000000008a300000, 0x000000008a300000, 0x000000008a400000|  0%| F|  |TAMS 0x000000008a300000, 0x000000008a300000| Untracked 
| 164|0x000000008a400000, 0x000000008a400000, 0x000000008a500000|  0%| F|  |TAMS 0x000000008a400000, 0x000000008a400000| Untracked 
| 165|0x000000008a500000, 0x000000008a500000, 0x000000008a600000|  0%| F|  |TAMS 0x000000008a500000, 0x000000008a500000| Untracked 
| 166|0x000000008a600000, 0x000000008a700000, 0x000000008a700000|100%| S|CS|TAMS 0x000000008a600000, 0x000000008a600000| Complete 
| 167|0x000000008a700000, 0x000000008a800000, 0x000000008a800000|100%| S|CS|TAMS 0x000000008a700000, 0x000000008a700000| Complete 
| 168|0x000000008a800000, 0x000000008a900000, 0x000000008a900000|100%| S|CS|TAMS 0x000000008a800000, 0x000000008a800000| Complete 
| 169|0x000000008a900000, 0x000000008aa00000, 0x000000008aa00000|100%| S|CS|TAMS 0x000000008a900000, 0x000000008a900000| Complete 
| 170|0x000000008aa00000, 0x000000008ab00000, 0x000000008ab00000|100%| S|CS|TAMS 0x000000008aa00000, 0x000000008aa00000| Complete 
| 171|0x000000008ab00000, 0x000000008ac00000, 0x000000008ac00000|100%| S|CS|TAMS 0x000000008ab00000, 0x000000008ab00000| Complete 
| 172|0x000000008ac00000, 0x000000008ad00000, 0x000000008ad00000|100%| S|CS|TAMS 0x000000008ac00000, 0x000000008ac00000| Complete 
| 173|0x000000008ad00000, 0x000000008ae00000, 0x000000008ae00000|100%| S|CS|TAMS 0x000000008ad00000, 0x000000008ad00000| Complete 
| 174|0x000000008ae00000, 0x000000008af00000, 0x000000008af00000|100%| S|CS|TAMS 0x000000008ae00000, 0x000000008ae00000| Complete 
| 175|0x000000008af00000, 0x000000008b000000, 0x000000008b000000|100%| S|CS|TAMS 0x000000008af00000, 0x000000008af00000| Complete 
| 176|0x000000008b000000, 0x000000008b100000, 0x000000008b100000|100%| S|CS|TAMS 0x000000008b000000, 0x000000008b000000| Complete 
| 177|0x000000008b100000, 0x000000008b100000, 0x000000008b200000|  0%| F|  |TAMS 0x000000008b100000, 0x000000008b100000| Untracked 
| 178|0x000000008b200000, 0x000000008b200000, 0x000000008b300000|  0%| F|  |TAMS 0x000000008b200000, 0x000000008b200000| Untracked 
| 179|0x000000008b300000, 0x000000008b300000, 0x000000008b400000|  0%| F|  |TAMS 0x000000008b300000, 0x000000008b300000| Untracked 
| 180|0x000000008b400000, 0x000000008b400000, 0x000000008b500000|  0%| F|  |TAMS 0x000000008b400000, 0x000000008b400000| Untracked 
| 181|0x000000008b500000, 0x000000008b500000, 0x000000008b600000|  0%| F|  |TAMS 0x000000008b500000, 0x000000008b500000| Untracked 
| 182|0x000000008b600000, 0x000000008b600000, 0x000000008b700000|  0%| F|  |TAMS 0x000000008b600000, 0x000000008b600000| Untracked 
| 183|0x000000008b700000, 0x000000008b700000, 0x000000008b800000|  0%| F|  |TAMS 0x000000008b700000, 0x000000008b700000| Untracked 
| 184|0x000000008b800000, 0x000000008b800000, 0x000000008b900000|  0%| F|  |TAMS 0x000000008b800000, 0x000000008b800000| Untracked 
| 185|0x000000008b900000, 0x000000008b900000, 0x000000008ba00000|  0%| F|  |TAMS 0x000000008b900000, 0x000000008b900000| Untracked 
| 186|0x000000008ba00000, 0x000000008ba00000, 0x000000008bb00000|  0%| F|  |TAMS 0x000000008ba00000, 0x000000008ba00000| Untracked 
| 187|0x000000008bb00000, 0x000000008bb00000, 0x000000008bc00000|  0%| F|  |TAMS 0x000000008bb00000, 0x000000008bb00000| Untracked 
| 188|0x000000008bc00000, 0x000000008bc00000, 0x000000008bd00000|  0%| F|  |TAMS 0x000000008bc00000, 0x000000008bc00000| Untracked 
| 189|0x000000008bd00000, 0x000000008bd00000, 0x000000008be00000|  0%| F|  |TAMS 0x000000008bd00000, 0x000000008bd00000| Untracked 
| 190|0x000000008be00000, 0x000000008be00000, 0x000000008bf00000|  0%| F|  |TAMS 0x000000008be00000, 0x000000008be00000| Untracked 
| 191|0x000000008bf00000, 0x000000008bf00000, 0x000000008c000000|  0%| F|  |TAMS 0x000000008bf00000, 0x000000008bf00000| Untracked 
| 192|0x000000008c000000, 0x000000008c000000, 0x000000008c100000|  0%| F|  |TAMS 0x000000008c000000, 0x000000008c000000| Untracked 
| 193|0x000000008c100000, 0x000000008c100000, 0x000000008c200000|  0%| F|  |TAMS 0x000000008c100000, 0x000000008c100000| Untracked 
| 194|0x000000008c200000, 0x000000008c200000, 0x000000008c300000|  0%| F|  |TAMS 0x000000008c200000, 0x000000008c200000| Untracked 
| 195|0x000000008c300000, 0x000000008c300000, 0x000000008c400000|  0%| F|  |TAMS 0x000000008c300000, 0x000000008c300000| Untracked 
| 196|0x000000008c400000, 0x000000008c400000, 0x000000008c500000|  0%| F|  |TAMS 0x000000008c400000, 0x000000008c400000| Untracked 
| 197|0x000000008c500000, 0x000000008c500000, 0x000000008c600000|  0%| F|  |TAMS 0x000000008c500000, 0x000000008c500000| Untracked 
| 198|0x000000008c600000, 0x000000008c600000, 0x000000008c700000|  0%| F|  |TAMS 0x000000008c600000, 0x000000008c600000| Untracked 
| 199|0x000000008c700000, 0x000000008c700000, 0x000000008c800000|  0%| F|  |TAMS 0x000000008c700000, 0x000000008c700000| Untracked 
| 200|0x000000008c800000, 0x000000008c800000, 0x000000008c900000|  0%| F|  |TAMS 0x000000008c800000, 0x000000008c800000| Untracked 
| 201|0x000000008c900000, 0x000000008c900000, 0x000000008ca00000|  0%| F|  |TAMS 0x000000008c900000, 0x000000008c900000| Untracked 
| 202|0x000000008ca00000, 0x000000008ca00000, 0x000000008cb00000|  0%| F|  |TAMS 0x000000008ca00000, 0x000000008ca00000| Untracked 
| 203|0x000000008cb00000, 0x000000008cb00000, 0x000000008cc00000|  0%| F|  |TAMS 0x000000008cb00000, 0x000000008cb00000| Untracked 
| 204|0x000000008cc00000, 0x000000008cc00000, 0x000000008cd00000|  0%| F|  |TAMS 0x000000008cc00000, 0x000000008cc00000| Untracked 
| 205|0x000000008cd00000, 0x000000008cd00000, 0x000000008ce00000|  0%| F|  |TAMS 0x000000008cd00000, 0x000000008cd00000| Untracked 
| 206|0x000000008ce00000, 0x000000008ce00000, 0x000000008cf00000|  0%| F|  |TAMS 0x000000008ce00000, 0x000000008ce00000| Untracked 
| 207|0x000000008cf00000, 0x000000008cf00000, 0x000000008d000000|  0%| F|  |TAMS 0x000000008cf00000, 0x000000008cf00000| Untracked 
| 208|0x000000008d000000, 0x000000008d000000, 0x000000008d100000|  0%| F|  |TAMS 0x000000008d000000, 0x000000008d000000| Untracked 
| 209|0x000000008d100000, 0x000000008d100000, 0x000000008d200000|  0%| F|  |TAMS 0x000000008d100000, 0x000000008d100000| Untracked 
| 210|0x000000008d200000, 0x000000008d200000, 0x000000008d300000|  0%| F|  |TAMS 0x000000008d200000, 0x000000008d200000| Untracked 
| 211|0x000000008d300000, 0x000000008d300000, 0x000000008d400000|  0%| F|  |TAMS 0x000000008d300000, 0x000000008d300000| Untracked 
| 212|0x000000008d400000, 0x000000008d400000, 0x000000008d500000|  0%| F|  |TAMS 0x000000008d400000, 0x000000008d400000| Untracked 
| 213|0x000000008d500000, 0x000000008d500000, 0x000000008d600000|  0%| F|  |TAMS 0x000000008d500000, 0x000000008d500000| Untracked 
| 214|0x000000008d600000, 0x000000008d600000, 0x000000008d700000|  0%| F|  |TAMS 0x000000008d600000, 0x000000008d600000| Untracked 
| 215|0x000000008d700000, 0x000000008d700000, 0x000000008d800000|  0%| F|  |TAMS 0x000000008d700000, 0x000000008d700000| Untracked 
| 216|0x000000008d800000, 0x000000008d800000, 0x000000008d900000|  0%| F|  |TAMS 0x000000008d800000, 0x000000008d800000| Untracked 
| 217|0x000000008d900000, 0x000000008d900000, 0x000000008da00000|  0%| F|  |TAMS 0x000000008d900000, 0x000000008d900000| Untracked 
| 218|0x000000008da00000, 0x000000008da00000, 0x000000008db00000|  0%| F|  |TAMS 0x000000008da00000, 0x000000008da00000| Untracked 
| 219|0x000000008db00000, 0x000000008db00000, 0x000000008dc00000|  0%| F|  |TAMS 0x000000008db00000, 0x000000008db00000| Untracked 
| 220|0x000000008dc00000, 0x000000008dc00000, 0x000000008dd00000|  0%| F|  |TAMS 0x000000008dc00000, 0x000000008dc00000| Untracked 
| 221|0x000000008dd00000, 0x000000008dd00000, 0x000000008de00000|  0%| F|  |TAMS 0x000000008dd00000, 0x000000008dd00000| Untracked 
| 222|0x000000008de00000, 0x000000008de00000, 0x000000008df00000|  0%| F|  |TAMS 0x000000008de00000, 0x000000008de00000| Untracked 
| 223|0x000000008df00000, 0x000000008df00000, 0x000000008e000000|  0%| F|  |TAMS 0x000000008df00000, 0x000000008df00000| Untracked 
| 224|0x000000008e000000, 0x000000008e000000, 0x000000008e100000|  0%| F|  |TAMS 0x000000008e000000, 0x000000008e000000| Untracked 
| 225|0x000000008e100000, 0x000000008e100000, 0x000000008e200000|  0%| F|  |TAMS 0x000000008e100000, 0x000000008e100000| Untracked 
| 226|0x000000008e200000, 0x000000008e200000, 0x000000008e300000|  0%| F|  |TAMS 0x000000008e200000, 0x000000008e200000| Untracked 
| 227|0x000000008e300000, 0x000000008e300000, 0x000000008e400000|  0%| F|  |TAMS 0x000000008e300000, 0x000000008e300000| Untracked 
| 228|0x000000008e400000, 0x000000008e400000, 0x000000008e500000|  0%| F|  |TAMS 0x000000008e400000, 0x000000008e400000| Untracked 
| 229|0x000000008e500000, 0x000000008e500000, 0x000000008e600000|  0%| F|  |TAMS 0x000000008e500000, 0x000000008e500000| Untracked 
| 230|0x000000008e600000, 0x000000008e600000, 0x000000008e700000|  0%| F|  |TAMS 0x000000008e600000, 0x000000008e600000| Untracked 
| 231|0x000000008e700000, 0x000000008e700000, 0x000000008e800000|  0%| F|  |TAMS 0x000000008e700000, 0x000000008e700000| Untracked 
| 232|0x000000008e800000, 0x000000008e800000, 0x000000008e900000|  0%| F|  |TAMS 0x000000008e800000, 0x000000008e800000| Untracked 
| 233|0x000000008e900000, 0x000000008e900000, 0x000000008ea00000|  0%| F|  |TAMS 0x000000008e900000, 0x000000008e900000| Untracked 
| 234|0x000000008ea00000, 0x000000008ea00000, 0x000000008eb00000|  0%| F|  |TAMS 0x000000008ea00000, 0x000000008ea00000| Untracked 
| 235|0x000000008eb00000, 0x000000008eb00000, 0x000000008ec00000|  0%| F|  |TAMS 0x000000008eb00000, 0x000000008eb00000| Untracked 
| 236|0x000000008ec00000, 0x000000008ec00000, 0x000000008ed00000|  0%| F|  |TAMS 0x000000008ec00000, 0x000000008ec00000| Untracked 
| 237|0x000000008ed00000, 0x000000008ed00000, 0x000000008ee00000|  0%| F|  |TAMS 0x000000008ed00000, 0x000000008ed00000| Untracked 
| 238|0x000000008ee00000, 0x000000008ee00000, 0x000000008ef00000|  0%| F|  |TAMS 0x000000008ee00000, 0x000000008ee00000| Untracked 
| 239|0x000000008ef00000, 0x000000008ef00000, 0x000000008f000000|  0%| F|  |TAMS 0x000000008ef00000, 0x000000008ef00000| Untracked 
| 240|0x000000008f000000, 0x000000008f000000, 0x000000008f100000|  0%| F|  |TAMS 0x000000008f000000, 0x000000008f000000| Untracked 
| 241|0x000000008f100000, 0x000000008f100000, 0x000000008f200000|  0%| F|  |TAMS 0x000000008f100000, 0x000000008f100000| Untracked 
| 242|0x000000008f200000, 0x000000008f200000, 0x000000008f300000|  0%| F|  |TAMS 0x000000008f200000, 0x000000008f200000| Untracked 
| 243|0x000000008f300000, 0x000000008f300000, 0x000000008f400000|  0%| F|  |TAMS 0x000000008f300000, 0x000000008f300000| Untracked 
| 244|0x000000008f400000, 0x000000008f489e30, 0x000000008f500000| 53%| E|  |TAMS 0x000000008f400000, 0x000000008f400000| Complete 
| 245|0x000000008f500000, 0x000000008f600000, 0x000000008f600000|100%| E|CS|TAMS 0x000000008f500000, 0x000000008f500000| Complete 
| 246|0x000000008f600000, 0x000000008f700000, 0x000000008f700000|100%| E|CS|TAMS 0x000000008f600000, 0x000000008f600000| Complete 
| 247|0x000000008f700000, 0x000000008f800000, 0x000000008f800000|100%| E|CS|TAMS 0x000000008f700000, 0x000000008f700000| Complete 
| 248|0x000000008f800000, 0x000000008f900000, 0x000000008f900000|100%| E|CS|TAMS 0x000000008f800000, 0x000000008f800000| Complete 
| 249|0x000000008f900000, 0x000000008fa00000, 0x000000008fa00000|100%| E|CS|TAMS 0x000000008f900000, 0x000000008f900000| Complete 
| 250|0x000000008fa00000, 0x000000008fb00000, 0x000000008fb00000|100%| E|CS|TAMS 0x000000008fa00000, 0x000000008fa00000| Complete 
| 251|0x000000008fb00000, 0x000000008fc00000, 0x000000008fc00000|100%| E|CS|TAMS 0x000000008fb00000, 0x000000008fb00000| Complete 
| 252|0x000000008fc00000, 0x000000008fd00000, 0x000000008fd00000|100%| E|CS|TAMS 0x000000008fc00000, 0x000000008fc00000| Complete 
| 253|0x000000008fd00000, 0x000000008fe00000, 0x000000008fe00000|100%| E|CS|TAMS 0x000000008fd00000, 0x000000008fd00000| Complete 
| 254|0x000000008fe00000, 0x000000008ff00000, 0x000000008ff00000|100%| E|CS|TAMS 0x000000008fe00000, 0x000000008fe00000| Complete 
| 255|0x000000008ff00000, 0x0000000090000000, 0x0000000090000000|100%| E|CS|TAMS 0x000000008ff00000, 0x000000008ff00000| Complete 
| 256|0x0000000090000000, 0x0000000090100000, 0x0000000090100000|100%| O|  |TAMS 0x0000000090100000, 0x0000000090100000| Untracked 
| 257|0x0000000090100000, 0x0000000090200000, 0x0000000090200000|100%| E|CS|TAMS 0x0000000090100000, 0x0000000090100000| Complete 
| 258|0x0000000090200000, 0x0000000090300000, 0x0000000090300000|100%| O|  |TAMS 0x0000000090300000, 0x0000000090300000| Untracked 
| 259|0x0000000090300000, 0x0000000090400000, 0x0000000090400000|100%| E|CS|TAMS 0x0000000090300000, 0x0000000090300000| Complete 
| 260|0x0000000090400000, 0x0000000090500000, 0x0000000090500000|100%| E|CS|TAMS 0x0000000090400000, 0x0000000090400000| Complete 

Card table byte_map: [0x0000022a938a0000,0x0000022a93ca0000] _byte_map_base: 0x0000022a934a0000

Marking Bits (Prev, Next): (CMBitMap*) 0x0000022afe61ce50, (CMBitMap*) 0x0000022afe61ce18
 Prev Bits: [0x0000022a960a0000, 0x0000022a980a0000)
 Next Bits: [0x0000022a940a0000, 0x0000022a960a0000)

Polling page: 0x0000022a80000000

Metaspace:

Usage:
  Non-class:    109.66 MB capacity,   107.67 MB ( 98%) used,     1.62 MB (  1%) free+waste,   385.69 KB ( <1%) overhead. 
      Class:     16.68 MB capacity,    15.43 MB ( 92%) used,     1.08 MB (  6%) free+waste,   174.25 KB (  1%) overhead. 
       Both:    126.34 MB capacity,   123.10 MB ( 97%) used,     2.70 MB (  2%) free+waste,   559.94 KB ( <1%) overhead. 

Virtual space:
  Non-class space:      110.00 MB reserved,     110.00 MB (100%) committed 
      Class space:        1.00 GB reserved,      16.88 MB (  2%) committed 
             Both:        1.11 GB reserved,     126.88 MB ( 11%) committed 

Chunk freelists:
   Non-Class:  152.00 KB
       Class:  168.00 KB
        Both:  320.00 KB

MaxMetaspaceSize: 17179869184.00 GB
CompressedClassSpaceSize: 1.00 GB

CodeHeap 'non-profiled nmethods': size=120000Kb used=12084Kb max_used=12084Kb free=107915Kb
 bounds [0x0000022a8b500000, 0x0000022a8c0d0000, 0x0000022a92a30000]
CodeHeap 'profiled nmethods': size=120000Kb used=39698Kb max_used=39698Kb free=80301Kb
 bounds [0x0000022a83fd0000, 0x0000022a866a0000, 0x0000022a8b500000]
CodeHeap 'non-nmethods': size=5760Kb used=2365Kb max_used=2421Kb free=3394Kb
 bounds [0x0000022a83a30000, 0x0000022a83ca0000, 0x0000022a83fd0000]
 total_blobs=20114 nmethods=19117 adapters=907
 compilation: enabled
              stopped_count=0, restarted_count=0
 full_count=0

Compilation events (20 events):
Event: 113.117 Thread 0x0000022a9b466800 nmethod 20452 0x0000022a8668bb90 code [0x0000022a8668bde0, 0x0000022a8668c188]
Event: 113.117 Thread 0x0000022a9b466800 20438       2       com.android.tools.r8.graph.a0::equals (55 bytes)
Event: 113.118 Thread 0x0000022a9b466800 nmethod 20438 0x0000022a8668c590 code [0x0000022a8668c760, 0x0000022a8668ca78]
Event: 113.118 Thread 0x0000022a9b466800 20437       2       com.android.tools.r8.graph.E::c (26 bytes)
Event: 113.118 Thread 0x0000022a9b466800 nmethod 20437 0x0000022a8668cc10 code [0x0000022a8668cdc0, 0x0000022a8668cf68]
Event: 113.118 Thread 0x0000022a9b466800 20433       2       com.android.tools.r8.ir.optimize.k::a (96 bytes)
Event: 113.119 Thread 0x0000022a9b466800 nmethod 20433 0x0000022a8668d090 code [0x0000022a8668d2a0, 0x0000022a8668d568]
Event: 113.119 Thread 0x0000022a9b466800 20451       2       com.android.tools.r8.v.b.x1::d (79 bytes)
Event: 113.119 Thread 0x0000022a9b466800 nmethod 20451 0x0000022a8668d710 code [0x0000022a8668d920, 0x0000022a8668ddb8]
Event: 113.119 Thread 0x0000022a9b466800 20441       2       com.android.tools.r8.ir.conversion.z::<init> (54 bytes)
Event: 113.120 Thread 0x0000022a9b466800 nmethod 20441 0x0000022a8668e010 code [0x0000022a8668e1e0, 0x0000022a8668e598]
Event: 113.120 Thread 0x0000022a9b466800 20442       2       com.android.tools.r8.ir.conversion.y::d (8 bytes)
Event: 113.120 Thread 0x0000022a9b466800 nmethod 20442 0x0000022a8668e710 code [0x0000022a8668e8c0, 0x0000022a8668e9e8]
Event: 113.120 Thread 0x0000022a9b466800 20447       2       com.android.tools.r8.ir.conversion.B::<init> (6 bytes)
Event: 113.120 Thread 0x0000022a9b466800 nmethod 20447 0x0000022a8668ea90 code [0x0000022a8668ec40, 0x0000022a8668ed48]
Event: 113.120 Thread 0x0000022a9b466800 20456       2       com.android.tools.r8.v.b.o0::a (50 bytes)
Event: 113.120 Thread 0x0000022a9b466800 nmethod 20456 0x0000022a8668ee10 code [0x0000022a8668efe0, 0x0000022a8668f358]
Event: 113.120 Thread 0x0000022a9b466800 20446       2       com.android.tools.r8.code.G::<init> (5 bytes)
Event: 113.121 Thread 0x0000022a9b466800 nmethod 20446 0x0000022a8668f490 code [0x0000022a8668f640, 0x0000022a8668f738]
Event: 113.121 Thread 0x0000022a9b466800 20440       2       com.android.tools.r8.ir.conversion.S::a (28 bytes)

GC Heap History (20 events):
Event: 78.647 GC heap before
{Heap before GC invocations=25 (full 0):
 garbage-first heap   total 267264K, used 210716K [0x0000000080000000, 0x0000000100000000)
  region size 1024K, 86 young (88064K), 12 survivors (12288K)
 Metaspace       used 113059K, capacity 115856K, committed 115968K, reserved 1150976K
  class space    used 14015K, capacity 15032K, committed 15104K, reserved 1048576K
}
Event: 78.664 GC heap after
{Heap after GC invocations=26 (full 0):
 garbage-first heap   total 267264K, used 142858K [0x0000000080000000, 0x0000000100000000)
  region size 1024K, 8 young (8192K), 8 survivors (8192K)
 Metaspace       used 113059K, capacity 115856K, committed 115968K, reserved 1150976K
  class space    used 14015K, capacity 15032K, committed 15104K, reserved 1048576K
}
Event: 79.727 GC heap before
{Heap before GC invocations=27 (full 0):
 garbage-first heap   total 267264K, used 211466K [0x0000000080000000, 0x0000000100000000)
  region size 1024K, 78 young (79872K), 8 survivors (8192K)
 Metaspace       used 121486K, capacity 124757K, committed 124928K, reserved 1157120K
  class space    used 15363K, capacity 16602K, committed 16640K, reserved 1048576K
}
Event: 79.754 GC heap after
{Heap after GC invocations=28 (full 0):
 garbage-first heap   total 267264K, used 142774K [0x0000000080000000, 0x0000000100000000)
  region size 1024K, 3 young (3072K), 3 survivors (3072K)
 Metaspace       used 121486K, capacity 124757K, committed 124928K, reserved 1157120K
  class space    used 15363K, capacity 16602K, committed 16640K, reserved 1048576K
}
Event: 79.908 GC heap before
{Heap before GC invocations=28 (full 0):
 garbage-first heap   total 267264K, used 153014K [0x0000000080000000, 0x0000000100000000)
  region size 1024K, 13 young (13312K), 3 survivors (3072K)
 Metaspace       used 122927K, capacity 126358K, committed 126464K, reserved 1159168K
  class space    used 15595K, capacity 16879K, committed 16896K, reserved 1048576K
}
Event: 79.926 GC heap after
{Heap after GC invocations=29 (full 0):
 garbage-first heap   total 267264K, used 126379K [0x0000000080000000, 0x0000000100000000)
  region size 1024K, 2 young (2048K), 2 survivors (2048K)
 Metaspace       used 122927K, capacity 126358K, committed 126464K, reserved 1159168K
  class space    used 15595K, capacity 16879K, committed 16896K, reserved 1048576K
}
Event: 80.234 GC heap before
{Heap before GC invocations=29 (full 0):
 garbage-first heap   total 267264K, used 136619K [0x0000000080000000, 0x0000000100000000)
  region size 1024K, 13 young (13312K), 2 survivors (2048K)
 Metaspace       used 123407K, capacity 126827K, committed 127104K, reserved 1159168K
  class space    used 15634K, capacity 16923K, committed 17024K, reserved 1048576K
}
Event: 80.240 GC heap after
{Heap after GC invocations=30 (full 0):
 garbage-first heap   total 267264K, used 126179K [0x0000000080000000, 0x0000000100000000)
  region size 1024K, 1 young (1024K), 1 survivors (1024K)
 Metaspace       used 123407K, capacity 126827K, committed 127104K, reserved 1159168K
  class space    used 15634K, capacity 16923K, committed 17024K, reserved 1048576K
}
Event: 80.606 GC heap before
{Heap before GC invocations=30 (full 0):
 garbage-first heap   total 267264K, used 149731K [0x0000000080000000, 0x0000000100000000)
  region size 1024K, 26 young (26624K), 1 survivors (1024K)
 Metaspace       used 124285K, capacity 127766K, committed 128000K, reserved 1161216K
  class space    used 15761K, capacity 17054K, committed 17152K, reserved 1048576K
}
Event: 80.609 GC heap after
{Heap after GC invocations=31 (full 0):
 garbage-first heap   total 267264K, used 126991K [0x0000000080000000, 0x0000000100000000)
  region size 1024K, 2 young (2048K), 2 survivors (2048K)
 Metaspace       used 124285K, capacity 127766K, committed 128000K, reserved 1161216K
  class space    used 15761K, capacity 17054K, committed 17152K, reserved 1048576K
}
Event: 111.621 GC heap before
{Heap before GC invocations=32 (full 0):
 garbage-first heap   total 267264K, used 248847K [0x0000000080000000, 0x0000000100000000)
  region size 1024K, 75 young (76800K), 2 survivors (2048K)
 Metaspace       used 124091K, capacity 127266K, committed 128000K, reserved 1161216K
  class space    used 15602K, capacity 16792K, committed 17152K, reserved 1048576K
}
Event: 111.630 GC heap after
{Heap after GC invocations=33 (full 0):
 garbage-first heap   total 267264K, used 133472K [0x0000000080000000, 0x0000000100000000)
  region size 1024K, 8 young (8192K), 8 survivors (8192K)
 Metaspace       used 124091K, capacity 127266K, committed 128000K, reserved 1161216K
  class space    used 15602K, capacity 16792K, committed 17152K, reserved 1048576K
}
Event: 111.656 GC heap before
{Heap before GC invocations=33 (full 0):
 garbage-first heap   total 267264K, used 138592K [0x0000000080000000, 0x0000000100000000)
  region size 1024K, 13 young (13312K), 8 survivors (8192K)
 Metaspace       used 124091K, capacity 127266K, committed 128000K, reserved 1161216K
  class space    used 15602K, capacity 16792K, committed 17152K, reserved 1048576K
}
Event: 111.667 GC heap after
{Heap after GC invocations=34 (full 0):
 garbage-first heap   total 267264K, used 121835K [0x0000000080000000, 0x0000000100000000)
  region size 1024K, 1 young (1024K), 1 survivors (1024K)
 Metaspace       used 124091K, capacity 127266K, committed 128000K, reserved 1161216K
  class space    used 15602K, capacity 16792K, committed 17152K, reserved 1048576K
}
Event: 112.293 GC heap before
{Heap before GC invocations=34 (full 0):
 garbage-first heap   total 267264K, used 200683K [0x0000000080000000, 0x0000000100000000)
  region size 1024K, 79 young (80896K), 1 survivors (1024K)
 Metaspace       used 125239K, capacity 128545K, committed 129152K, reserved 1161216K
  class space    used 15723K, capacity 16956K, committed 17280K, reserved 1048576K
}
Event: 112.298 GC heap after
{Heap after GC invocations=35 (full 0):
 garbage-first heap   total 267264K, used 122798K [0x0000000080000000, 0x0000000100000000)
  region size 1024K, 2 young (2048K), 2 survivors (2048K)
 Metaspace       used 125239K, capacity 128545K, committed 129152K, reserved 1161216K
  class space    used 15723K, capacity 16956K, committed 17280K, reserved 1048576K
}
Event: 112.677 GC heap before
{Heap before GC invocations=36 (full 0):
 garbage-first heap   total 267264K, used 209838K [0x0000000080000000, 0x0000000100000000)
  region size 1024K, 84 young (86016K), 2 survivors (2048K)
 Metaspace       used 125368K, capacity 128626K, committed 129408K, reserved 1161216K
  class space    used 15735K, capacity 16960K, committed 17280K, reserved 1048576K
}
Event: 112.688 GC heap after
{Heap after GC invocations=37 (full 0):
 garbage-first heap   total 267264K, used 133463K [0x0000000080000000, 0x0000000100000000)
  region size 1024K, 11 young (11264K), 11 survivors (11264K)
 Metaspace       used 125368K, capacity 128626K, committed 129408K, reserved 1161216K
  class space    used 15735K, capacity 16960K, committed 17280K, reserved 1048576K
}
Event: 112.695 GC heap before
{Heap before GC invocations=37 (full 0):
 garbage-first heap   total 267264K, used 135511K [0x0000000080000000, 0x0000000100000000)
  region size 1024K, 13 young (13312K), 11 survivors (11264K)
 Metaspace       used 125377K, capacity 128626K, committed 129408K, reserved 1161216K
  class space    used 15735K, capacity 16960K, committed 17280K, reserved 1048576K
}
Event: 112.708 GC heap after
{Heap after GC invocations=38 (full 0):
 garbage-first heap   total 267264K, used 123527K [0x0000000080000000, 0x0000000100000000)
  region size 1024K, 2 young (2048K), 2 survivors (2048K)
 Metaspace       used 125377K, capacity 128626K, committed 129408K, reserved 1161216K
  class space    used 15735K, capacity 16960K, committed 17280K, reserved 1048576K
}

Deoptimization events (20 events):
Event: 112.873 Thread 0x0000022aa2e8f800 DEOPT PACKING pc=0x0000022a8be25fd0 sp=0x000000d62c1fb460
Event: 112.873 Thread 0x0000022aa2e8f800 DEOPT UNPACKING pc=0x0000022a83a578af sp=0x000000d62c1fb380 mode 2
Event: 112.926 Thread 0x0000022aa2e85800 DEOPT PACKING pc=0x0000022a865e9a62 sp=0x000000d62bbfa980
Event: 112.926 Thread 0x0000022aa2e85800 DEOPT UNPACKING pc=0x0000022a83a576ce sp=0x000000d62bbf9ec0 mode 0
Event: 112.930 Thread 0x0000022aa2e88000 DEOPT PACKING pc=0x0000022a8660d4c6 sp=0x000000d62bafaa50
Event: 112.930 Thread 0x0000022aa2e88000 DEOPT UNPACKING pc=0x0000022a83a576ce sp=0x000000d62baf9ec8 mode 0
Event: 112.972 Thread 0x0000022aa2e85800 DEOPT PACKING pc=0x0000022a8663198e sp=0x000000d62bbf9af0
Event: 112.972 Thread 0x0000022aa2e85800 DEOPT UNPACKING pc=0x0000022a83a576ce sp=0x000000d62bbf8f68 mode 0
Event: 112.987 Thread 0x0000022a9dbf3800 Uncommon trap: trap_request=0xffffff4d fr.pc=0x0000022a8bb8ea04 relative=0x0000000000000064
Event: 112.987 Thread 0x0000022a9dbf3800 Uncommon trap: reason=unstable_if action=reinterpret pc=0x0000022a8bb8ea04 method=org.gradle.internal.io.StreamByteBuffer.allocateSpace()I @ 9 c2
Event: 112.987 Thread 0x0000022a9dbf3800 DEOPT PACKING pc=0x0000022a8bb8ea04 sp=0x000000d62b7fe2c0
Event: 112.987 Thread 0x0000022a9dbf3800 DEOPT UNPACKING pc=0x0000022a83a578af sp=0x000000d62b7fe250 mode 2
Event: 112.988 Thread 0x0000022a9dbf3800 Uncommon trap: trap_request=0xffffff4d fr.pc=0x0000022a8ba3248c relative=0x000000000000016c
Event: 112.988 Thread 0x0000022a9dbf3800 Uncommon trap: reason=unstable_if action=reinterpret pc=0x0000022a8ba3248c method=org.gradle.internal.io.StreamByteBuffer.prepareRead()I @ 30 c2
Event: 112.988 Thread 0x0000022a9dbf3800 DEOPT PACKING pc=0x0000022a8ba3248c sp=0x000000d62b7fe650
Event: 112.988 Thread 0x0000022a9dbf3800 DEOPT UNPACKING pc=0x0000022a83a578af sp=0x000000d62b7fe600 mode 2
Event: 113.022 Thread 0x0000022aa2e87000 DEOPT PACKING pc=0x0000022a8663198e sp=0x000000d62befa530
Event: 113.022 Thread 0x0000022aa2e87000 DEOPT UNPACKING pc=0x0000022a83a576ce sp=0x000000d62bef99a8 mode 0
Event: 113.075 Thread 0x0000022aa2e87000 DEOPT PACKING pc=0x0000022a8663198e sp=0x000000d62befb4f0
Event: 113.075 Thread 0x0000022aa2e87000 DEOPT UNPACKING pc=0x0000022a83a576ce sp=0x000000d62befa968 mode 0

Classes redefined (0 events):
No events

Internal exceptions (20 events):
Event: 80.571 Thread 0x0000022aa2e81800 Exception <a 'sun/nio/fs/WindowsException'{0x000000008ebad358}> (0x000000008ebad358) thrown at [./src/hotspot/share/prims/jni.cpp, line 615]
Event: 80.663 Thread 0x0000022aa2e7d800 Exception <a 'java/lang/NoSuchMethodError'{0x00000000901191d8}: 'java.lang.Object java.lang.invoke.DirectMethodHandle$Holder.invokeVirtual(java.lang.Object, java.lang.Object, int)'> (0x00000000901191d8) thrown at [./src/hotspot/share/interpreter/linkResolver.cpp, line 773]
Event: 111.336 Thread 0x0000022a9d45e800 Exception <a 'sun/nio/fs/WindowsException'{0x000000008d93aed0}> (0x000000008d93aed0) thrown at [./src/hotspot/share/prims/jni.cpp, line 615]
Event: 111.455 Thread 0x0000022aa2e8c000 Exception <a 'sun/nio/fs/WindowsException'{0x000000008ce7a7b8}> (0x000000008ce7a7b8) thrown at [./src/hotspot/share/prims/jni.cpp, line 615]
Event: 111.456 Thread 0x0000022aa2e8c000 Exception <a 'sun/nio/fs/WindowsException'{0x000000008ce7b6f8}> (0x000000008ce7b6f8) thrown at [./src/hotspot/share/prims/jni.cpp, line 615]
Event: 112.064 Thread 0x0000022aa2e89800 Implicit null exception at 0x0000022a8b822214 to 0x0000022a8b8227d8
Event: 112.122 Thread 0x0000022aa2e89800 Implicit null exception at 0x0000022a8b692338 to 0x0000022a8b6923bc
Event: 112.184 Thread 0x0000022aa2e8b800 Exception <a 'sun/nio/fs/WindowsException'{0x000000008c8bb2f0}> (0x000000008c8bb2f0) thrown at [./src/hotspot/share/prims/jni.cpp, line 615]
Event: 112.185 Thread 0x0000022aa2e8b800 Exception <a 'sun/nio/fs/WindowsException'{0x000000008c8bc230}> (0x000000008c8bc230) thrown at [./src/hotspot/share/prims/jni.cpp, line 615]
Event: 112.185 Thread 0x0000022aa2e8b800 Exception <a 'sun/nio/fs/WindowsException'{0x000000008c8c2368}> (0x000000008c8c2368) thrown at [./src/hotspot/share/prims/jni.cpp, line 615]
Event: 112.185 Thread 0x0000022aa2e8b800 Exception <a 'sun/nio/fs/WindowsException'{0x000000008c8c32f8}> (0x000000008c8c32f8) thrown at [./src/hotspot/share/prims/jni.cpp, line 615]
Event: 112.657 Thread 0x0000022aa2e8f800 Exception <a 'sun/nio/fs/WindowsException'{0x000000008b4c6dc0}> (0x000000008b4c6dc0) thrown at [./src/hotspot/share/prims/jni.cpp, line 615]
Event: 112.659 Thread 0x0000022aa2e88000 Exception <a 'sun/nio/fs/WindowsException'{0x000000008b358608}> (0x000000008b358608) thrown at [./src/hotspot/share/prims/jni.cpp, line 615]
Event: 112.662 Thread 0x0000022aa2e87000 Exception <a 'sun/nio/fs/WindowsException'{0x000000008b0295d0}> (0x000000008b0295d0) thrown at [./src/hotspot/share/prims/jni.cpp, line 615]
Event: 112.746 Thread 0x0000022aa2e86800 Exception <a 'sun/nio/fs/WindowsException'{0x000000008f0a0de8}> (0x000000008f0a0de8) thrown at [./src/hotspot/share/prims/jni.cpp, line 615]
Event: 112.752 Thread 0x0000022aa2e83000 Exception <a 'sun/nio/fs/WindowsException'{0x000000008ec57f30}> (0x000000008ec57f30) thrown at [./src/hotspot/share/prims/jni.cpp, line 615]
Event: 112.769 Thread 0x0000022aa2e85800 Exception <a 'sun/nio/fs/WindowsException'{0x000000008e620400}> (0x000000008e620400) thrown at [./src/hotspot/share/prims/jni.cpp, line 615]
Event: 112.869 Thread 0x0000022aa2e8f800 Exception <a 'sun/nio/fs/WindowsException'{0x000000008cf7b5e0}> (0x000000008cf7b5e0) thrown at [./src/hotspot/share/prims/jni.cpp, line 615]
Event: 112.933 Thread 0x0000022aa2e88000 Exception <a 'sun/nio/fs/WindowsException'{0x000000008c5fd048}> (0x000000008c5fd048) thrown at [./src/hotspot/share/prims/jni.cpp, line 615]
Event: 113.088 Thread 0x0000022aa2e87000 Exception <a 'sun/nio/fs/WindowsException'{0x000000008b61d630}> (0x000000008b61d630) thrown at [./src/hotspot/share/prims/jni.cpp, line 615]

Events (20 events):
Event: 113.039 Executing VM operation: RevokeBias
Event: 113.040 Executing VM operation: RevokeBias done
Event: 113.040 Executing VM operation: RevokeBias
Event: 113.041 Executing VM operation: RevokeBias done
Event: 113.041 Executing VM operation: RevokeBias
Event: 113.041 Executing VM operation: RevokeBias done
Event: 113.041 Executing VM operation: BulkRevokeBias
Event: 113.046 Executing VM operation: BulkRevokeBias done
Event: 113.089 Executing VM operation: RevokeBias
Event: 113.090 Executing VM operation: RevokeBias done
Event: 113.090 Executing VM operation: RevokeBias
Event: 113.091 Executing VM operation: RevokeBias done
Event: 113.091 Executing VM operation: RevokeBias
Event: 113.092 Executing VM operation: RevokeBias done
Event: 113.093 Executing VM operation: RevokeBias
Event: 113.093 Executing VM operation: RevokeBias done
Event: 113.093 Executing VM operation: RevokeBias
Event: 113.094 Executing VM operation: RevokeBias done
Event: 113.102 Executing VM operation: RevokeBias
Event: 113.103 Executing VM operation: RevokeBias done


Dynamic libraries:
0x00007ff689df0000 - 0x00007ff689dfa000 	C:\Program Files\Android\Android Studio\jre\bin\java.exe
0x00007ff9bf340000 - 0x00007ff9bf530000 	C:\WINDOWS\SYSTEM32\ntdll.dll
0x00007ff9bed80000 - 0x00007ff9bee32000 	C:\WINDOWS\System32\KERNEL32.DLL
0x00007ff9bcb50000 - 0x00007ff9bcdf4000 	C:\WINDOWS\System32\KERNELBASE.dll
0x00007ff9bc2d0000 - 0x00007ff9bc3ca000 	C:\WINDOWS\System32\ucrtbase.dll
0x00007ff9b72a0000 - 0x00007ff9b72b7000 	C:\Program Files\Android\Android Studio\jre\bin\VCRUNTIME140.dll
0x00007ff9ab8c0000 - 0x00007ff9ab8d9000 	C:\Program Files\Android\Android Studio\jre\bin\jli.dll
0x00007ff9bddc0000 - 0x00007ff9bdf54000 	C:\WINDOWS\System32\USER32.dll
0x00007ff9bcf50000 - 0x00007ff9bcf71000 	C:\WINDOWS\System32\win32u.dll
0x00007ff9a9820000 - 0x00007ff9a9aa4000 	C:\WINDOWS\WinSxS\amd64_microsoft.windows.common-controls_6595b64144ccf1df_6.0.18362.836_none_e6c4b943130f18ed\COMCTL32.dll
0x00007ff9bdd90000 - 0x00007ff9bddb6000 	C:\WINDOWS\System32\GDI32.dll
0x00007ff9be650000 - 0x00007ff9be6ee000 	C:\WINDOWS\System32\msvcrt.dll
0x00007ff9bcfb0000 - 0x00007ff9bd144000 	C:\WINDOWS\System32\gdi32full.dll
0x00007ff9bef10000 - 0x00007ff9bf246000 	C:\WINDOWS\System32\combase.dll
0x00007ff9bd2f0000 - 0x00007ff9bd38e000 	C:\WINDOWS\System32\msvcp_win.dll
0x00007ff9bec60000 - 0x00007ff9bed80000 	C:\WINDOWS\System32\RPCRT4.dll
0x00007ff9bced0000 - 0x00007ff9bcf50000 	C:\WINDOWS\System32\bcryptPrimitives.dll
0x00007ff9bdd60000 - 0x00007ff9bdd8e000 	C:\WINDOWS\System32\IMM32.DLL
0x00007ff992dd0000 - 0x00007ff992e6d000 	C:\Program Files\Android\Android Studio\jre\bin\msvcp140.dll
0x00007ff95e140000 - 0x00007ff95ec0f000 	C:\Program Files\Android\Android Studio\jre\bin\server\jvm.dll
0x00007ff9be5a0000 - 0x00007ff9be643000 	C:\WINDOWS\System32\ADVAPI32.dll
0x00007ff9bdfc0000 - 0x00007ff9be057000 	C:\WINDOWS\System32\sechost.dll
0x00007ff9bebe0000 - 0x00007ff9bebe8000 	C:\WINDOWS\System32\PSAPI.DLL
0x00007ff9a7e90000 - 0x00007ff9a7e99000 	C:\WINDOWS\SYSTEM32\WSOCK32.dll
0x00007ff9b5310000 - 0x00007ff9b531a000 	C:\WINDOWS\SYSTEM32\VERSION.dll
0x00007ff9be4d0000 - 0x00007ff9be53f000 	C:\WINDOWS\System32\WS2_32.dll
0x00007ff9b9d30000 - 0x00007ff9b9d54000 	C:\WINDOWS\SYSTEM32\WINMM.dll
0x00007ff9b9d00000 - 0x00007ff9b9d2d000 	C:\WINDOWS\SYSTEM32\winmmbase.dll
0x00007ff9bd2a0000 - 0x00007ff9bd2ea000 	C:\WINDOWS\System32\cfgmgr32.dll
0x00007ff9bc2b0000 - 0x00007ff9bc2c1000 	C:\WINDOWS\System32\kernel.appcore.dll
0x00007ff9b73d0000 - 0x00007ff9b73e1000 	C:\Program Files\Android\Android Studio\jre\bin\verify.dll
0x00007ff9bab40000 - 0x00007ff9bad34000 	C:\WINDOWS\SYSTEM32\DBGHELP.DLL
0x00007ff9a7960000 - 0x00007ff9a798a000 	C:\WINDOWS\SYSTEM32\dbgcore.DLL
0x00007ff9b33b0000 - 0x00007ff9b33d9000 	C:\Program Files\Android\Android Studio\jre\bin\java.dll
0x00007ff9b8550000 - 0x00007ff9b855b000 	C:\Program Files\Android\Android Studio\jre\bin\jimage.dll
0x00007ff9a41f0000 - 0x00007ff9a4208000 	C:\Program Files\Android\Android Studio\jre\bin\zip.dll
0x00007ff9bd4a0000 - 0x00007ff9bdb84000 	C:\WINDOWS\System32\SHELL32.dll
0x00007ff9bf250000 - 0x00007ff9bf2f9000 	C:\WINDOWS\System32\shcore.dll
0x00007ff9bc3d0000 - 0x00007ff9bcb4e000 	C:\WINDOWS\System32\windows.storage.dll
0x00007ff9bc210000 - 0x00007ff9bc233000 	C:\WINDOWS\System32\profapi.dll
0x00007ff9bc240000 - 0x00007ff9bc28a000 	C:\WINDOWS\System32\powrprof.dll
0x00007ff9bc200000 - 0x00007ff9bc210000 	C:\WINDOWS\System32\UMPDC.dll
0x00007ff9be540000 - 0x00007ff9be592000 	C:\WINDOWS\System32\shlwapi.dll
0x00007ff9bceb0000 - 0x00007ff9bcec7000 	C:\WINDOWS\System32\cryptsp.dll
0x00007ff999670000 - 0x00007ff99968a000 	C:\Program Files\Android\Android Studio\jre\bin\net.dll
0x00007ff9ace20000 - 0x00007ff9acf10000 	C:\WINDOWS\SYSTEM32\WINHTTP.dll
0x00007ff9bba70000 - 0x00007ff9bbad7000 	C:\WINDOWS\system32\mswsock.dll
0x00007ff999650000 - 0x00007ff999664000 	C:\Program Files\Android\Android Studio\jre\bin\nio.dll
0x00007ff9ad230000 - 0x00007ff9ad257000 	C:\Users\hp\.gradle\native\fdc75f09e3144964f2cf3f50f0aa648679c211496f362492102eb8c894070792\windows-amd64\native-platform.dll
0x00007ff9612b0000 - 0x00007ff961446000 	C:\Users\hp\.gradle\native\12488b8bf47d2d4c9fbf2f6322a914ad602e24e48041cd04a747c6da556b65c4\windows-amd64\native-platform-file-events.dll
0x00007ff9b33a0000 - 0x00007ff9b33aa000 	C:\Program Files\Android\Android Studio\jre\bin\management.dll
0x00007ff9a8d80000 - 0x00007ff9a8d8c000 	C:\Program Files\Android\Android Studio\jre\bin\management_ext.dll
0x00007ff9bb580000 - 0x00007ff9bb5b3000 	C:\WINDOWS\system32\rsaenh.dll
0x00007ff9bcf80000 - 0x00007ff9bcfa6000 	C:\WINDOWS\System32\bcrypt.dll
0x00007ff9bc0f0000 - 0x00007ff9bc115000 	C:\WINDOWS\SYSTEM32\USERENV.dll
0x00007ff9bbc40000 - 0x00007ff9bbc4c000 	C:\WINDOWS\SYSTEM32\CRYPTBASE.dll
0x00007ff9bb720000 - 0x00007ff9bb75a000 	C:\WINDOWS\SYSTEM32\IPHLPAPI.DLL
0x00007ff9bea20000 - 0x00007ff9bea28000 	C:\WINDOWS\System32\NSI.dll
0x00007ff9b35a0000 - 0x00007ff9b35b6000 	C:\WINDOWS\SYSTEM32\dhcpcsvc6.DLL
0x00007ff9b3d80000 - 0x00007ff9b3d9c000 	C:\WINDOWS\SYSTEM32\dhcpcsvc.DLL
0x00007ff9bb760000 - 0x00007ff9bb82b000 	C:\WINDOWS\SYSTEM32\DNSAPI.dll
0x00007ff9b5300000 - 0x00007ff9b530b000 	C:\WINDOWS\SYSTEM32\WINNSI.DLL
0x00007ff9b3550000 - 0x00007ff9b356e000 	C:\Users\hp\AppData\Local\Temp\native-platform8547951149337672963dir\native-platform.dll
0x00007ff9b8620000 - 0x00007ff9b8628000 	C:\Program Files\Android\Android Studio\jre\bin\rmi.dll

dbghelp: loaded successfully - version: 4.0.5 - missing functions: none
symbol engine: initialized successfully - sym options: 0x614 - pdb path: .;C:\Program Files\Android\Android Studio\jre\bin;C:\WINDOWS\SYSTEM32;C:\WINDOWS\WinSxS\amd64_microsoft.windows.common-controls_6595b64144ccf1df_6.0.18362.836_none_e6c4b943130f18ed;C:\Program Files\Android\Android Studio\jre\bin\server;C:\Users\hp\.gradle\native\fdc75f09e3144964f2cf3f50f0aa648679c211496f362492102eb8c894070792\windows-amd64;C:\Users\hp\.gradle\native\12488b8bf47d2d4c9fbf2f6322a914ad602e24e48041cd04a747c6da556b65c4\windows-amd64;C:\Users\hp\AppData\Local\Temp\native-platform8547951149337672963dir

VM Arguments:
jvm_args: --add-opens=java.base/java.util=ALL-UNNAMED --add-opens=java.base/java.lang=ALL-UNNAMED --add-opens=java.base/java.lang.invoke=ALL-UNNAMED --add-opens=java.prefs/java.util.prefs=ALL-UNNAMED -Xmx2048m -Dfile.encoding=UTF-8 -Duser.country=US -Duser.language=en -Duser.variant 
java_command: org.gradle.launcher.daemon.bootstrap.GradleDaemon 6.7.1
java_class_path (initial): C:\Users\hp\.gradle\wrapper\dists\gradle-6.7.1-bin\bwlcbys1h7rz3272sye1xwiv6\gradle-6.7.1\lib\gradle-launcher-6.7.1.jar
Launcher Type: SUN_STANDARD

[Global flags]
     intx CICompilerCount                          = 4                                         {product} {ergonomic}
     uint ConcGCThreads                            = 2                                         {product} {ergonomic}
     uint G1ConcRefinementThreads                  = 8                                         {product} {ergonomic}
   size_t G1HeapRegionSize                         = 1048576                                   {product} {ergonomic}
    uintx GCDrainStackTargetSize                   = 64                                        {product} {ergonomic}
   size_t InitialHeapSize                          = 268435456                                 {product} {ergonomic}
   size_t MarkStackSize                            = 4194304                                   {product} {ergonomic}
   size_t MaxHeapSize                              = 2147483648                                {product} {command line}
   size_t MaxNewSize                               = 1287651328                                {product} {ergonomic}
   size_t MinHeapDeltaBytes                        = 1048576                                   {product} {ergonomic}
    uintx NonNMethodCodeHeapSize                   = 5836300                                {pd product} {ergonomic}
    uintx NonProfiledCodeHeapSize                  = 122910970                              {pd product} {ergonomic}
    uintx ProfiledCodeHeapSize                     = 122910970                              {pd product} {ergonomic}
    uintx ReservedCodeCacheSize                    = 251658240                              {pd product} {ergonomic}
     bool SegmentedCodeCache                       = true                                      {product} {ergonomic}
     bool UseCompressedClassPointers               = true                                 {lp64_product} {ergonomic}
     bool UseCompressedOops                        = true                                 {lp64_product} {ergonomic}
     bool UseG1GC                                  = true                                      {product} {ergonomic}
     bool UseLargePagesIndividualAllocation        = false                                  {pd product} {ergonomic}

Logging:
Log output configuration:
 #0: stdout all=warning uptime,level,tags
 #1: stderr all=off uptime,level,tags

Environment Variables:
JAVA_HOME=C:\Program Files\Java\jre1.8.0_212
PATH=C:\Program Files (x86)\Common Files\Oracle\Java\javapath;C:\WINDOWS\system32;C:\WINDOWS;C:\WINDOWS\System32\Wbem;C:\WINDOWS\System32\WindowsPowerShell\v1.0\;C:\WINDOWS\System32\OpenSSH\;C:\Program Files\Git\cmd;C:\Program Files\NVIDIA Corporation\NVIDIA NvDLISR;C:\Users\hp\AppData\Local\Microsoft\WindowsApps;D:\Program Files\Microsoft VS Code\bin;D:\Program Files\JetBrains\PyCharm 2019.1.3\bin;C:\adb;C:\WINDOWS\system32;C:\WINDOWS;C:\WINDOWS\System32\Wbem;C:\WINDOWS\System32\WindowsPowerShell\v1.0\;C:\WINDOWS\System32\OpenSSH\;C:\Program Files (x86)\NVIDIA Corporation\PhysX\Common;C:\Users\hp\AppData\Local\Microsoft\WindowsApps;;D:\Program Files\Microsoft VS Code\bin;D:\Program Files\JetBrains\PyCharm 2019.1.3\bin;
USERNAME=hp
OS=Windows_NT
PROCESSOR_IDENTIFIER=Intel64 Family 6 Model 158 Stepping 9, GenuineIntel



---------------  S Y S T E M  ---------------

OS: Windows 10 , 64 bit Build 18362 (10.0.18362.778)
OS uptime: 10 days 23:24 hours

CPU:total 8 (initial active 8) (4 cores per cpu, 2 threads per core) family 6 model 158 stepping 9 microcode 0xb4, cmov, cx8, fxsr, mmx, sse, sse2, sse3, ssse3, sse4.1, sse4.2, popcnt, avx, avx2, aes, clmul, erms, 3dnowpref, lzcnt, ht, tsc, tscinvbit, bmi1, bmi2, adx, fma

Memory: 4k page, system-wide physical 16267M (1239M free)
TotalPageFile size 31347M (AvailPageFile size 17M)
current process WorkingSet (physical memory assigned to process): 637M, peak: 637M
current process commit charge ("private bytes"): 674M, peak: 677M

vm_info: OpenJDK 64-Bit Server VM (11.0.10+0-b96-7249189) for windows-amd64 JRE (11.0.10+0-b96-7249189), built on Mar 31 2021 21:44:00 by "builder" with MS VC++ 14.0 (VS2015)

END.
