#
# There is insufficient memory for the Java Runtime Environment to continue.
# Native memory allocation (malloc) failed to allocate 1042496 bytes for Chunk::new
# Possible reasons:
#   The system is out of physical RAM or swap space
#   The process is running with CompressedOops enabled, and the Java Heap may be blocking the growth of the native heap
# Possible solutions:
#   Reduce memory load on the system
#   Increase physical memory or swap space
#   Check if swap backing store is full
#   Decrease Java heap size (-Xmx/-Xms)
#   Decrease number of Java threads
#   Decrease Java thread stack sizes (-Xss)
#   Set larger code cache with -XX:ReservedCodeCacheSize=
#   JVM is running with Unscaled Compressed Oops mode in which the Java heap is
#     placed in the first 4GB address space. The Java Heap base address is the
#     maximum limit for the native heap growth. Please use -XX:HeapBaseMinAddress
#     to set the Java Heap base and to place the Java Heap above 4GB virtual address.
# This output file may be truncated or incomplete.
#
#  Out of Memory Error (./src/hotspot/share/memory/arena.cpp:197), pid=18012, tid=10884
#
# JRE version: OpenJDK Runtime Environment (11.0.10) (build 11.0.10+0-b96-7249189)
# Java VM: OpenJDK 64-Bit Server VM (11.0.10+0-b96-7249189, mixed mode, tiered, compressed oops, g1 gc, windows-amd64)
# No core dump will be written. Minidumps are not enabled by default on client versions of Windows
#

---------------  S U M M A R Y ------------

Command Line: --add-opens=java.base/java.util=ALL-UNNAMED --add-opens=java.base/java.lang=ALL-UNNAMED --add-opens=java.base/java.lang.invoke=ALL-UNNAMED --add-opens=java.prefs/java.util.prefs=ALL-UNNAMED -Xmx2048m -Dfile.encoding=UTF-8 -Duser.country=US -Duser.language=en -Duser.variant org.gradle.launcher.daemon.bootstrap.GradleDaemon 6.7.1

Host: Intel(R) Core(TM) i7-7700HQ CPU @ 2.80GHz, 8 cores, 15G,  Windows 10 , 64 bit Build 18362 (10.0.18362.778)
Time: Mon Jan  3 16:45:35 2022 Pakistan Standard Time elapsed time: 131.107903 seconds (0d 0h 2m 11s)

---------------  T H R E A D  ---------------

Current thread (0x000002785c835800):  JavaThread "C2 CompilerThread1" daemon [_thread_in_native, id=10884, stack(0x000000c14b200000,0x000000c14b300000)]


Current CompileTask:
C2: 131107 34624       4       org.jetbrains.uast.kotlin.KotlinConverter::convertExpression$uast_kotlin (3063 bytes)

Stack: [0x000000c14b200000,0x000000c14b300000]
Native frames: (J=compiled Java code, j=interpreted, Vv=VM code, C=native code)
V  [jvm.dll+0x5ecfaa]
V  [jvm.dll+0x722bd5]
V  [jvm.dll+0x72412d]
V  [jvm.dll+0x7247e3]
V  [jvm.dll+0x242928]
V  [jvm.dll+0xbc4fc]
V  [jvm.dll+0xbca0c]
V  [jvm.dll+0x2b4fd4]
V  [jvm.dll+0x506028]
V  [jvm.dll+0x1fcdfd]
V  [jvm.dll+0x1fa77f]
V  [jvm.dll+0x18354c]
V  [jvm.dll+0x208ee7]
V  [jvm.dll+0x207731]
V  [jvm.dll+0x6eb1cf]
V  [jvm.dll+0x6e3d45]
V  [jvm.dll+0x5ebe96]
C  [ucrtbase.dll+0x20e82]
C  [KERNEL32.DLL+0x17bd4]
C  [ntdll.dll+0x6ce51]


---------------  P R O C E S S  ---------------

Threads class SMR info:
_java_thread_list=0x000002785c955ec0, length=73, elements={
0x0000027837dbd000, 0x0000027852a98000, 0x0000027852a99800, 0x0000027852aed800,
0x0000027852af0800, 0x0000027852af4000, 0x0000027852af7000, 0x0000027852af8000,
0x0000027852afb000, 0x0000027852c6a000, 0x00000278548b9800, 0x000002785493a800,
0x0000027854532800, 0x000002785586a800, 0x0000027853a86800, 0x0000027854457800,
0x0000027854466800, 0x00000278549f9000, 0x00000278549f8000, 0x00000278549f6800,
0x00000278549f9800, 0x00000278549f7800, 0x00000278549f5800, 0x00000278549fc000,
0x0000027853d29000, 0x0000027853d26800, 0x0000027853d2a000, 0x0000027853d2a800,
0x0000027853d2e000, 0x0000027853d33000, 0x0000027853d32000, 0x0000027853d35800,
0x0000027853d33800, 0x0000027853d31000, 0x0000027853d34800, 0x0000027853d30800,
0x00000278549fa800, 0x0000027857d6d800, 0x0000027857d74000, 0x0000027857d74800,
0x0000027857d75800, 0x0000027857d70000, 0x0000027857d7a800, 0x0000027857d7b000,
0x0000027857d78000, 0x0000027857d7c000, 0x0000027857d79800, 0x0000027857d76800,
0x000002785497e000, 0x0000027854985000, 0x000002785497f000, 0x0000027854986800,
0x0000027854985800, 0x0000027854987000, 0x0000027854988000, 0x0000027854989000,
0x0000027854989800, 0x0000027857d72000, 0x0000027857d6e000, 0x000002785c82c000,
0x000002785c829800, 0x000002785c82b000, 0x000002785c830000, 0x000002785c82a000,
0x000002785c82e000, 0x000002785c834000, 0x000002785c834800, 0x000002785c82f000,
0x000002785c837000, 0x000002785c839000, 0x000002785c836800, 0x000002785c835800,
0x000002785c830800
}

Java Threads: ( => current thread )
  0x0000027837dbd000 JavaThread "main" [_thread_blocked, id=24196, stack(0x000000c149200000,0x000000c149300000)]
  0x0000027852a98000 JavaThread "Reference Handler" daemon [_thread_blocked, id=26788, stack(0x000000c149900000,0x000000c149a00000)]
  0x0000027852a99800 JavaThread "Finalizer" daemon [_thread_blocked, id=13552, stack(0x000000c149a00000,0x000000c149b00000)]
  0x0000027852aed800 JavaThread "Signal Dispatcher" daemon [_thread_blocked, id=22228, stack(0x000000c149b00000,0x000000c149c00000)]
  0x0000027852af0800 JavaThread "Attach Listener" daemon [_thread_blocked, id=12800, stack(0x000000c149c00000,0x000000c149d00000)]
  0x0000027852af4000 JavaThread "Service Thread" daemon [_thread_blocked, id=22560, stack(0x000000c149d00000,0x000000c149e00000)]
  0x0000027852af7000 JavaThread "C2 CompilerThread0" daemon [_thread_in_native, id=24188, stack(0x000000c149e00000,0x000000c149f00000)]
  0x0000027852af8000 JavaThread "C1 CompilerThread0" daemon [_thread_blocked, id=22796, stack(0x000000c149f00000,0x000000c14a000000)]
  0x0000027852afb000 JavaThread "Sweeper thread" daemon [_thread_blocked, id=18452, stack(0x000000c14a000000,0x000000c14a100000)]
  0x0000027852c6a000 JavaThread "Common-Cleaner" daemon [_thread_blocked, id=21712, stack(0x000000c14a100000,0x000000c14a200000)]
  0x00000278548b9800 JavaThread "Daemon health stats" [_thread_blocked, id=20916, stack(0x000000c14aa00000,0x000000c14ab00000)]
  0x000002785493a800 JavaThread "Incoming local TCP Connector on port 60636" [_thread_in_native, id=24168, stack(0x000000c14ab00000,0x000000c14ac00000)]
  0x0000027854532800 JavaThread "Daemon periodic checks" [_thread_blocked, id=11920, stack(0x000000c14ac00000,0x000000c14ad00000)]
  0x000002785586a800 JavaThread "Daemon" [_thread_blocked, id=23412, stack(0x000000c14ad00000,0x000000c14ae00000)]
  0x0000027853a86800 JavaThread "Handler for socket connection from /127.0.0.1:60636 to /127.0.0.1:60637" [_thread_in_native, id=3788, stack(0x000000c14ae00000,0x000000c14af00000)]
  0x0000027854457800 JavaThread "Cancel handler" [_thread_blocked, id=23980, stack(0x000000c14af00000,0x000000c14b000000)]
  0x0000027854466800 JavaThread "Daemon worker" [_thread_blocked, id=24712, stack(0x000000c14b000000,0x000000c14b100000)]
  0x00000278549f9000 JavaThread "Asynchronous log dispatcher for DefaultDaemonConnection: socket connection from /127.0.0.1:60636 to /127.0.0.1:60637" [_thread_blocked, id=26772, stack(0x000000c14b100000,0x000000c14b200000)]
  0x00000278549f8000 JavaThread "Thread-8" [_thread_blocked, id=5364, stack(0x000000c14b300000,0x000000c14b400000)]
  0x00000278549f6800 JavaThread "Cache worker for file hash cache (C:\Users\hp\.gradle\caches\6.7.1\fileHashes)" [_thread_blocked, id=6452, stack(0x000000c14b400000,0x000000c14b500000)]
  0x00000278549f9800 JavaThread "File lock request listener" [_thread_in_native, id=20404, stack(0x000000c14b500000,0x000000c14b600000)]
  0x00000278549f7800 JavaThread "Cache worker for journal cache (C:\Users\hp\.gradle\caches\journal-1)" [_thread_blocked, id=9328, stack(0x000000c14ba00000,0x000000c14bb00000)]
  0x00000278549f5800 JavaThread "Cache worker for file hash cache (E:\OfficeGit\Berger_Xpress_Visualizer\Berger_Visualizer\Berger Visualizer\.gradle\6.7.1\fileHashes)" [_thread_blocked, id=396, stack(0x000000c14bc00000,0x000000c14bd00000)]
  0x00000278549fc000 JavaThread "Cache worker for checksums cache (E:\OfficeGit\Berger_Xpress_Visualizer\Berger_Visualizer\Berger Visualizer\.gradle\checksums)" [_thread_blocked, id=20716, stack(0x000000c14bd00000,0x000000c14be00000)]
  0x0000027853d29000 JavaThread "Cache worker for cache directory md-supplier (C:\Users\hp\.gradle\caches\6.7.1\md-supplier)" [_thread_blocked, id=9864, stack(0x000000c14be00000,0x000000c14bf00000)]
  0x0000027853d26800 JavaThread "Cache worker for cache directory md-rule (C:\Users\hp\.gradle\caches\6.7.1\md-rule)" [_thread_blocked, id=19976, stack(0x000000c14bf00000,0x000000c14c000000)]
  0x0000027853d2a000 JavaThread "Cache worker for execution history cache (C:\Users\hp\.gradle\caches\6.7.1\executionHistory)" [_thread_blocked, id=22192, stack(0x000000c14c000000,0x000000c14c100000)]
  0x0000027853d2a800 JavaThread "Cache worker for file content cache (C:\Users\hp\.gradle\caches\6.7.1\fileContent)" [_thread_blocked, id=27088, stack(0x000000c14c200000,0x000000c14c300000)]
  0x0000027853d2e000 JavaThread "Cache worker for Build Output Cleanup Cache (E:\OfficeGit\Berger_Xpress_Visualizer\Berger_Visualizer\Berger Visualizer\.gradle\buildOutputCleanup)" [_thread_blocked, id=8548, stack(0x000000c14bb00000,0x000000c14bc00000)]
  0x0000027853d33000 JavaThread "Build operations" [_thread_blocked, id=7512, stack(0x000000c14c500000,0x000000c14c600000)]
  0x0000027853d32000 JavaThread "Build operations Thread 2" [_thread_blocked, id=10556, stack(0x000000c14c600000,0x000000c14c700000)]
  0x0000027853d35800 JavaThread "Build operations Thread 3" [_thread_blocked, id=15820, stack(0x000000c14c700000,0x000000c14c800000)]
  0x0000027853d33800 JavaThread "Build operations Thread 4" [_thread_blocked, id=26876, stack(0x000000c14c800000,0x000000c14c900000)]
  0x0000027853d31000 JavaThread "Build operations Thread 5" [_thread_blocked, id=19400, stack(0x000000c14c900000,0x000000c14ca00000)]
  0x0000027853d34800 JavaThread "Build operations Thread 6" [_thread_blocked, id=23476, stack(0x000000c14ca00000,0x000000c14cb00000)]
  0x0000027853d30800 JavaThread "Build operations Thread 7" [_thread_blocked, id=18984, stack(0x000000c14cb00000,0x000000c14cc00000)]
  0x00000278549fa800 JavaThread "Build operations Thread 8" [_thread_blocked, id=18124, stack(0x000000c14cc00000,0x000000c14cd00000)]
  0x0000027857d6d800 JavaThread "Memory manager" [_thread_blocked, id=21788, stack(0x000000c154300000,0x000000c154400000)]
  0x0000027857d74000 JavaThread "build event listener" [_thread_blocked, id=12348, stack(0x000000c154500000,0x000000c154600000)]
  0x0000027857d74800 JavaThread "build event listener" [_thread_blocked, id=15496, stack(0x000000c154600000,0x000000c154700000)]
  0x0000027857d75800 JavaThread "Execution worker for ':'" [_thread_blocked, id=26780, stack(0x000000c154700000,0x000000c154800000)]
  0x0000027857d70000 JavaThread "Execution worker for ':' Thread 2" [_thread_blocked, id=25972, stack(0x000000c154800000,0x000000c154900000)]
  0x0000027857d7a800 JavaThread "Execution worker for ':' Thread 3" [_thread_blocked, id=11172, stack(0x000000c154900000,0x000000c154a00000)]
  0x0000027857d7b000 JavaThread "Execution worker for ':' Thread 4" [_thread_blocked, id=23180, stack(0x000000c154a00000,0x000000c154b00000)]
  0x0000027857d78000 JavaThread "Execution worker for ':' Thread 5" [_thread_blocked, id=17248, stack(0x000000c154b00000,0x000000c154c00000)]
  0x0000027857d7c000 JavaThread "Execution worker for ':' Thread 6" [_thread_blocked, id=5332, stack(0x000000c154c00000,0x000000c154d00000)]
  0x0000027857d79800 JavaThread "Execution worker for ':' Thread 7" [_thread_in_Java, id=8780, stack(0x000000c154d00000,0x000000c154e00000)]
  0x0000027857d76800 JavaThread "Cache worker for execution history cache (E:\OfficeGit\Berger_Xpress_Visualizer\Berger_Visualizer\Berger Visualizer\.gradle\6.7.1\executionHistory)" [_thread_blocked, id=7544, stack(0x000000c154e00000,0x000000c154f00000)]
  0x000002785497e000 JavaThread "WorkerExecutor Queue Thread 8" [_thread_blocked, id=23572, stack(0x000000c155900000,0x000000c155a00000)]
  0x0000027854985000 JavaThread "pool-4-thread-1" [_thread_blocked, id=23184, stack(0x000000c155a00000,0x000000c155b00000)]
  0x000002785497f000 JavaThread "stderr" [_thread_in_native, id=15332, stack(0x000000c155b00000,0x000000c155c00000)]
  0x0000027854986800 JavaThread "stdout" [_thread_in_native, id=15544, stack(0x000000c155c00000,0x000000c155d00000)]
  0x0000027854985800 JavaThread "stderr" [_thread_in_native, id=26976, stack(0x000000c155d00000,0x000000c155e00000)]
  0x0000027854987000 JavaThread "stdout" [_thread_in_native, id=14528, stack(0x000000c155e00000,0x000000c155f00000)]
  0x0000027854988000 JavaThread "stderr" [_thread_in_native, id=3888, stack(0x000000c155f00000,0x000000c156000000)]
  0x0000027854989000 JavaThread "stdout" [_thread_in_native, id=25444, stack(0x000000c156000000,0x000000c156100000)]
  0x0000027854989800 JavaThread "stderr" [_thread_in_native, id=9312, stack(0x000000c156100000,0x000000c156200000)]
  0x0000027857d72000 JavaThread "stdout" [_thread_in_native, id=13840, stack(0x000000c156200000,0x000000c156300000)]
  0x0000027857d6e000 JavaThread "stderr" [_thread_in_native, id=15236, stack(0x000000c156300000,0x000000c156400000)]
  0x000002785c82c000 JavaThread "stdout" [_thread_in_native, id=15428, stack(0x000000c156400000,0x000000c156500000)]
  0x000002785c829800 JavaThread "stderr" [_thread_in_native, id=19500, stack(0x000000c156500000,0x000000c156600000)]
  0x000002785c82b000 JavaThread "stdout" [_thread_in_native, id=6152, stack(0x000000c156600000,0x000000c156700000)]
  0x000002785c830000 JavaThread "Cache worker for Java compile cache (C:\Users\hp\.gradle\caches\6.7.1\javaCompile)" [_thread_blocked, id=22404, stack(0x000000c156700000,0x000000c156800000)]
  0x000002785c82a000 JavaThread "Cache worker for Java compile cache (E:\OfficeGit\Berger_Xpress_Visualizer\Berger_Visualizer\Berger Visualizer\.gradle\6.7.1\javaCompile)" [_thread_blocked, id=25912, stack(0x000000c156800000,0x000000c156900000)]
  0x000002785c82e000 JavaThread "WorkerExecutor Queue Thread 11" [_thread_blocked, id=24968, stack(0x000000c154400000,0x000000c154500000)]
  0x000002785c834000 JavaThread "WorkerExecutor Queue Thread 12" [_thread_blocked, id=25876, stack(0x000000c154f00000,0x000000c155000000)]
  0x000002785c834800 JavaThread "RMI Scheduler(0)" daemon [_thread_blocked, id=22764, stack(0x000000c155200000,0x000000c155300000)]
  0x000002785c82f000 JavaThread "RMI GC Daemon" daemon [_thread_blocked, id=26092, stack(0x000000c155600000,0x000000c155700000)]
  0x000002785c837000 JavaThread "RMI TCP Accept-0" daemon [_thread_in_native, id=92, stack(0x000000c155700000,0x000000c155800000)]
  0x000002785c839000 JavaThread "RMI Reaper" [_thread_blocked, id=23556, stack(0x000000c155800000,0x000000c155900000)]
  0x000002785c836800 JavaThread "RMI TCP Connection(idle)" daemon [_thread_blocked, id=22916, stack(0x000000c156900000,0x000000c156a00000)]
=>0x000002785c835800 JavaThread "C2 CompilerThread1" daemon [_thread_in_native, id=10884, stack(0x000000c14b200000,0x000000c14b300000)]
  0x000002785c830800 JavaThread "C2 CompilerThread2" daemon [_thread_in_native, id=27512, stack(0x000000c14c100000,0x000000c14c200000)]

Other Threads:
  0x0000027852a95000 VMThread "VM Thread" [stack: 0x000000c149800000,0x000000c149900000] [id=24640]
  0x0000027852c9f800 WatcherThread [stack: 0x000000c14a200000,0x000000c14a300000] [id=13816]
  0x0000027837dd5800 GCTaskThread "GC Thread#0" [stack: 0x000000c149300000,0x000000c149400000] [id=22620]
  0x0000027853cf5800 GCTaskThread "GC Thread#1" [stack: 0x000000c14a400000,0x000000c14a500000] [id=22668]
  0x0000027853cf6000 GCTaskThread "GC Thread#2" [stack: 0x000000c14a500000,0x000000c14a600000] [id=27244]
  0x0000027853af5800 GCTaskThread "GC Thread#3" [stack: 0x000000c14a600000,0x000000c14a700000] [id=13952]
  0x0000027853af6000 GCTaskThread "GC Thread#4" [stack: 0x000000c14a700000,0x000000c14a800000] [id=1560]
  0x0000027853c75800 GCTaskThread "GC Thread#5" [stack: 0x000000c14a800000,0x000000c14a900000] [id=9588]
  0x00000278551a9000 GCTaskThread "GC Thread#6" [stack: 0x000000c14b600000,0x000000c14b700000] [id=22584]
  0x0000027852e38800 GCTaskThread "GC Thread#7" [stack: 0x000000c14b700000,0x000000c14b800000] [id=10712]
  0x0000027837e08800 ConcurrentGCThread "G1 Main Marker" [stack: 0x000000c149400000,0x000000c149500000] [id=23840]
  0x0000027837e0d000 ConcurrentGCThread "G1 Conc#0" [stack: 0x000000c149500000,0x000000c149600000] [id=27056]
  0x00000278550a7800 ConcurrentGCThread "G1 Conc#1" [stack: 0x000000c14b900000,0x000000c14ba00000] [id=19136]
  0x00000278520df800 ConcurrentGCThread "G1 Refine#0" [stack: 0x000000c149600000,0x000000c149700000] [id=22264]
  0x0000027853bd6800 ConcurrentGCThread "G1 Refine#1" [stack: 0x000000c14b800000,0x000000c14b900000] [id=6336]
  0x00000278594d0800 ConcurrentGCThread "G1 Refine#2" [stack: 0x000000c154200000,0x000000c154300000] [id=21124]
  0x00000278520e0800 ConcurrentGCThread "G1 Young RemSet Sampling" [stack: 0x000000c149700000,0x000000c149800000] [id=18484]

Threads with active compile tasks:
C2 CompilerThread0 131133 34641       4       org.jetbrains.kotlin.load.kotlin.TypeSignatureMappingKt::mapType (963 bytes)
C1 CompilerThread0 131133 34775       3       org.jetbrains.uast.kotlin.KotlinULiteralExpression::<init> (35 bytes)
C2 CompilerThread1 131133 34624       4       org.jetbrains.uast.kotlin.KotlinConverter::convertExpression$uast_kotlin (3063 bytes)
C2 CompilerThread2 131133 34657       4       com.intellij.psi.impl.compiled.ClsJavaCodeReferenceElementImpl::resolveElement (281 bytes)

VM state:not at safepoint (normal execution)

VM Mutex/Monitor currently owned by a thread: None

Heap address: 0x0000000080000000, size: 2048 MB, Compressed Oops mode: 32-bit
Narrow klass base: 0x0000000000000000, Narrow klass shift: 3
Compressed class space size: 1073741824 Address: 0x0000000100000000

Heap:
 garbage-first heap   total 315392K, used 260263K [0x0000000080000000, 0x0000000100000000)
  region size 1024K, 18 young (18432K), 4 survivors (4096K)
 Metaspace       used 188715K, capacity 192773K, committed 192896K, reserved 1220608K
  class space    used 22492K, capacity 23831K, committed 23936K, reserved 1048576K
Heap Regions: E=young(eden), S=young(survivor), O=old, HS=humongous(starts), HC=humongous(continues), CS=collection set, F=free, A=archive, TAMS=top-at-mark-start (previous, next)
|   0|0x0000000080000000, 0x0000000080100000, 0x0000000080100000|100%| O|  |TAMS 0x0000000080100000, 0x0000000080000000| Untracked 
|   1|0x0000000080100000, 0x0000000080200000, 0x0000000080200000|100%| O|  |TAMS 0x0000000080200000, 0x0000000080100000| Untracked 
|   2|0x0000000080200000, 0x0000000080300000, 0x0000000080300000|100%| O|  |TAMS 0x0000000080300000, 0x0000000080200000| Untracked 
|   3|0x0000000080300000, 0x0000000080400000, 0x0000000080400000|100%|HS|  |TAMS 0x0000000080400000, 0x0000000080300000| Complete 
|   4|0x0000000080400000, 0x0000000080500000, 0x0000000080500000|100%|HC|  |TAMS 0x0000000080500000, 0x0000000080400000| Complete 
|   5|0x0000000080500000, 0x0000000080600000, 0x0000000080600000|100%|HC|  |TAMS 0x0000000080600000, 0x0000000080500000| Complete 
|   6|0x0000000080600000, 0x0000000080700000, 0x0000000080700000|100%| O|  |TAMS 0x0000000080700000, 0x0000000080600000| Untracked 
|   7|0x0000000080700000, 0x0000000080800000, 0x0000000080800000|100%| O|  |TAMS 0x0000000080800000, 0x0000000080700000| Untracked 
|   8|0x0000000080800000, 0x0000000080900000, 0x0000000080900000|100%| O|  |TAMS 0x0000000080900000, 0x0000000080800000| Untracked 
|   9|0x0000000080900000, 0x0000000080a00000, 0x0000000080a00000|100%| O|  |TAMS 0x0000000080a00000, 0x0000000080900000| Untracked 
|  10|0x0000000080a00000, 0x0000000080b00000, 0x0000000080b00000|100%| O|  |TAMS 0x0000000080b00000, 0x0000000080a00000| Untracked 
|  11|0x0000000080b00000, 0x0000000080c00000, 0x0000000080c00000|100%| O|  |TAMS 0x0000000080c00000, 0x0000000080b00000| Untracked 
|  12|0x0000000080c00000, 0x0000000080d00000, 0x0000000080d00000|100%| O|  |TAMS 0x0000000080d00000, 0x0000000080c00000| Untracked 
|  13|0x0000000080d00000, 0x0000000080e00000, 0x0000000080e00000|100%| O|  |TAMS 0x0000000080e00000, 0x0000000080d00000| Untracked 
|  14|0x0000000080e00000, 0x0000000080f00000, 0x0000000080f00000|100%| O|  |TAMS 0x0000000080f00000, 0x0000000080e00000| Untracked 
|  15|0x0000000080f00000, 0x0000000081000000, 0x0000000081000000|100%| O|  |TAMS 0x0000000081000000, 0x0000000080f00000| Untracked 
|  16|0x0000000081000000, 0x0000000081100000, 0x0000000081100000|100%|HS|  |TAMS 0x0000000081100000, 0x0000000081000000| Complete 
|  17|0x0000000081100000, 0x0000000081200000, 0x0000000081200000|100%|HS|  |TAMS 0x0000000081200000, 0x0000000081100000| Complete 
|  18|0x0000000081200000, 0x0000000081300000, 0x0000000081300000|100%|HS|  |TAMS 0x0000000081300000, 0x0000000081200000| Complete 
|  19|0x0000000081300000, 0x0000000081400000, 0x0000000081400000|100%|HC|  |TAMS 0x0000000081400000, 0x0000000081300000| Complete 
|  20|0x0000000081400000, 0x0000000081500000, 0x0000000081500000|100%|HC|  |TAMS 0x0000000081500000, 0x0000000081400000| Complete 
|  21|0x0000000081500000, 0x0000000081600000, 0x0000000081600000|100%|HS|  |TAMS 0x0000000081600000, 0x0000000081500000| Complete 
|  22|0x0000000081600000, 0x0000000081700000, 0x0000000081700000|100%|HC|  |TAMS 0x0000000081700000, 0x0000000081600000| Complete 
|  23|0x0000000081700000, 0x0000000081800000, 0x0000000081800000|100%| O|  |TAMS 0x0000000081800000, 0x0000000081700000| Untracked 
|  24|0x0000000081800000, 0x0000000081900000, 0x0000000081900000|100%| O|  |TAMS 0x0000000081900000, 0x0000000081800000| Untracked 
|  25|0x0000000081900000, 0x0000000081a00000, 0x0000000081a00000|100%| O|  |TAMS 0x0000000081a00000, 0x0000000081900000| Untracked 
|  26|0x0000000081a00000, 0x0000000081b00000, 0x0000000081b00000|100%| O|  |TAMS 0x0000000081b00000, 0x0000000081a00000| Untracked 
|  27|0x0000000081b00000, 0x0000000081c00000, 0x0000000081c00000|100%| O|  |TAMS 0x0000000081c00000, 0x0000000081b00000| Untracked 
|  28|0x0000000081c00000, 0x0000000081d00000, 0x0000000081d00000|100%| O|  |TAMS 0x0000000081d00000, 0x0000000081c00000| Untracked 
|  29|0x0000000081d00000, 0x0000000081e00000, 0x0000000081e00000|100%| O|  |TAMS 0x0000000081e00000, 0x0000000081d00000| Untracked 
|  30|0x0000000081e00000, 0x0000000081f00000, 0x0000000081f00000|100%| O|  |TAMS 0x0000000081f00000, 0x0000000081e00000| Untracked 
|  31|0x0000000081f00000, 0x0000000082000000, 0x0000000082000000|100%| O|  |TAMS 0x0000000082000000, 0x0000000081f00000| Untracked 
|  32|0x0000000082000000, 0x0000000082100000, 0x0000000082100000|100%| O|  |TAMS 0x0000000082100000, 0x0000000082000000| Untracked 
|  33|0x0000000082100000, 0x0000000082200000, 0x0000000082200000|100%| O|  |TAMS 0x0000000082200000, 0x0000000082100000| Untracked 
|  34|0x0000000082200000, 0x0000000082300000, 0x0000000082300000|100%| O|  |TAMS 0x0000000082300000, 0x0000000082200000| Untracked 
|  35|0x0000000082300000, 0x0000000082400000, 0x0000000082400000|100%| O|  |TAMS 0x0000000082400000, 0x0000000082300000| Untracked 
|  36|0x0000000082400000, 0x0000000082500000, 0x0000000082500000|100%| O|  |TAMS 0x0000000082500000, 0x0000000082400000| Untracked 
|  37|0x0000000082500000, 0x0000000082600000, 0x0000000082600000|100%| O|  |TAMS 0x0000000082600000, 0x0000000082500000| Untracked 
|  38|0x0000000082600000, 0x0000000082700000, 0x0000000082700000|100%| O|  |TAMS 0x0000000082700000, 0x0000000082600000| Untracked 
|  39|0x0000000082700000, 0x0000000082800000, 0x0000000082800000|100%| O|  |TAMS 0x0000000082800000, 0x0000000082700000| Untracked 
|  40|0x0000000082800000, 0x0000000082900000, 0x0000000082900000|100%| O|  |TAMS 0x0000000082900000, 0x0000000082800000| Untracked 
|  41|0x0000000082900000, 0x0000000082a00000, 0x0000000082a00000|100%| O|  |TAMS 0x0000000082a00000, 0x0000000082900000| Untracked 
|  42|0x0000000082a00000, 0x0000000082b00000, 0x0000000082b00000|100%| O|  |TAMS 0x0000000082b00000, 0x0000000082a00000| Untracked 
|  43|0x0000000082b00000, 0x0000000082c00000, 0x0000000082c00000|100%| O|  |TAMS 0x0000000082c00000, 0x0000000082b00000| Untracked 
|  44|0x0000000082c00000, 0x0000000082d00000, 0x0000000082d00000|100%| O|  |TAMS 0x0000000082d00000, 0x0000000082c00000| Untracked 
|  45|0x0000000082d00000, 0x0000000082e00000, 0x0000000082e00000|100%| O|  |TAMS 0x0000000082e00000, 0x0000000082d00000| Untracked 
|  46|0x0000000082e00000, 0x0000000082f00000, 0x0000000082f00000|100%| O|  |TAMS 0x0000000082f00000, 0x0000000082e00000| Untracked 
|  47|0x0000000082f00000, 0x0000000083000000, 0x0000000083000000|100%| O|  |TAMS 0x0000000083000000, 0x0000000082f00000| Untracked 
|  48|0x0000000083000000, 0x0000000083100000, 0x0000000083100000|100%| O|  |TAMS 0x0000000083100000, 0x0000000083000000| Untracked 
|  49|0x0000000083100000, 0x0000000083200000, 0x0000000083200000|100%| O|  |TAMS 0x0000000083200000, 0x0000000083100000| Untracked 
|  50|0x0000000083200000, 0x0000000083300000, 0x0000000083300000|100%| O|  |TAMS 0x0000000083300000, 0x0000000083200000| Untracked 
|  51|0x0000000083300000, 0x0000000083400000, 0x0000000083400000|100%| O|  |TAMS 0x0000000083400000, 0x0000000083300000| Untracked 
|  52|0x0000000083400000, 0x0000000083500000, 0x0000000083500000|100%| O|  |TAMS 0x0000000083500000, 0x0000000083400000| Untracked 
|  53|0x0000000083500000, 0x0000000083600000, 0x0000000083600000|100%| O|  |TAMS 0x0000000083600000, 0x0000000083500000| Untracked 
|  54|0x0000000083600000, 0x0000000083700000, 0x0000000083700000|100%| O|  |TAMS 0x0000000083700000, 0x0000000083600000| Untracked 
|  55|0x0000000083700000, 0x0000000083800000, 0x0000000083800000|100%| O|  |TAMS 0x0000000083800000, 0x0000000083700000| Untracked 
|  56|0x0000000083800000, 0x0000000083900000, 0x0000000083900000|100%| O|  |TAMS 0x0000000083900000, 0x0000000083800000| Untracked 
|  57|0x0000000083900000, 0x0000000083a00000, 0x0000000083a00000|100%| O|  |TAMS 0x0000000083a00000, 0x0000000083900000| Untracked 
|  58|0x0000000083a00000, 0x0000000083b00000, 0x0000000083b00000|100%| O|  |TAMS 0x0000000083b00000, 0x0000000083a00000| Untracked 
|  59|0x0000000083b00000, 0x0000000083c00000, 0x0000000083c00000|100%| O|  |TAMS 0x0000000083c00000, 0x0000000083b00000| Untracked 
|  60|0x0000000083c00000, 0x0000000083d00000, 0x0000000083d00000|100%| O|  |TAMS 0x0000000083d00000, 0x0000000083c00000| Untracked 
|  61|0x0000000083d00000, 0x0000000083e00000, 0x0000000083e00000|100%| O|  |TAMS 0x0000000083e00000, 0x0000000083d00000| Untracked 
|  62|0x0000000083e00000, 0x0000000083f00000, 0x0000000083f00000|100%| O|  |TAMS 0x0000000083f00000, 0x0000000083e00000| Untracked 
|  63|0x0000000083f00000, 0x0000000084000000, 0x0000000084000000|100%| O|  |TAMS 0x0000000084000000, 0x0000000083f00000| Untracked 
|  64|0x0000000084000000, 0x0000000084100000, 0x0000000084100000|100%| O|  |TAMS 0x0000000084100000, 0x0000000084000000| Untracked 
|  65|0x0000000084100000, 0x0000000084200000, 0x0000000084200000|100%| O|  |TAMS 0x0000000084200000, 0x0000000084100000| Untracked 
|  66|0x0000000084200000, 0x0000000084300000, 0x0000000084300000|100%| O|  |TAMS 0x0000000084300000, 0x0000000084200000| Untracked 
|  67|0x0000000084300000, 0x0000000084400000, 0x0000000084400000|100%|HS|  |TAMS 0x0000000084400000, 0x0000000084300000| Complete 
|  68|0x0000000084400000, 0x0000000084500000, 0x0000000084500000|100%| O|  |TAMS 0x0000000084500000, 0x0000000084400000| Untracked 
|  69|0x0000000084500000, 0x0000000084600000, 0x0000000084600000|100%| O|  |TAMS 0x0000000084600000, 0x0000000084500000| Untracked 
|  70|0x0000000084600000, 0x0000000084700000, 0x0000000084700000|100%| O|  |TAMS 0x0000000084700000, 0x0000000084600000| Untracked 
|  71|0x0000000084700000, 0x0000000084800000, 0x0000000084800000|100%| O|  |TAMS 0x0000000084800000, 0x0000000084700000| Untracked 
|  72|0x0000000084800000, 0x0000000084900000, 0x0000000084900000|100%| O|  |TAMS 0x0000000084900000, 0x0000000084800000| Untracked 
|  73|0x0000000084900000, 0x0000000084a00000, 0x0000000084a00000|100%| O|  |TAMS 0x0000000084a00000, 0x0000000084900000| Untracked 
|  74|0x0000000084a00000, 0x0000000084b00000, 0x0000000084b00000|100%| O|  |TAMS 0x0000000084b00000, 0x0000000084a00000| Untracked 
|  75|0x0000000084b00000, 0x0000000084c00000, 0x0000000084c00000|100%| O|  |TAMS 0x0000000084c00000, 0x0000000084b00000| Untracked 
|  76|0x0000000084c00000, 0x0000000084d00000, 0x0000000084d00000|100%| O|  |TAMS 0x0000000084d00000, 0x0000000084c00000| Untracked 
|  77|0x0000000084d00000, 0x0000000084e00000, 0x0000000084e00000|100%| O|  |TAMS 0x0000000084e00000, 0x0000000084d00000| Untracked 
|  78|0x0000000084e00000, 0x0000000084f00000, 0x0000000084f00000|100%| O|  |TAMS 0x0000000084f00000, 0x0000000084e00000| Untracked 
|  79|0x0000000084f00000, 0x0000000085000000, 0x0000000085000000|100%| O|  |TAMS 0x0000000085000000, 0x0000000084f00000| Untracked 
|  80|0x0000000085000000, 0x0000000085100000, 0x0000000085100000|100%| O|  |TAMS 0x0000000085100000, 0x0000000085000000| Untracked 
|  81|0x0000000085100000, 0x0000000085200000, 0x0000000085200000|100%| O|  |TAMS 0x0000000085200000, 0x0000000085100000| Untracked 
|  82|0x0000000085200000, 0x0000000085300000, 0x0000000085300000|100%| O|  |TAMS 0x0000000085300000, 0x0000000085200000| Untracked 
|  83|0x0000000085300000, 0x0000000085400000, 0x0000000085400000|100%| O|  |TAMS 0x0000000085400000, 0x0000000085300000| Untracked 
|  84|0x0000000085400000, 0x0000000085500000, 0x0000000085500000|100%| O|  |TAMS 0x0000000085500000, 0x0000000085400000| Untracked 
|  85|0x0000000085500000, 0x0000000085600000, 0x0000000085600000|100%| O|  |TAMS 0x0000000085600000, 0x0000000085500000| Untracked 
|  86|0x0000000085600000, 0x0000000085700000, 0x0000000085700000|100%| O|  |TAMS 0x0000000085700000, 0x0000000085600000| Untracked 
|  87|0x0000000085700000, 0x0000000085800000, 0x0000000085800000|100%| O|  |TAMS 0x0000000085800000, 0x0000000085700000| Untracked 
|  88|0x0000000085800000, 0x0000000085900000, 0x0000000085900000|100%| O|  |TAMS 0x0000000085900000, 0x0000000085800000| Untracked 
|  89|0x0000000085900000, 0x0000000085a00000, 0x0000000085a00000|100%| O|  |TAMS 0x0000000085a00000, 0x0000000085900000| Untracked 
|  90|0x0000000085a00000, 0x0000000085b00000, 0x0000000085b00000|100%| O|  |TAMS 0x0000000085b00000, 0x0000000085a00000| Untracked 
|  91|0x0000000085b00000, 0x0000000085c00000, 0x0000000085c00000|100%| O|  |TAMS 0x0000000085c00000, 0x0000000085b00000| Untracked 
|  92|0x0000000085c00000, 0x0000000085d00000, 0x0000000085d00000|100%| O|  |TAMS 0x0000000085d00000, 0x0000000085c00000| Untracked 
|  93|0x0000000085d00000, 0x0000000085e00000, 0x0000000085e00000|100%| O|  |TAMS 0x0000000085e00000, 0x0000000085d00000| Untracked 
|  94|0x0000000085e00000, 0x0000000085f00000, 0x0000000085f00000|100%| O|  |TAMS 0x0000000085f00000, 0x0000000085e00000| Untracked 
|  95|0x0000000085f00000, 0x0000000086000000, 0x0000000086000000|100%| O|  |TAMS 0x0000000086000000, 0x0000000085f00000| Untracked 
|  96|0x0000000086000000, 0x0000000086100000, 0x0000000086100000|100%| O|  |TAMS 0x0000000086100000, 0x0000000086000000| Untracked 
|  97|0x0000000086100000, 0x0000000086200000, 0x0000000086200000|100%| O|  |TAMS 0x0000000086200000, 0x0000000086100000| Untracked 
|  98|0x0000000086200000, 0x0000000086300000, 0x0000000086300000|100%|HS|  |TAMS 0x0000000086300000, 0x0000000086200000| Complete 
|  99|0x0000000086300000, 0x0000000086400000, 0x0000000086400000|100%|HC|  |TAMS 0x0000000086400000, 0x0000000086300000| Complete 
| 100|0x0000000086400000, 0x0000000086500000, 0x0000000086500000|100%|HC|  |TAMS 0x0000000086500000, 0x0000000086400000| Complete 
| 101|0x0000000086500000, 0x0000000086600000, 0x0000000086600000|100%| O|  |TAMS 0x0000000086600000, 0x0000000086500000| Untracked 
| 102|0x0000000086600000, 0x0000000086700000, 0x0000000086700000|100%| O|  |TAMS 0x0000000086700000, 0x0000000086600000| Untracked 
| 103|0x0000000086700000, 0x0000000086800000, 0x0000000086800000|100%|HS|  |TAMS 0x0000000086800000, 0x0000000086700000| Complete 
| 104|0x0000000086800000, 0x0000000086900000, 0x0000000086900000|100%|HC|  |TAMS 0x0000000086900000, 0x0000000086800000| Complete 
| 105|0x0000000086900000, 0x0000000086a00000, 0x0000000086a00000|100%|HC|  |TAMS 0x0000000086a00000, 0x0000000086900000| Complete 
| 106|0x0000000086a00000, 0x0000000086b00000, 0x0000000086b00000|100%| O|  |TAMS 0x0000000086b00000, 0x0000000086a00000| Untracked 
| 107|0x0000000086b00000, 0x0000000086c00000, 0x0000000086c00000|100%| O|  |TAMS 0x0000000086c00000, 0x0000000086b00000| Untracked 
| 108|0x0000000086c00000, 0x0000000086d00000, 0x0000000086d00000|100%| O|  |TAMS 0x0000000086d00000, 0x0000000086c00000| Untracked 
| 109|0x0000000086d00000, 0x0000000086e00000, 0x0000000086e00000|100%| O|  |TAMS 0x0000000086e00000, 0x0000000086d00000| Untracked 
| 110|0x0000000086e00000, 0x0000000086f00000, 0x0000000086f00000|100%| O|  |TAMS 0x0000000086f00000, 0x0000000086e00000| Untracked 
| 111|0x0000000086f00000, 0x0000000087000000, 0x0000000087000000|100%| O|  |TAMS 0x0000000087000000, 0x0000000086f00000| Untracked 
| 112|0x0000000087000000, 0x0000000087100000, 0x0000000087100000|100%| O|  |TAMS 0x0000000087100000, 0x0000000087000000| Untracked 
| 113|0x0000000087100000, 0x0000000087200000, 0x0000000087200000|100%| O|  |TAMS 0x0000000087200000, 0x0000000087100000| Untracked 
| 114|0x0000000087200000, 0x0000000087300000, 0x0000000087300000|100%| O|  |TAMS 0x0000000087300000, 0x0000000087200000| Untracked 
| 115|0x0000000087300000, 0x0000000087400000, 0x0000000087400000|100%| O|  |TAMS 0x0000000087400000, 0x0000000087300000| Untracked 
| 116|0x0000000087400000, 0x0000000087500000, 0x0000000087500000|100%| O|  |TAMS 0x0000000087500000, 0x0000000087400000| Untracked 
| 117|0x0000000087500000, 0x0000000087600000, 0x0000000087600000|100%| O|  |TAMS 0x0000000087600000, 0x0000000087500000| Untracked 
| 118|0x0000000087600000, 0x0000000087700000, 0x0000000087700000|100%| O|  |TAMS 0x0000000087700000, 0x0000000087600000| Untracked 
| 119|0x0000000087700000, 0x0000000087800000, 0x0000000087800000|100%| O|  |TAMS 0x0000000087800000, 0x0000000087700000| Untracked 
| 120|0x0000000087800000, 0x0000000087900000, 0x0000000087900000|100%| O|  |TAMS 0x0000000087900000, 0x0000000087800000| Untracked 
| 121|0x0000000087900000, 0x0000000087a00000, 0x0000000087a00000|100%| O|  |TAMS 0x0000000087a00000, 0x0000000087900000| Untracked 
| 122|0x0000000087a00000, 0x0000000087b00000, 0x0000000087b00000|100%| O|  |TAMS 0x0000000087b00000, 0x0000000087a00000| Untracked 
| 123|0x0000000087b00000, 0x0000000087c00000, 0x0000000087c00000|100%| O|  |TAMS 0x0000000087c00000, 0x0000000087b00000| Untracked 
| 124|0x0000000087c00000, 0x0000000087d00000, 0x0000000087d00000|100%| O|  |TAMS 0x0000000087d00000, 0x0000000087c00000| Untracked 
| 125|0x0000000087d00000, 0x0000000087e00000, 0x0000000087e00000|100%| O|  |TAMS 0x0000000087e00000, 0x0000000087d00000| Untracked 
| 126|0x0000000087e00000, 0x0000000087f00000, 0x0000000087f00000|100%| O|  |TAMS 0x0000000087f00000, 0x0000000087e00000| Untracked 
| 127|0x0000000087f00000, 0x0000000088000000, 0x0000000088000000|100%|HS|  |TAMS 0x0000000088000000, 0x0000000087f00000| Complete 
| 128|0x0000000088000000, 0x0000000088100000, 0x0000000088100000|100%|HC|  |TAMS 0x0000000088100000, 0x0000000088000000| Complete 
| 129|0x0000000088100000, 0x0000000088200000, 0x0000000088200000|100%| O|  |TAMS 0x0000000088200000, 0x0000000088100000| Untracked 
| 130|0x0000000088200000, 0x0000000088300000, 0x0000000088300000|100%| O|  |TAMS 0x0000000088300000, 0x0000000088200000| Untracked 
| 131|0x0000000088300000, 0x0000000088400000, 0x0000000088400000|100%| O|  |TAMS 0x0000000088400000, 0x0000000088300000| Untracked 
| 132|0x0000000088400000, 0x0000000088500000, 0x0000000088500000|100%| O|  |TAMS 0x0000000088500000, 0x0000000088400000| Untracked 
| 133|0x0000000088500000, 0x0000000088600000, 0x0000000088600000|100%| O|  |TAMS 0x0000000088600000, 0x0000000088500000| Untracked 
| 134|0x0000000088600000, 0x0000000088700000, 0x0000000088700000|100%| O|  |TAMS 0x0000000088700000, 0x0000000088600000| Untracked 
| 135|0x0000000088700000, 0x0000000088800000, 0x0000000088800000|100%| O|  |TAMS 0x0000000088800000, 0x0000000088700000| Untracked 
| 136|0x0000000088800000, 0x0000000088900000, 0x0000000088900000|100%| O|  |TAMS 0x0000000088900000, 0x0000000088800000| Untracked 
| 137|0x0000000088900000, 0x0000000088a00000, 0x0000000088a00000|100%| O|  |TAMS 0x0000000088a00000, 0x0000000088900000| Untracked 
| 138|0x0000000088a00000, 0x0000000088b00000, 0x0000000088b00000|100%| O|  |TAMS 0x0000000088b00000, 0x0000000088a00000| Untracked 
| 139|0x0000000088b00000, 0x0000000088c00000, 0x0000000088c00000|100%| O|  |TAMS 0x0000000088c00000, 0x0000000088b00000| Untracked 
| 140|0x0000000088c00000, 0x0000000088d00000, 0x0000000088d00000|100%| O|  |TAMS 0x0000000088d00000, 0x0000000088c00000| Untracked 
| 141|0x0000000088d00000, 0x0000000088e00000, 0x0000000088e00000|100%| O|  |TAMS 0x0000000088e00000, 0x0000000088d00000| Untracked 
| 142|0x0000000088e00000, 0x0000000088f00000, 0x0000000088f00000|100%| O|  |TAMS 0x0000000088f00000, 0x0000000088e00000| Untracked 
| 143|0x0000000088f00000, 0x0000000089000000, 0x0000000089000000|100%| O|  |TAMS 0x0000000089000000, 0x0000000088f00000| Untracked 
| 144|0x0000000089000000, 0x0000000089100000, 0x0000000089100000|100%| O|  |TAMS 0x0000000089100000, 0x0000000089000000| Untracked 
| 145|0x0000000089100000, 0x0000000089200000, 0x0000000089200000|100%| O|  |TAMS 0x0000000089200000, 0x0000000089100000| Untracked 
| 146|0x0000000089200000, 0x0000000089300000, 0x0000000089300000|100%| O|  |TAMS 0x0000000089300000, 0x0000000089200000| Untracked 
| 147|0x0000000089300000, 0x0000000089400000, 0x0000000089400000|100%| O|  |TAMS 0x0000000089400000, 0x0000000089300000| Untracked 
| 148|0x0000000089400000, 0x0000000089500000, 0x0000000089500000|100%| O|  |TAMS 0x0000000089500000, 0x0000000089400000| Untracked 
| 149|0x0000000089500000, 0x0000000089600000, 0x0000000089600000|100%| O|  |TAMS 0x0000000089600000, 0x0000000089500000| Untracked 
| 150|0x0000000089600000, 0x0000000089700000, 0x0000000089700000|100%| O|  |TAMS 0x0000000089700000, 0x0000000089600000| Untracked 
| 151|0x0000000089700000, 0x0000000089800000, 0x0000000089800000|100%| O|  |TAMS 0x0000000089800000, 0x0000000089700000| Untracked 
| 152|0x0000000089800000, 0x0000000089900000, 0x0000000089900000|100%| O|  |TAMS 0x0000000089900000, 0x0000000089800000| Untracked 
| 153|0x0000000089900000, 0x0000000089a00000, 0x0000000089a00000|100%| O|  |TAMS 0x0000000089a00000, 0x0000000089900000| Untracked 
| 154|0x0000000089a00000, 0x0000000089b00000, 0x0000000089b00000|100%| O|  |TAMS 0x0000000089b00000, 0x0000000089a00000| Untracked 
| 155|0x0000000089b00000, 0x0000000089c00000, 0x0000000089c00000|100%| O|  |TAMS 0x0000000089c00000, 0x0000000089b00000| Untracked 
| 156|0x0000000089c00000, 0x0000000089d00000, 0x0000000089d00000|100%| O|  |TAMS 0x0000000089d00000, 0x0000000089c00000| Untracked 
| 157|0x0000000089d00000, 0x0000000089e00000, 0x0000000089e00000|100%| O|  |TAMS 0x0000000089e00000, 0x0000000089d00000| Untracked 
| 158|0x0000000089e00000, 0x0000000089f00000, 0x0000000089f00000|100%| O|  |TAMS 0x0000000089f00000, 0x0000000089e00000| Untracked 
| 159|0x0000000089f00000, 0x000000008a000000, 0x000000008a000000|100%| O|  |TAMS 0x000000008a000000, 0x0000000089f00000| Untracked 
| 160|0x000000008a000000, 0x000000008a100000, 0x000000008a100000|100%| O|  |TAMS 0x000000008a100000, 0x000000008a000000| Untracked 
| 161|0x000000008a100000, 0x000000008a200000, 0x000000008a200000|100%| O|  |TAMS 0x000000008a200000, 0x000000008a100000| Untracked 
| 162|0x000000008a200000, 0x000000008a300000, 0x000000008a300000|100%| O|  |TAMS 0x000000008a300000, 0x000000008a200000| Untracked 
| 163|0x000000008a300000, 0x000000008a400000, 0x000000008a400000|100%| O|  |TAMS 0x000000008a400000, 0x000000008a300000| Untracked 
| 164|0x000000008a400000, 0x000000008a500000, 0x000000008a500000|100%| O|  |TAMS 0x000000008a500000, 0x000000008a400000| Untracked 
| 165|0x000000008a500000, 0x000000008a600000, 0x000000008a600000|100%| O|  |TAMS 0x000000008a600000, 0x000000008a500000| Untracked 
| 166|0x000000008a600000, 0x000000008a700000, 0x000000008a700000|100%| O|  |TAMS 0x000000008a700000, 0x000000008a600000| Untracked 
| 167|0x000000008a700000, 0x000000008a800000, 0x000000008a800000|100%| O|  |TAMS 0x000000008a800000, 0x000000008a700000| Untracked 
| 168|0x000000008a800000, 0x000000008a900000, 0x000000008a900000|100%| O|  |TAMS 0x000000008a900000, 0x000000008a800000| Untracked 
| 169|0x000000008a900000, 0x000000008aa00000, 0x000000008aa00000|100%| O|  |TAMS 0x000000008aa00000, 0x000000008a900000| Untracked 
| 170|0x000000008aa00000, 0x000000008ab00000, 0x000000008ab00000|100%| O|  |TAMS 0x000000008ab00000, 0x000000008aa00000| Untracked 
| 171|0x000000008ab00000, 0x000000008ac00000, 0x000000008ac00000|100%| O|  |TAMS 0x000000008ac00000, 0x000000008ab00000| Untracked 
| 172|0x000000008ac00000, 0x000000008ad00000, 0x000000008ad00000|100%| O|  |TAMS 0x000000008ad00000, 0x000000008ac00000| Untracked 
| 173|0x000000008ad00000, 0x000000008ae00000, 0x000000008ae00000|100%| O|  |TAMS 0x000000008ae00000, 0x000000008ad00000| Untracked 
| 174|0x000000008ae00000, 0x000000008af00000, 0x000000008af00000|100%|HS|  |TAMS 0x000000008af00000, 0x000000008ae00000| Complete 
| 175|0x000000008af00000, 0x000000008b000000, 0x000000008b000000|100%|HS|  |TAMS 0x000000008b000000, 0x000000008af00000| Complete 
| 176|0x000000008b000000, 0x000000008b100000, 0x000000008b100000|100%|HC|  |TAMS 0x000000008b100000, 0x000000008b000000| Complete 
| 177|0x000000008b100000, 0x000000008b200000, 0x000000008b200000|100%| O|  |TAMS 0x000000008b200000, 0x000000008b100000| Untracked 
| 178|0x000000008b200000, 0x000000008b300000, 0x000000008b300000|100%| O|  |TAMS 0x000000008b300000, 0x000000008b200000| Untracked 
| 179|0x000000008b300000, 0x000000008b400000, 0x000000008b400000|100%| O|  |TAMS 0x000000008b400000, 0x000000008b300000| Untracked 
| 180|0x000000008b400000, 0x000000008b500000, 0x000000008b500000|100%| O|  |TAMS 0x000000008b500000, 0x000000008b400000| Untracked 
| 181|0x000000008b500000, 0x000000008b600000, 0x000000008b600000|100%| O|  |TAMS 0x000000008b600000, 0x000000008b500000| Untracked 
| 182|0x000000008b600000, 0x000000008b700000, 0x000000008b700000|100%| O|  |TAMS 0x000000008b700000, 0x000000008b600000| Untracked 
| 183|0x000000008b700000, 0x000000008b800000, 0x000000008b800000|100%| O|  |TAMS 0x000000008b800000, 0x000000008b700000| Untracked 
| 184|0x000000008b800000, 0x000000008b900000, 0x000000008b900000|100%| O|  |TAMS 0x000000008b900000, 0x000000008b800000| Untracked 
| 185|0x000000008b900000, 0x000000008ba00000, 0x000000008ba00000|100%| O|  |TAMS 0x000000008ba00000, 0x000000008b900000| Untracked 
| 186|0x000000008ba00000, 0x000000008bb00000, 0x000000008bb00000|100%| O|  |TAMS 0x000000008bb00000, 0x000000008ba00000| Untracked 
| 187|0x000000008bb00000, 0x000000008bc00000, 0x000000008bc00000|100%| O|  |TAMS 0x000000008bc00000, 0x000000008bb00000| Untracked 
| 188|0x000000008bc00000, 0x000000008bd00000, 0x000000008bd00000|100%| O|  |TAMS 0x000000008bd00000, 0x000000008bc00000| Untracked 
| 189|0x000000008bd00000, 0x000000008be00000, 0x000000008be00000|100%| O|  |TAMS 0x000000008be00000, 0x000000008bd00000| Untracked 
| 190|0x000000008be00000, 0x000000008bf00000, 0x000000008bf00000|100%| O|  |TAMS 0x000000008bf00000, 0x000000008be00000| Untracked 
| 191|0x000000008bf00000, 0x000000008c000000, 0x000000008c000000|100%| O|  |TAMS 0x000000008c000000, 0x000000008bf00000| Untracked 
| 192|0x000000008c000000, 0x000000008c100000, 0x000000008c100000|100%| O|  |TAMS 0x000000008c100000, 0x000000008c000000| Untracked 
| 193|0x000000008c100000, 0x000000008c200000, 0x000000008c200000|100%| O|  |TAMS 0x000000008c200000, 0x000000008c100000| Untracked 
| 194|0x000000008c200000, 0x000000008c300000, 0x000000008c300000|100%| O|  |TAMS 0x000000008c300000, 0x000000008c200000| Untracked 
| 195|0x000000008c300000, 0x000000008c400000, 0x000000008c400000|100%| O|  |TAMS 0x000000008c400000, 0x000000008c300000| Untracked 
| 196|0x000000008c400000, 0x000000008c500000, 0x000000008c500000|100%| O|  |TAMS 0x000000008c500000, 0x000000008c400000| Untracked 
| 197|0x000000008c500000, 0x000000008c600000, 0x000000008c600000|100%| O|  |TAMS 0x000000008c600000, 0x000000008c500000| Untracked 
| 198|0x000000008c600000, 0x000000008c700000, 0x000000008c700000|100%| O|  |TAMS 0x000000008c700000, 0x000000008c600000| Untracked 
| 199|0x000000008c700000, 0x000000008c800000, 0x000000008c800000|100%| O|  |TAMS 0x000000008c800000, 0x000000008c700000| Untracked 
| 200|0x000000008c800000, 0x000000008c900000, 0x000000008c900000|100%| O|  |TAMS 0x000000008c900000, 0x000000008c800000| Untracked 
| 201|0x000000008c900000, 0x000000008ca00000, 0x000000008ca00000|100%| O|  |TAMS 0x000000008ca00000, 0x000000008c900000| Untracked 
| 202|0x000000008ca00000, 0x000000008cb00000, 0x000000008cb00000|100%| O|  |TAMS 0x000000008cb00000, 0x000000008ca00000| Untracked 
| 203|0x000000008cb00000, 0x000000008cc00000, 0x000000008cc00000|100%| O|  |TAMS 0x000000008cc00000, 0x000000008cb00000| Untracked 
| 204|0x000000008cc00000, 0x000000008cd00000, 0x000000008cd00000|100%| O|  |TAMS 0x000000008cd00000, 0x000000008cc00000| Untracked 
| 205|0x000000008cd00000, 0x000000008ce00000, 0x000000008ce00000|100%| O|  |TAMS 0x000000008ce00000, 0x000000008cd00000| Untracked 
| 206|0x000000008ce00000, 0x000000008cf00000, 0x000000008cf00000|100%| O|  |TAMS 0x000000008cf00000, 0x000000008ce00000| Untracked 
| 207|0x000000008cf00000, 0x000000008d000000, 0x000000008d000000|100%| O|  |TAMS 0x000000008d000000, 0x000000008cf00000| Untracked 
| 208|0x000000008d000000, 0x000000008d100000, 0x000000008d100000|100%| O|  |TAMS 0x000000008d100000, 0x000000008d000000| Untracked 
| 209|0x000000008d100000, 0x000000008d200000, 0x000000008d200000|100%| O|  |TAMS 0x000000008d200000, 0x000000008d100000| Untracked 
| 210|0x000000008d200000, 0x000000008d300000, 0x000000008d300000|100%| O|  |TAMS 0x000000008d300000, 0x000000008d200000| Untracked 
| 211|0x000000008d300000, 0x000000008d400000, 0x000000008d400000|100%| O|  |TAMS 0x000000008d400000, 0x000000008d300000| Untracked 
| 212|0x000000008d400000, 0x000000008d500000, 0x000000008d500000|100%| O|  |TAMS 0x000000008d500000, 0x000000008d400000| Untracked 
| 213|0x000000008d500000, 0x000000008d600000, 0x000000008d600000|100%| O|  |TAMS 0x000000008d600000, 0x000000008d500000| Untracked 
| 214|0x000000008d600000, 0x000000008d700000, 0x000000008d700000|100%| O|  |TAMS 0x000000008d700000, 0x000000008d600000| Untracked 
| 215|0x000000008d700000, 0x000000008d800000, 0x000000008d800000|100%| O|  |TAMS 0x000000008d800000, 0x000000008d700000| Untracked 
| 216|0x000000008d800000, 0x000000008d900000, 0x000000008d900000|100%| O|  |TAMS 0x000000008d900000, 0x000000008d800000| Untracked 
| 217|0x000000008d900000, 0x000000008da00000, 0x000000008da00000|100%| O|  |TAMS 0x000000008da00000, 0x000000008d900000| Untracked 
| 218|0x000000008da00000, 0x000000008db00000, 0x000000008db00000|100%| O|  |TAMS 0x000000008db00000, 0x000000008da00000| Untracked 
| 219|0x000000008db00000, 0x000000008dc00000, 0x000000008dc00000|100%| O|  |TAMS 0x000000008dc00000, 0x000000008db00000| Untracked 
| 220|0x000000008dc00000, 0x000000008dd00000, 0x000000008dd00000|100%| O|  |TAMS 0x000000008dd00000, 0x000000008dc00000| Untracked 
| 221|0x000000008dd00000, 0x000000008de00000, 0x000000008de00000|100%| O|  |TAMS 0x000000008de00000, 0x000000008dd00000| Untracked 
| 222|0x000000008de00000, 0x000000008df00000, 0x000000008df00000|100%| O|  |TAMS 0x000000008df00000, 0x000000008de00000| Untracked 
| 223|0x000000008df00000, 0x000000008e000000, 0x000000008e000000|100%| O|  |TAMS 0x000000008e000000, 0x000000008df00000| Untracked 
| 224|0x000000008e000000, 0x000000008e100000, 0x000000008e100000|100%| O|  |TAMS 0x000000008e100000, 0x000000008e000000| Untracked 
| 225|0x000000008e100000, 0x000000008e200000, 0x000000008e200000|100%| O|  |TAMS 0x000000008e200000, 0x000000008e100000| Untracked 
| 226|0x000000008e200000, 0x000000008e300000, 0x000000008e300000|100%| O|  |TAMS 0x000000008e300000, 0x000000008e200000| Untracked 
| 227|0x000000008e300000, 0x000000008e400000, 0x000000008e400000|100%| O|  |TAMS 0x000000008e400000, 0x000000008e300000| Untracked 
| 228|0x000000008e400000, 0x000000008e500000, 0x000000008e500000|100%| O|  |TAMS 0x000000008e500000, 0x000000008e400000| Untracked 
| 229|0x000000008e500000, 0x000000008e600000, 0x000000008e600000|100%| O|  |TAMS 0x000000008e600000, 0x000000008e500000| Untracked 
| 230|0x000000008e600000, 0x000000008e700000, 0x000000008e700000|100%| O|  |TAMS 0x000000008e700000, 0x000000008e600000| Untracked 
| 231|0x000000008e700000, 0x000000008e800000, 0x000000008e800000|100%| O|  |TAMS 0x000000008e800000, 0x000000008e700000| Untracked 
| 232|0x000000008e800000, 0x000000008e900000, 0x000000008e900000|100%| O|  |TAMS 0x000000008e900000, 0x000000008e800000| Untracked 
| 233|0x000000008e900000, 0x000000008ea00000, 0x000000008ea00000|100%| O|  |TAMS 0x000000008e919200, 0x000000008e900000| Untracked 
| 234|0x000000008ea00000, 0x000000008eb00000, 0x000000008eb00000|100%| O|  |TAMS 0x000000008ea00000, 0x000000008ea00000| Untracked 
| 235|0x000000008eb00000, 0x000000008ec00000, 0x000000008ec00000|100%| O|  |TAMS 0x000000008eb00000, 0x000000008eb00000| Untracked 
| 236|0x000000008ec00000, 0x000000008ed00000, 0x000000008ed00000|100%| O|  |TAMS 0x000000008ec00000, 0x000000008ec00000| Untracked 
| 237|0x000000008ed00000, 0x000000008ee00000, 0x000000008ee00000|100%| O|  |TAMS 0x000000008ed00000, 0x000000008ed00000| Untracked 
| 238|0x000000008ee00000, 0x000000008ee15a08, 0x000000008ef00000|  8%| O|  |TAMS 0x000000008ee00000, 0x000000008ee00000| Untracked 
| 239|0x000000008ef00000, 0x000000008ef00000, 0x000000008f000000|  0%| F|  |TAMS 0x000000008ef00000, 0x000000008ef00000| Untracked 
| 240|0x000000008f000000, 0x000000008f000000, 0x000000008f100000|  0%| F|  |TAMS 0x000000008f000000, 0x000000008f000000| Untracked 
| 241|0x000000008f100000, 0x000000008f100000, 0x000000008f200000|  0%| F|  |TAMS 0x000000008f100000, 0x000000008f100000| Untracked 
| 242|0x000000008f200000, 0x000000008f200000, 0x000000008f300000|  0%| F|  |TAMS 0x000000008f200000, 0x000000008f200000| Untracked 
| 243|0x000000008f300000, 0x000000008f300000, 0x000000008f400000|  0%| F|  |TAMS 0x000000008f300000, 0x000000008f300000| Untracked 
| 244|0x000000008f400000, 0x000000008f400000, 0x000000008f500000|  0%| F|  |TAMS 0x000000008f400000, 0x000000008f400000| Untracked 
| 245|0x000000008f500000, 0x000000008f500000, 0x000000008f600000|  0%| F|  |TAMS 0x000000008f500000, 0x000000008f500000| Untracked 
| 246|0x000000008f600000, 0x000000008f600000, 0x000000008f700000|  0%| F|  |TAMS 0x000000008f600000, 0x000000008f600000| Untracked 
| 247|0x000000008f700000, 0x000000008f700000, 0x000000008f800000|  0%| F|  |TAMS 0x000000008f700000, 0x000000008f700000| Untracked 
| 248|0x000000008f800000, 0x000000008f800000, 0x000000008f900000|  0%| F|  |TAMS 0x000000008f800000, 0x000000008f800000| Untracked 
| 249|0x000000008f900000, 0x000000008f900000, 0x000000008fa00000|  0%| F|  |TAMS 0x000000008f900000, 0x000000008f900000| Untracked 
| 250|0x000000008fa00000, 0x000000008fa00000, 0x000000008fb00000|  0%| F|  |TAMS 0x000000008fa00000, 0x000000008fa00000| Untracked 
| 251|0x000000008fb00000, 0x000000008fb00000, 0x000000008fc00000|  0%| F|  |TAMS 0x000000008fb00000, 0x000000008fb00000| Untracked 
| 252|0x000000008fc00000, 0x000000008fc00000, 0x000000008fd00000|  0%| F|  |TAMS 0x000000008fc00000, 0x000000008fc00000| Untracked 
| 253|0x000000008fd00000, 0x000000008fd00000, 0x000000008fe00000|  0%| F|  |TAMS 0x000000008fd00000, 0x000000008fd00000| Untracked 
| 254|0x000000008fe00000, 0x000000008fe00000, 0x000000008ff00000|  0%| F|  |TAMS 0x000000008fe00000, 0x000000008fe00000| Untracked 
| 255|0x000000008ff00000, 0x000000008ff00000, 0x0000000090000000|  0%| F|  |TAMS 0x000000008ff00000, 0x000000008ff00000| Untracked 
| 256|0x0000000090000000, 0x0000000090000000, 0x0000000090100000|  0%| F|  |TAMS 0x0000000090000000, 0x0000000090000000| Untracked 
| 257|0x0000000090100000, 0x0000000090100000, 0x0000000090200000|  0%| F|  |TAMS 0x0000000090100000, 0x0000000090100000| Untracked 
| 258|0x0000000090200000, 0x0000000090200000, 0x0000000090300000|  0%| F|  |TAMS 0x0000000090200000, 0x0000000090200000| Untracked 
| 259|0x0000000090300000, 0x0000000090300000, 0x0000000090400000|  0%| F|  |TAMS 0x0000000090300000, 0x0000000090300000| Untracked 
| 260|0x0000000090400000, 0x0000000090400000, 0x0000000090500000|  0%| F|  |TAMS 0x0000000090400000, 0x0000000090400000| Untracked 
| 261|0x0000000090500000, 0x0000000090500000, 0x0000000090600000|  0%| F|  |TAMS 0x0000000090500000, 0x0000000090500000| Untracked 
| 262|0x0000000090600000, 0x0000000090600000, 0x0000000090700000|  0%| F|  |TAMS 0x0000000090600000, 0x0000000090600000| Untracked 
| 263|0x0000000090700000, 0x0000000090700000, 0x0000000090800000|  0%| F|  |TAMS 0x0000000090700000, 0x0000000090700000| Untracked 
| 264|0x0000000090800000, 0x0000000090800000, 0x0000000090900000|  0%| F|  |TAMS 0x0000000090800000, 0x0000000090800000| Untracked 
| 265|0x0000000090900000, 0x0000000090900000, 0x0000000090a00000|  0%| F|  |TAMS 0x0000000090900000, 0x0000000090900000| Untracked 
| 266|0x0000000090a00000, 0x0000000090a00000, 0x0000000090b00000|  0%| F|  |TAMS 0x0000000090a00000, 0x0000000090a00000| Untracked 
| 267|0x0000000090b00000, 0x0000000090b00000, 0x0000000090c00000|  0%| F|  |TAMS 0x0000000090b00000, 0x0000000090b00000| Untracked 
| 268|0x0000000090c00000, 0x0000000090c00000, 0x0000000090d00000|  0%| F|  |TAMS 0x0000000090c00000, 0x0000000090c00000| Untracked 
| 269|0x0000000090d00000, 0x0000000090d00000, 0x0000000090e00000|  0%| F|  |TAMS 0x0000000090d00000, 0x0000000090d00000| Untracked 
| 270|0x0000000090e00000, 0x0000000090e00000, 0x0000000090f00000|  0%| F|  |TAMS 0x0000000090e00000, 0x0000000090e00000| Untracked 
| 271|0x0000000090f00000, 0x0000000090f00000, 0x0000000091000000|  0%| F|  |TAMS 0x0000000090f00000, 0x0000000090f00000| Untracked 
| 272|0x0000000091000000, 0x0000000091000000, 0x0000000091100000|  0%| F|  |TAMS 0x0000000091000000, 0x0000000091000000| Untracked 
| 273|0x0000000091100000, 0x0000000091100000, 0x0000000091200000|  0%| F|  |TAMS 0x0000000091100000, 0x0000000091100000| Untracked 
| 274|0x0000000091200000, 0x0000000091200000, 0x0000000091300000|  0%| F|  |TAMS 0x0000000091200000, 0x0000000091200000| Untracked 
| 275|0x0000000091300000, 0x0000000091300000, 0x0000000091400000|  0%| F|  |TAMS 0x0000000091300000, 0x0000000091300000| Untracked 
| 276|0x0000000091400000, 0x00000000914144f8, 0x0000000091500000|  7%| S|CS|TAMS 0x0000000091400000, 0x0000000091400000| Complete 
| 277|0x0000000091500000, 0x0000000091500000, 0x0000000091600000|  0%| F|  |TAMS 0x0000000091500000, 0x0000000091500000| Untracked 
| 278|0x0000000091600000, 0x0000000091700000, 0x0000000091700000|100%| S|CS|TAMS 0x0000000091600000, 0x0000000091600000| Complete 
| 279|0x0000000091700000, 0x0000000091800000, 0x0000000091800000|100%| S|CS|TAMS 0x0000000091700000, 0x0000000091700000| Complete 
| 280|0x0000000091800000, 0x0000000091800000, 0x0000000091900000|  0%| F|  |TAMS 0x0000000091800000, 0x0000000091800000| Untracked 
| 281|0x0000000091900000, 0x0000000091900000, 0x0000000091a00000|  0%| F|  |TAMS 0x0000000091900000, 0x0000000091900000| Untracked 
| 282|0x0000000091a00000, 0x0000000091a00000, 0x0000000091b00000|  0%| F|  |TAMS 0x0000000091a00000, 0x0000000091a00000| Untracked 
| 283|0x0000000091b00000, 0x0000000091c00000, 0x0000000091c00000|100%| S|CS|TAMS 0x0000000091b00000, 0x0000000091b00000| Complete 
| 284|0x0000000091c00000, 0x0000000091c00000, 0x0000000091d00000|  0%| F|  |TAMS 0x0000000091c00000, 0x0000000091c00000| Untracked 
| 285|0x0000000091d00000, 0x0000000091d00000, 0x0000000091e00000|  0%| F|  |TAMS 0x0000000091d00000, 0x0000000091d00000| Untracked 
| 286|0x0000000091e00000, 0x0000000091e00000, 0x0000000091f00000|  0%| F|  |TAMS 0x0000000091e00000, 0x0000000091e00000| Untracked 
| 287|0x0000000091f00000, 0x0000000091f00000, 0x0000000092000000|  0%| F|  |TAMS 0x0000000091f00000, 0x0000000091f00000| Untracked 
| 288|0x0000000092000000, 0x0000000092000000, 0x0000000092100000|  0%| F|  |TAMS 0x0000000092000000, 0x0000000092000000| Untracked 
| 289|0x0000000092100000, 0x0000000092100000, 0x0000000092200000|  0%| F|  |TAMS 0x0000000092100000, 0x0000000092100000| Untracked 
| 290|0x0000000092200000, 0x0000000092200000, 0x0000000092300000|  0%| F|  |TAMS 0x0000000092200000, 0x0000000092200000| Untracked 
| 291|0x0000000092300000, 0x0000000092300000, 0x0000000092400000|  0%| F|  |TAMS 0x0000000092300000, 0x0000000092300000| Untracked 
| 292|0x0000000092400000, 0x0000000092400000, 0x0000000092500000|  0%| F|  |TAMS 0x0000000092400000, 0x0000000092400000| Untracked 
| 293|0x0000000092500000, 0x000000009257abe0, 0x0000000092600000| 47%| E|  |TAMS 0x0000000092500000, 0x0000000092500000| Complete 
| 294|0x0000000092600000, 0x0000000092700000, 0x0000000092700000|100%| E|CS|TAMS 0x0000000092600000, 0x0000000092600000| Complete 
| 295|0x0000000092700000, 0x0000000092800000, 0x0000000092800000|100%| E|CS|TAMS 0x0000000092700000, 0x0000000092700000| Complete 
| 296|0x0000000092800000, 0x0000000092900000, 0x0000000092900000|100%| E|CS|TAMS 0x0000000092800000, 0x0000000092800000| Complete 
| 297|0x0000000092900000, 0x0000000092a00000, 0x0000000092a00000|100%| E|CS|TAMS 0x0000000092900000, 0x0000000092900000| Complete 
| 298|0x0000000092a00000, 0x0000000092b00000, 0x0000000092b00000|100%| E|CS|TAMS 0x0000000092a00000, 0x0000000092a00000| Complete 
| 299|0x0000000092b00000, 0x0000000092c00000, 0x0000000092c00000|100%| E|CS|TAMS 0x0000000092b00000, 0x0000000092b00000| Complete 
| 300|0x0000000092c00000, 0x0000000092d00000, 0x0000000092d00000|100%| E|CS|TAMS 0x0000000092c00000, 0x0000000092c00000| Complete 
| 301|0x0000000092d00000, 0x0000000092e00000, 0x0000000092e00000|100%| E|CS|TAMS 0x0000000092d00000, 0x0000000092d00000| Complete 
| 302|0x0000000092e00000, 0x0000000092f00000, 0x0000000092f00000|100%| E|CS|TAMS 0x0000000092e00000, 0x0000000092e00000| Complete 
| 303|0x0000000092f00000, 0x0000000093000000, 0x0000000093000000|100%| E|CS|TAMS 0x0000000092f00000, 0x0000000092f00000| Complete 
| 304|0x0000000093000000, 0x0000000093100000, 0x0000000093100000|100%| E|CS|TAMS 0x0000000093000000, 0x0000000093000000| Complete 
| 305|0x0000000093100000, 0x0000000093200000, 0x0000000093200000|100%| E|CS|TAMS 0x0000000093100000, 0x0000000093100000| Complete 
| 306|0x0000000093200000, 0x0000000093300000, 0x0000000093300000|100%| E|CS|TAMS 0x0000000093200000, 0x0000000093200000| Complete 
| 307|0x0000000093300000, 0x0000000093400000, 0x0000000093400000|100%| E|CS|TAMS 0x0000000093300000, 0x0000000093300000| Complete 

Card table byte_map: [0x000002784afc0000,0x000002784b3c0000] _byte_map_base: 0x000002784abc0000

Marking Bits (Prev, Next): (CMBitMap*) 0x0000027837dffa88, (CMBitMap*) 0x0000027837dffac0
 Prev Bits: [0x000002784b7c0000, 0x000002784d7c0000)
 Next Bits: [0x000002784d7c0000, 0x000002784f7c0000)

Polling page: 0x0000027835c00000

Metaspace:

Usage:
  Non-class:    165.04 MB capacity,   162.33 MB ( 98%) used,     2.27 MB (  1%) free+waste,   461.50 KB ( <1%) overhead. 
      Class:     23.27 MB capacity,    21.96 MB ( 94%) used,     1.11 MB (  5%) free+waste,   199.75 KB ( <1%) overhead. 
       Both:    188.32 MB capacity,   184.29 MB ( 98%) used,     3.38 MB (  2%) free+waste,   661.25 KB ( <1%) overhead. 

Virtual space:
  Non-class space:      168.00 MB reserved,     165.25 MB ( 98%) committed 
      Class space:        1.00 GB reserved,      23.38 MB (  2%) committed 
             Both:        1.16 GB reserved,     188.63 MB ( 16%) committed 

Chunk freelists:
   Non-Class:  18.00 KB
       Class:  9.00 KB
        Both:  27.00 KB

MaxMetaspaceSize: 17179869184.00 GB
CompressedClassSpaceSize: 1.00 GB

CodeHeap 'non-profiled nmethods': size=120000Kb used=21647Kb max_used=22424Kb free=98352Kb
 bounds [0x0000027843360000, 0x0000027844950000, 0x000002784a890000]
CodeHeap 'profiled nmethods': size=120000Kb used=73170Kb max_used=74304Kb free=46829Kb
 bounds [0x000002783be30000, 0x0000027840730000, 0x0000027843360000]
CodeHeap 'non-nmethods': size=5760Kb used=2428Kb max_used=2522Kb free=3331Kb
 bounds [0x000002783b890000, 0x000002783bb10000, 0x000002783be30000]
 total_blobs=29396 nmethods=28331 adapters=974
 compilation: enabled
              stopped_count=0, restarted_count=0
 full_count=0

Compilation events (20 events):
Event: 131.078 Thread 0x0000027852af8000 nmethod 34730 0x000002783e220410 code [0x000002783e220740, 0x000002783e221618]
Event: 131.078 Thread 0x0000027852af8000 34735       3       org.jetbrains.uast.visitor.AbstractUastVisitor::visitAnnotation (12 bytes)
Event: 131.079 Thread 0x0000027852af8000 nmethod 34735 0x000002783e24cb10 code [0x000002783e24cde0, 0x000002783e24da08]
Event: 131.079 Thread 0x0000027852af8000 34736       3       org.jetbrains.uast.visitor.UastVisitor$DefaultImpls::visitAnnotation (17 bytes)
Event: 131.079 Thread 0x0000027852af8000 nmethod 34736 0x000002783def4990 code [0x000002783def4be0, 0x000002783def5308]
Event: 131.079 Thread 0x0000027852af8000 34737       3       org.jetbrains.uast.kotlin.KotlinNullabilityUAnnotation::getAttributeValues (4 bytes)
Event: 131.079 Thread 0x0000027852af8000 nmethod 34737 0x000002783dccb110 code [0x000002783dccb2c0, 0x000002783dccb418]
Event: 131.079 Thread 0x0000027852af8000 34738       3       org.jetbrains.uast.visitor.AbstractUastVisitor::afterVisitAnnotation (12 bytes)
Event: 131.081 Thread 0x0000027852af8000 nmethod 34738 0x000002783e5aac90 code [0x000002783e5ab040, 0x000002783e5ac518]
Event: 131.081 Thread 0x0000027852af8000 34739       3       org.jetbrains.uast.visitor.UastVisitor$DefaultImpls::afterVisitAnnotation (17 bytes)
Event: 131.082 Thread 0x0000027852af8000 nmethod 34739 0x000002783e043690 code [0x000002783e0438e0, 0x000002783e044008]
Event: 131.085 Thread 0x0000027852af8000 34740       3       org.jetbrains.uast.kotlin.KotlinUParameter::getPsi (8 bytes)
Event: 131.086 Thread 0x0000027852af8000 nmethod 34740 0x000002783de10f10 code [0x000002783de110c0, 0x000002783de112f8]
Event: 131.086 Thread 0x0000027852af8000 34741       3       gnu.trove.THashSet::<init> (6 bytes)
Event: 131.086 Thread 0x0000027852af8000 nmethod 34741 0x000002783df2b590 code [0x000002783df2b780, 0x000002783df2b9e8]
Event: 131.086 Thread 0x0000027852af8000 34742       3       org.jetbrains.kotlin.psi.psiUtil.KtPsiUtilKt::isExtensionDeclaration (85 bytes)
Event: 131.087 Thread 0x0000027852af8000 nmethod 34742 0x000002783e5a9990 code [0x000002783e5a9c20, 0x000002783e5aa958]
Event: 131.087 Thread 0x0000027852af8000 34743       3       org.jetbrains.kotlin.asJava.elements.KtLightParameterImpl::getKotlinOrigin (213 bytes)
Event: 131.088 Thread 0x0000027852af8000 nmethod 34743 0x000002783e801590 code [0x000002783e8018c0, 0x000002783e802f98]
Event: 131.088 Thread 0x0000027852af8000 34745       3       org.jetbrains.uast.kotlin.KotlinConverter::convertPsiElement$uast_kotlin (1570 bytes)

GC Heap History (20 events):
Event: 126.860 GC heap before
{Heap before GC invocations=102 (full 0):
 garbage-first heap   total 262144K, used 250458K [0x0000000080000000, 0x0000000100000000)
  region size 1024K, 12 young (12288K), 2 survivors (2048K)
 Metaspace       used 180965K, capacity 184934K, committed 185088K, reserved 1212416K
  class space    used 21466K, capacity 22775K, committed 22784K, reserved 1048576K
}
Event: 126.865 GC heap after
{Heap after GC invocations=103 (full 0):
 garbage-first heap   total 262144K, used 240635K [0x0000000080000000, 0x0000000100000000)
  region size 1024K, 2 young (2048K), 2 survivors (2048K)
 Metaspace       used 180965K, capacity 184934K, committed 185088K, reserved 1212416K
  class space    used 21466K, capacity 22775K, committed 22784K, reserved 1048576K
}
Event: 126.993 GC heap before
{Heap before GC invocations=103 (full 0):
 garbage-first heap   total 262144K, used 250875K [0x0000000080000000, 0x0000000100000000)
  region size 1024K, 12 young (12288K), 2 survivors (2048K)
 Metaspace       used 180999K, capacity 184934K, committed 185088K, reserved 1212416K
  class space    used 21466K, capacity 22775K, committed 22784K, reserved 1048576K
}
Event: 126.997 GC heap after
{Heap after GC invocations=104 (full 0):
 garbage-first heap   total 262144K, used 240830K [0x0000000080000000, 0x0000000100000000)
  region size 1024K, 2 young (2048K), 2 survivors (2048K)
 Metaspace       used 180999K, capacity 184934K, committed 185088K, reserved 1212416K
  class space    used 21466K, capacity 22775K, committed 22784K, reserved 1048576K
}
Event: 127.078 GC heap before
{Heap before GC invocations=104 (full 0):
 garbage-first heap   total 262144K, used 251070K [0x0000000080000000, 0x0000000100000000)
  region size 1024K, 12 young (12288K), 2 survivors (2048K)
 Metaspace       used 181013K, capacity 184998K, committed 185088K, reserved 1212416K
  class space    used 21467K, capacity 22775K, committed 22784K, reserved 1048576K
}
Event: 127.083 GC heap after
{Heap after GC invocations=105 (full 0):
 garbage-first heap   total 262144K, used 240870K [0x0000000080000000, 0x0000000100000000)
  region size 1024K, 1 young (1024K), 1 survivors (1024K)
 Metaspace       used 181013K, capacity 184998K, committed 185088K, reserved 1212416K
  class space    used 21467K, capacity 22775K, committed 22784K, reserved 1048576K
}
Event: 127.185 GC heap before
{Heap before GC invocations=106 (full 0):
 garbage-first heap   total 262144K, used 252134K [0x0000000080000000, 0x0000000100000000)
  region size 1024K, 12 young (12288K), 1 survivors (1024K)
 Metaspace       used 181030K, capacity 184998K, committed 185088K, reserved 1212416K
  class space    used 21467K, capacity 22775K, committed 22784K, reserved 1048576K
}
Event: 127.189 GC heap after
{Heap after GC invocations=107 (full 0):
 garbage-first heap   total 315392K, used 241610K [0x0000000080000000, 0x0000000100000000)
  region size 1024K, 2 young (2048K), 2 survivors (2048K)
 Metaspace       used 181030K, capacity 184998K, committed 185088K, reserved 1212416K
  class space    used 21467K, capacity 22775K, committed 22784K, reserved 1048576K
}
Event: 127.390 GC heap before
{Heap before GC invocations=107 (full 0):
 garbage-first heap   total 315392K, used 262090K [0x0000000080000000, 0x0000000100000000)
  region size 1024K, 22 young (22528K), 2 survivors (2048K)
 Metaspace       used 181139K, capacity 185158K, committed 185472K, reserved 1212416K
  class space    used 21473K, capacity 22807K, committed 22912K, reserved 1048576K
}
Event: 127.392 GC heap after
{Heap after GC invocations=108 (full 0):
 garbage-first heap   total 315392K, used 241506K [0x0000000080000000, 0x0000000100000000)
  region size 1024K, 2 young (2048K), 2 survivors (2048K)
 Metaspace       used 181139K, capacity 185158K, committed 185472K, reserved 1212416K
  class space    used 21473K, capacity 22807K, committed 22912K, reserved 1048576K
}
Event: 128.441 GC heap before
{Heap before GC invocations=108 (full 0):
 garbage-first heap   total 315392K, used 263010K [0x0000000080000000, 0x0000000100000000)
  region size 1024K, 23 young (23552K), 2 survivors (2048K)
 Metaspace       used 182340K, capacity 186319K, committed 186624K, reserved 1212416K
  class space    used 21606K, capacity 22938K, committed 23040K, reserved 1048576K
}
Event: 128.445 GC heap after
{Heap after GC invocations=109 (full 0):
 garbage-first heap   total 315392K, used 242138K [0x0000000080000000, 0x0000000100000000)
  region size 1024K, 2 young (2048K), 2 survivors (2048K)
 Metaspace       used 182340K, capacity 186319K, committed 186624K, reserved 1212416K
  class space    used 21606K, capacity 22938K, committed 23040K, reserved 1048576K
}
Event: 129.072 GC heap before
{Heap before GC invocations=109 (full 0):
 garbage-first heap   total 315392K, used 264666K [0x0000000080000000, 0x0000000100000000)
  region size 1024K, 25 young (25600K), 2 survivors (2048K)
 Metaspace       used 184015K, capacity 188004K, committed 188288K, reserved 1214464K
  class space    used 21764K, capacity 23073K, committed 23168K, reserved 1048576K
}
Event: 129.076 GC heap after
{Heap after GC invocations=110 (full 0):
 garbage-first heap   total 315392K, used 242791K [0x0000000080000000, 0x0000000100000000)
  region size 1024K, 3 young (3072K), 3 survivors (3072K)
 Metaspace       used 184015K, capacity 188004K, committed 188288K, reserved 1214464K
  class space    used 21764K, capacity 23073K, committed 23168K, reserved 1048576K
}
Event: 129.379 GC heap before
{Heap before GC invocations=110 (full 0):
 garbage-first heap   total 315392K, used 267367K [0x0000000080000000, 0x0000000100000000)
  region size 1024K, 27 young (27648K), 3 survivors (3072K)
 Metaspace       used 184443K, capacity 188434K, committed 188544K, reserved 1214464K
  class space    used 21804K, capacity 23110K, committed 23168K, reserved 1048576K
}
Event: 129.384 GC heap after
{Heap after GC invocations=111 (full 0):
 garbage-first heap   total 315392K, used 243872K [0x0000000080000000, 0x0000000100000000)
  region size 1024K, 3 young (3072K), 3 survivors (3072K)
 Metaspace       used 184443K, capacity 188434K, committed 188544K, reserved 1214464K
  class space    used 21804K, capacity 23110K, committed 23168K, reserved 1048576K
}
Event: 129.584 GC heap before
{Heap before GC invocations=111 (full 0):
 garbage-first heap   total 315392K, used 267424K [0x0000000080000000, 0x0000000100000000)
  region size 1024K, 27 young (27648K), 3 survivors (3072K)
 Metaspace       used 184575K, capacity 188594K, committed 188800K, reserved 1214464K
  class space    used 21810K, capacity 23142K, committed 23168K, reserved 1048576K
}
Event: 129.594 GC heap after
{Heap after GC invocations=112 (full 0):
 garbage-first heap   total 315392K, used 245853K [0x0000000080000000, 0x0000000100000000)
  region size 1024K, 4 young (4096K), 4 survivors (4096K)
 Metaspace       used 184575K, capacity 188594K, committed 188800K, reserved 1214464K
  class space    used 21810K, capacity 23142K, committed 23168K, reserved 1048576K
}
Event: 130.730 GC heap before
{Heap before GC invocations=112 (full 0):
 garbage-first heap   total 315392K, used 270429K [0x0000000080000000, 0x0000000100000000)
  region size 1024K, 28 young (28672K), 4 survivors (4096K)
 Metaspace       used 188041K, capacity 192101K, committed 192256K, reserved 1218560K
  class space    used 22420K, capacity 23735K, committed 23808K, reserved 1048576K
}
Event: 130.736 GC heap after
{Heap after GC invocations=113 (full 0):
 garbage-first heap   total 315392K, used 246951K [0x0000000080000000, 0x0000000100000000)
  region size 1024K, 4 young (4096K), 4 survivors (4096K)
 Metaspace       used 188041K, capacity 192101K, committed 192256K, reserved 1218560K
  class space    used 22420K, capacity 23735K, committed 23808K, reserved 1048576K
}

Deoptimization events (20 events):
Event: 130.668 Thread 0x0000027857d79800 Uncommon trap: trap_request=0xffffffde fr.pc=0x0000027843892d28 relative=0x0000000000003ac8
Event: 130.668 Thread 0x0000027857d79800 Uncommon trap: reason=class_check action=maybe_recompile pc=0x0000027843892d28 method=com.intellij.psi.impl.compiled.ClsJavaCodeReferenceElementImpl.resolveElement(Lcom/intellij/psi/PsiFile;)Lcom/intellij/psi/PsiElement; @ 106 c2
Event: 130.668 Thread 0x0000027857d79800 DEOPT PACKING pc=0x0000027843892d28 sp=0x000000c154df8610
Event: 130.668 Thread 0x0000027857d79800 DEOPT UNPACKING pc=0x000002783b8b78af sp=0x000000c154df85e0 mode 2
Event: 130.687 Thread 0x0000027857d79800 Uncommon trap: trap_request=0xffffff7e fr.pc=0x00000278442f33f4 relative=0x00000000000005b4
Event: 130.687 Thread 0x0000027857d79800 Uncommon trap: reason=predicate action=maybe_recompile pc=0x00000278442f33f4 method=java.util.Arrays$ArrayList.indexOf(Ljava/lang/Object;)I @ 39 c2
Event: 130.687 Thread 0x0000027857d79800 DEOPT PACKING pc=0x00000278442f33f4 sp=0x000000c154df9320
Event: 130.687 Thread 0x0000027857d79800 DEOPT UNPACKING pc=0x000002783b8b78af sp=0x000000c154df92a8 mode 2
Event: 130.697 Thread 0x0000027857d79800 Uncommon trap: trap_request=0xffffffde fr.pc=0x000002784485b044 relative=0x0000000000001c24
Event: 130.697 Thread 0x0000027857d79800 Uncommon trap: reason=class_check action=maybe_recompile pc=0x000002784485b044 method=com.intellij.psi.impl.compiled.ClsJavaCodeReferenceElementImpl.multiResolve(Z)[Lcom/intellij/psi/JavaResolveResult; @ 15 c2
Event: 130.697 Thread 0x0000027857d79800 DEOPT PACKING pc=0x000002784485b044 sp=0x000000c154df92e0
Event: 130.697 Thread 0x0000027857d79800 DEOPT UNPACKING pc=0x000002783b8b78af sp=0x000000c154df9278 mode 2
Event: 130.697 Thread 0x0000027857d79800 Uncommon trap: trap_request=0xffffffde fr.pc=0x0000027843892d28 relative=0x0000000000003ac8
Event: 130.697 Thread 0x0000027857d79800 Uncommon trap: reason=class_check action=maybe_recompile pc=0x0000027843892d28 method=com.intellij.psi.impl.compiled.ClsJavaCodeReferenceElementImpl.resolveElement(Lcom/intellij/psi/PsiFile;)Lcom/intellij/psi/PsiElement; @ 106 c2
Event: 130.697 Thread 0x0000027857d79800 DEOPT PACKING pc=0x0000027843892d28 sp=0x000000c154df8da0
Event: 130.697 Thread 0x0000027857d79800 DEOPT UNPACKING pc=0x000002783b8b78af sp=0x000000c154df8d70 mode 2
Event: 130.697 Thread 0x0000027857d79800 Uncommon trap: trap_request=0xffffffc6 fr.pc=0x0000027844475d44 relative=0x0000000000000a44
Event: 130.697 Thread 0x0000027857d79800 Uncommon trap: reason=bimorphic_or_optimized_type_check action=maybe_recompile pc=0x0000027844475d44 method=com.intellij.psi.impl.PsiCachedValue.getTimeStamp(Ljava/lang/Object;)J @ 42 c2
Event: 130.697 Thread 0x0000027857d79800 DEOPT PACKING pc=0x0000027844475d44 sp=0x000000c154df8b70
Event: 130.697 Thread 0x0000027857d79800 DEOPT UNPACKING pc=0x000002783b8b78af sp=0x000000c154df8938 mode 2

Classes redefined (0 events):
No events

Internal exceptions (20 events):
Event: 115.713 Thread 0x0000027857d79800 Implicit null exception at 0x0000027843ae5c19 to 0x0000027843ae655c
Event: 115.714 Thread 0x0000027857d79800 Implicit null exception at 0x00000278441e7630 to 0x00000278441ef1a4
Event: 115.714 Thread 0x0000027857d79800 Implicit null exception at 0x00000278441e7630 to 0x00000278441ef1a4
Event: 115.714 Thread 0x0000027857d79800 Implicit null exception at 0x00000278441e7630 to 0x00000278441ef1a4
Event: 115.714 Thread 0x0000027857d79800 Implicit null exception at 0x00000278441e7630 to 0x00000278441ef1a4
Event: 115.714 Thread 0x0000027857d79800 Implicit null exception at 0x00000278441e7630 to 0x00000278441ef1a4
Event: 115.714 Thread 0x0000027857d79800 Implicit null exception at 0x00000278441e7630 to 0x00000278441ef1a4
Event: 115.714 Thread 0x0000027857d79800 Implicit null exception at 0x00000278441e7630 to 0x00000278441ef1a4
Event: 115.714 Thread 0x0000027857d79800 Implicit null exception at 0x00000278441e7630 to 0x00000278441ef1a4
Event: 115.714 Thread 0x0000027857d79800 Implicit null exception at 0x00000278441e7630 to 0x00000278441ef1a4
Event: 115.714 Thread 0x0000027857d79800 Implicit null exception at 0x00000278441e7630 to 0x00000278441ef1a4
Event: 115.714 Thread 0x0000027857d79800 Implicit null exception at 0x00000278441e7630 to 0x00000278441ef1a4
Event: 115.714 Thread 0x0000027857d79800 Implicit null exception at 0x00000278441e7630 to 0x00000278441ef1a4
Event: 115.714 Thread 0x0000027857d79800 Implicit null exception at 0x00000278439c840f to 0x00000278439cab40
Event: 115.729 Thread 0x0000027857d79800 Implicit null exception at 0x000002784420f498 to 0x000002784420f5c8
Event: 116.851 Thread 0x0000027857d79800 Implicit null exception at 0x00000278444f9597 to 0x00000278444fc540
Event: 129.694 Thread 0x0000027857d79800 Implicit null exception at 0x00000278448f2ad0 to 0x00000278448f2bec
Event: 130.429 Thread 0x0000027857d79800 Exception <a 'java/lang/ClassNotFoundException'{0x0000000091fef2f0}: sun/awt/resources/spi/awtProvider> (0x0000000091fef2f0) thrown at [./src/hotspot/share/classfile/systemDictionary.cpp, line 231]
Event: 130.575 Thread 0x0000027857d79800 Exception <a 'java/io/FileNotFoundException'{0x0000000091e30100}> (0x0000000091e30100) thrown at [./src/hotspot/share/prims/jni.cpp, line 615]
Event: 130.576 Thread 0x0000027857d79800 Exception <a 'java/io/FileNotFoundException'{0x0000000091e34900}> (0x0000000091e34900) thrown at [./src/hotspot/share/prims/jni.cpp, line 615]

Events (20 events):
Event: 131.079 loading class com/intellij/psi/codeStyle/SuggestedNameInfo$1
Event: 131.079 loading class com/intellij/psi/codeStyle/SuggestedNameInfo$1 done
Event: 131.079 loading class org/jetbrains/kotlin/asJava/elements/KtLightSimpleModifierList
Event: 131.079 loading class org/jetbrains/kotlin/asJava/elements/KtLightSimpleModifierList done
Event: 131.080 loading class org/jetbrains/uast/kotlin/AbstractKotlinUVariable$WrappedUAnnotation
Event: 131.080 loading class org/jetbrains/uast/kotlin/AbstractKotlinUVariable$WrappedUAnnotation done
Event: 131.082 loading class org/jetbrains/uast/kotlin/AbstractKotlinUVariable$WrappedUAnnotation$attributeValues$2
Event: 131.082 loading class org/jetbrains/uast/kotlin/AbstractKotlinUVariable$WrappedUAnnotation$attributeValues$2 done
Event: 131.082 loading class org/jetbrains/uast/kotlin/AbstractKotlinUVariable$WrappedUAnnotation$uastAnchor$2
Event: 131.082 loading class org/jetbrains/uast/kotlin/AbstractKotlinUVariable$WrappedUAnnotation$uastAnchor$2 done
Event: 131.083 loading class org/jetbrains/kotlin/asJava/elements/LightAnnotationsKt
Event: 131.083 loading class org/jetbrains/kotlin/asJava/elements/LightAnnotationsKt done
Event: 131.084 loading class org/jetbrains/kotlin/asJava/elements/KtLightEmptyAnnotationParameterList
Event: 131.084 loading class org/jetbrains/kotlin/asJava/elements/KtLightEmptyAnnotationParameterList done
Event: 131.096 loading class org/jetbrains/uast/kotlin/KotlinReceiverUParameter
Event: 131.096 loading class org/jetbrains/uast/kotlin/KotlinReceiverUParameter done
Event: 131.097 Executing VM operation: Deoptimize
Event: 131.101 Executing VM operation: Deoptimize done
Event: 131.101 loading class org/jetbrains/uast/kotlin/KotlinReceiverUParameter$annotations$2
Event: 131.101 loading class org/jetbrains/uast/kotlin/KotlinReceiverUParameter$annotations$2 done


Dynamic libraries:
0x00007ff689df0000 - 0x00007ff689dfa000 	C:\Program Files\Android\Android Studio\jre\bin\java.exe
0x00007ff9bf340000 - 0x00007ff9bf530000 	C:\WINDOWS\SYSTEM32\ntdll.dll
0x00007ff9bed80000 - 0x00007ff9bee32000 	C:\WINDOWS\System32\KERNEL32.DLL
0x00007ff9bcb50000 - 0x00007ff9bcdf4000 	C:\WINDOWS\System32\KERNELBASE.dll
0x00007ff9b9f90000 - 0x00007ff9ba01f000 	C:\WINDOWS\SYSTEM32\apphelp.dll
0x00007ff9bc2d0000 - 0x00007ff9bc3ca000 	C:\WINDOWS\System32\ucrtbase.dll
0x00007ff9a73b0000 - 0x00007ff9a73c9000 	C:\Program Files\Android\Android Studio\jre\bin\jli.dll
0x00007ff9b34f0000 - 0x00007ff9b3507000 	C:\Program Files\Android\Android Studio\jre\bin\VCRUNTIME140.dll
0x00007ff9bddc0000 - 0x00007ff9bdf54000 	C:\WINDOWS\System32\USER32.dll
0x00007ff9bcf50000 - 0x00007ff9bcf71000 	C:\WINDOWS\System32\win32u.dll
0x00007ff9a9820000 - 0x00007ff9a9aa4000 	C:\WINDOWS\WinSxS\amd64_microsoft.windows.common-controls_6595b64144ccf1df_6.0.18362.836_none_e6c4b943130f18ed\COMCTL32.dll
0x00007ff9bdd90000 - 0x00007ff9bddb6000 	C:\WINDOWS\System32\GDI32.dll
0x00007ff9bcfb0000 - 0x00007ff9bd144000 	C:\WINDOWS\System32\gdi32full.dll
0x00007ff9be650000 - 0x00007ff9be6ee000 	C:\WINDOWS\System32\msvcrt.dll
0x00007ff9bd2f0000 - 0x00007ff9bd38e000 	C:\WINDOWS\System32\msvcp_win.dll
0x00007ff9bef10000 - 0x00007ff9bf246000 	C:\WINDOWS\System32\combase.dll
0x00007ff9bec60000 - 0x00007ff9bed80000 	C:\WINDOWS\System32\RPCRT4.dll
0x00007ff9bced0000 - 0x00007ff9bcf50000 	C:\WINDOWS\System32\bcryptPrimitives.dll
0x00007ff9bdd60000 - 0x00007ff9bdd8e000 	C:\WINDOWS\System32\IMM32.DLL
0x00007ff9610d0000 - 0x00007ff96116d000 	C:\Program Files\Android\Android Studio\jre\bin\msvcp140.dll
0x00007ff95e140000 - 0x00007ff95ec0f000 	C:\Program Files\Android\Android Studio\jre\bin\server\jvm.dll
0x00007ff9be5a0000 - 0x00007ff9be643000 	C:\WINDOWS\System32\ADVAPI32.dll
0x00007ff9bdfc0000 - 0x00007ff9be057000 	C:\WINDOWS\System32\sechost.dll
0x00007ff9bebe0000 - 0x00007ff9bebe8000 	C:\WINDOWS\System32\PSAPI.DLL
0x00007ff9a7e90000 - 0x00007ff9a7e99000 	C:\WINDOWS\SYSTEM32\WSOCK32.dll
0x00007ff9be4d0000 - 0x00007ff9be53f000 	C:\WINDOWS\System32\WS2_32.dll
0x00007ff9b5310000 - 0x00007ff9b531a000 	C:\WINDOWS\SYSTEM32\VERSION.dll
0x00007ff9b9d30000 - 0x00007ff9b9d54000 	C:\WINDOWS\SYSTEM32\WINMM.dll
0x00007ff9b9d00000 - 0x00007ff9b9d2d000 	C:\WINDOWS\SYSTEM32\winmmbase.dll
0x00007ff9bd2a0000 - 0x00007ff9bd2ea000 	C:\WINDOWS\System32\cfgmgr32.dll
0x00007ff9bc2b0000 - 0x00007ff9bc2c1000 	C:\WINDOWS\System32\kernel.appcore.dll
0x00007ff9b73d0000 - 0x00007ff9b73e1000 	C:\Program Files\Android\Android Studio\jre\bin\verify.dll
0x00007ff9bab40000 - 0x00007ff9bad34000 	C:\WINDOWS\SYSTEM32\DBGHELP.DLL
0x00007ff9a7960000 - 0x00007ff9a798a000 	C:\WINDOWS\SYSTEM32\dbgcore.DLL
0x00007ff9b33b0000 - 0x00007ff9b33d9000 	C:\Program Files\Android\Android Studio\jre\bin\java.dll
0x00007ff9b8550000 - 0x00007ff9b855b000 	C:\Program Files\Android\Android Studio\jre\bin\jimage.dll
0x00007ff9a41f0000 - 0x00007ff9a4208000 	C:\Program Files\Android\Android Studio\jre\bin\zip.dll
0x00007ff9bd4a0000 - 0x00007ff9bdb84000 	C:\WINDOWS\System32\SHELL32.dll
0x00007ff9bf250000 - 0x00007ff9bf2f9000 	C:\WINDOWS\System32\shcore.dll
0x00007ff9bc3d0000 - 0x00007ff9bcb4e000 	C:\WINDOWS\System32\windows.storage.dll
0x00007ff9bc210000 - 0x00007ff9bc233000 	C:\WINDOWS\System32\profapi.dll
0x00007ff9bc240000 - 0x00007ff9bc28a000 	C:\WINDOWS\System32\powrprof.dll
0x00007ff9bc200000 - 0x00007ff9bc210000 	C:\WINDOWS\System32\UMPDC.dll
0x00007ff9be540000 - 0x00007ff9be592000 	C:\WINDOWS\System32\shlwapi.dll
0x00007ff9bceb0000 - 0x00007ff9bcec7000 	C:\WINDOWS\System32\cryptsp.dll
0x00007ff999670000 - 0x00007ff99968a000 	C:\Program Files\Android\Android Studio\jre\bin\net.dll
0x00007ff9ace20000 - 0x00007ff9acf10000 	C:\WINDOWS\SYSTEM32\WINHTTP.dll
0x00007ff9bba70000 - 0x00007ff9bbad7000 	C:\WINDOWS\system32\mswsock.dll
0x00007ff999650000 - 0x00007ff999664000 	C:\Program Files\Android\Android Studio\jre\bin\nio.dll
0x00007ff999740000 - 0x00007ff999767000 	C:\Users\hp\.gradle\native\fdc75f09e3144964f2cf3f50f0aa648679c211496f362492102eb8c894070792\windows-amd64\native-platform.dll
0x00007ff961d40000 - 0x00007ff961ed6000 	C:\Users\hp\.gradle\native\12488b8bf47d2d4c9fbf2f6322a914ad602e24e48041cd04a747c6da556b65c4\windows-amd64\native-platform-file-events.dll
0x00007ff9b33a0000 - 0x00007ff9b33aa000 	C:\Program Files\Android\Android Studio\jre\bin\management.dll
0x00007ff9a8d80000 - 0x00007ff9a8d8c000 	C:\Program Files\Android\Android Studio\jre\bin\management_ext.dll
0x00007ff9bb580000 - 0x00007ff9bb5b3000 	C:\WINDOWS\system32\rsaenh.dll
0x00007ff9bcf80000 - 0x00007ff9bcfa6000 	C:\WINDOWS\System32\bcrypt.dll
0x00007ff9bc0f0000 - 0x00007ff9bc115000 	C:\WINDOWS\SYSTEM32\USERENV.dll
0x00007ff9bbc40000 - 0x00007ff9bbc4c000 	C:\WINDOWS\SYSTEM32\CRYPTBASE.dll
0x00007ff9bb720000 - 0x00007ff9bb75a000 	C:\WINDOWS\SYSTEM32\IPHLPAPI.DLL
0x00007ff9bea20000 - 0x00007ff9bea28000 	C:\WINDOWS\System32\NSI.dll
0x00007ff9b35a0000 - 0x00007ff9b35b6000 	C:\WINDOWS\SYSTEM32\dhcpcsvc6.DLL
0x00007ff9b3d80000 - 0x00007ff9b3d9c000 	C:\WINDOWS\SYSTEM32\dhcpcsvc.DLL
0x00007ff9bb760000 - 0x00007ff9bb82b000 	C:\WINDOWS\SYSTEM32\DNSAPI.dll
0x00007ff9b5300000 - 0x00007ff9b530b000 	C:\WINDOWS\SYSTEM32\WINNSI.DLL
0x00007ff9bb260000 - 0x00007ff9bb291000 	C:\WINDOWS\SYSTEM32\ntmarta.dll
0x00007ff9a7690000 - 0x00007ff9a76b7000 	C:\Program Files\Android\Android Studio\jre\bin\sunec.dll
0x00007ff9b34d0000 - 0x00007ff9b34d8000 	C:\Program Files\Android\Android Studio\jre\bin\rmi.dll
0x00007ff961ee0000 - 0x00007ff962084000 	C:\Program Files\Android\Android Studio\jre\bin\awt.dll
0x00007ff9bdb90000 - 0x00007ff9bdc54000 	C:\WINDOWS\System32\OLEAUT32.dll
0x00007ff9ba720000 - 0x00007ff9ba74d000 	C:\WINDOWS\SYSTEM32\dwmapi.dll

dbghelp: loaded successfully - version: 4.0.5 - missing functions: none
symbol engine: initialized successfully - sym options: 0x614 - pdb path: .;C:\Program Files\Android\Android Studio\jre\bin;C:\WINDOWS\SYSTEM32;C:\WINDOWS\WinSxS\amd64_microsoft.windows.common-controls_6595b64144ccf1df_6.0.18362.836_none_e6c4b943130f18ed;C:\Program Files\Android\Android Studio\jre\bin\server;C:\Users\hp\.gradle\native\fdc75f09e3144964f2cf3f50f0aa648679c211496f362492102eb8c894070792\windows-amd64;C:\Users\hp\.gradle\native\12488b8bf47d2d4c9fbf2f6322a914ad602e24e48041cd04a747c6da556b65c4\windows-amd64

VM Arguments:
jvm_args: --add-opens=java.base/java.util=ALL-UNNAMED --add-opens=java.base/java.lang=ALL-UNNAMED --add-opens=java.base/java.lang.invoke=ALL-UNNAMED --add-opens=java.prefs/java.util.prefs=ALL-UNNAMED -Xmx2048m -Dfile.encoding=UTF-8 -Duser.country=US -Duser.language=en -Duser.variant 
java_command: org.gradle.launcher.daemon.bootstrap.GradleDaemon 6.7.1
java_class_path (initial): C:\Users\hp\.gradle\wrapper\dists\gradle-6.7.1-bin\bwlcbys1h7rz3272sye1xwiv6\gradle-6.7.1\lib\gradle-launcher-6.7.1.jar
Launcher Type: SUN_STANDARD

[Global flags]
     intx CICompilerCount                          = 4                                         {product} {ergonomic}
     uint ConcGCThreads                            = 2                                         {product} {ergonomic}
     uint G1ConcRefinementThreads                  = 8                                         {product} {ergonomic}
   size_t G1HeapRegionSize                         = 1048576                                   {product} {ergonomic}
    uintx GCDrainStackTargetSize                   = 64                                        {product} {ergonomic}
   size_t InitialHeapSize                          = 268435456                                 {product} {ergonomic}
   size_t MarkStackSize                            = 4194304                                   {product} {ergonomic}
   size_t MaxHeapSize                              = 2147483648                                {product} {command line}
   size_t MaxNewSize                               = 1287651328                                {product} {ergonomic}
   size_t MinHeapDeltaBytes                        = 1048576                                   {product} {ergonomic}
    uintx NonNMethodCodeHeapSize                   = 5836300                                {pd product} {ergonomic}
    uintx NonProfiledCodeHeapSize                  = 122910970                              {pd product} {ergonomic}
    uintx ProfiledCodeHeapSize                     = 122910970                              {pd product} {ergonomic}
    uintx ReservedCodeCacheSize                    = 251658240                              {pd product} {ergonomic}
     bool SegmentedCodeCache                       = true                                      {product} {ergonomic}
     bool UseCompressedClassPointers               = true                                 {lp64_product} {ergonomic}
     bool UseCompressedOops                        = true                                 {lp64_product} {ergonomic}
     bool UseG1GC                                  = true                                      {product} {ergonomic}
     bool UseLargePagesIndividualAllocation        = false                                  {pd product} {ergonomic}

Logging:
Log output configuration:
 #0: stdout all=warning uptime,level,tags
 #1: stderr all=off uptime,level,tags

Environment Variables:
JAVA_HOME=C:\Program Files\Java\jre1.8.0_212
PATH=C:\Program Files (x86)\Common Files\Oracle\Java\javapath;C:\WINDOWS\system32;C:\WINDOWS;C:\WINDOWS\System32\Wbem;C:\WINDOWS\System32\WindowsPowerShell\v1.0\;C:\WINDOWS\System32\OpenSSH\;C:\Program Files\Git\cmd;C:\Program Files\NVIDIA Corporation\NVIDIA NvDLISR;C:\Users\hp\AppData\Local\Microsoft\WindowsApps;D:\Program Files\Microsoft VS Code\bin;D:\Program Files\JetBrains\PyCharm 2019.1.3\bin;C:\adb;C:\WINDOWS\system32;C:\WINDOWS;C:\WINDOWS\System32\Wbem;C:\WINDOWS\System32\WindowsPowerShell\v1.0\;C:\WINDOWS\System32\OpenSSH\;C:\Program Files (x86)\NVIDIA Corporation\PhysX\Common;C:\Users\hp\AppData\Local\Microsoft\WindowsApps;;D:\Program Files\Microsoft VS Code\bin;D:\Program Files\JetBrains\PyCharm 2019.1.3\bin;
USERNAME=hp
OS=Windows_NT
PROCESSOR_IDENTIFIER=Intel64 Family 6 Model 158 Stepping 9, GenuineIntel



---------------  S Y S T E M  ---------------

OS: Windows 10 , 64 bit Build 18362 (10.0.18362.778)
OS uptime: 9 days 19:46 hours

CPU:total 8 (initial active 8) (4 cores per cpu, 2 threads per core) family 6 model 158 stepping 9 microcode 0xb4, cmov, cx8, fxsr, mmx, sse, sse2, sse3, ssse3, sse4.1, sse4.2, popcnt, avx, avx2, aes, clmul, erms, 3dnowpref, lzcnt, ht, tsc, tscinvbit, bmi1, bmi2, adx, fma

Memory: 4k page, system-wide physical 16267M (2346M free)
TotalPageFile size 31347M (AvailPageFile size 4M)
current process WorkingSet (physical memory assigned to process): 791M, peak: 791M
current process commit charge ("private bytes"): 845M, peak: 846M

vm_info: OpenJDK 64-Bit Server VM (11.0.10+0-b96-7249189) for windows-amd64 JRE (11.0.10+0-b96-7249189), built on Mar 31 2021 21:44:00 by "builder" with MS VC++ 14.0 (VS2015)

END.
