#
# There is insufficient memory for the Java Runtime Environment to continue.
# Native memory allocation (mmap) failed to map 56623104 bytes for Failed to commit area from 0x0000000090000000 to 0x0000000093600000 of length 56623104.
# Possible reasons:
#   The system is out of physical RAM or swap space
#   The process is running with CompressedOops enabled, and the Java Heap may be blocking the growth of the native heap
# Possible solutions:
#   Reduce memory load on the system
#   Increase physical memory or swap space
#   Check if swap backing store is full
#   Decrease Java heap size (-Xmx/-Xms)
#   Decrease number of Java threads
#   Decrease Java thread stack sizes (-Xss)
#   Set larger code cache with -XX:ReservedCodeCacheSize=
#   JVM is running with Unscaled Compressed Oops mode in which the Java heap is
#     placed in the first 4GB address space. The Java Heap base address is the
#     maximum limit for the native heap growth. Please use -XX:HeapBaseMinAddress
#     to set the Java Heap base and to place the Java Heap above 4GB virtual address.
# This output file may be truncated or incomplete.
#
#  Out of Memory Error (./src/hotspot/os/windows/os_windows.cpp:3301), pid=20556, tid=20744
#
# JRE version: OpenJDK Runtime Environment (11.0.10) (build 11.0.10+0-b96-7249189)
# Java VM: OpenJDK 64-Bit Server VM (11.0.10+0-b96-7249189, mixed mode, tiered, compressed oops, g1 gc, windows-amd64)
# No core dump will be written. Minidumps are not enabled by default on client versions of Windows
#

---------------  S U M M A R Y ------------

Command Line: --add-opens=java.base/java.util=ALL-UNNAMED --add-opens=java.base/java.lang=ALL-UNNAMED --add-opens=java.base/java.lang.invoke=ALL-UNNAMED --add-opens=java.prefs/java.util.prefs=ALL-UNNAMED -Xmx2048m -Dfile.encoding=UTF-8 -Duser.country=US -Duser.language=en -Duser.variant org.gradle.launcher.daemon.bootstrap.GradleDaemon 6.7.1

Host: Intel(R) Core(TM) i7-7700HQ CPU @ 2.80GHz, 8 cores, 15G,  Windows 10 , 64 bit Build 18362 (10.0.18362.778)
Time: Mon Jan  3 16:56:14 2022 Pakistan Standard Time elapsed time: 50.916630 seconds (0d 0h 0m 50s)

---------------  T H R E A D  ---------------

Current thread (0x0000020f16acb000):  VMThread "VM Thread" [stack: 0x0000005550100000,0x0000005550200000] [id=20744]

Stack: [0x0000005550100000,0x0000005550200000]
[error occurred during error reporting (printing stack bounds), id 0xc0000005, EXCEPTION_ACCESS_VIOLATION (0xc0000005) at pc=0x0000020f00000f2d]

Native frames: (J=compiled Java code, j=interpreted, Vv=VM code, C=native code)
V  [jvm.dll+0x5ecfaa]
V  [jvm.dll+0x722bd5]
V  [jvm.dll+0x72412d]
V  [jvm.dll+0x724745]
V  [jvm.dll+0x7246fb]
V  [jvm.dll+0x5ec348]
V  [jvm.dll+0x5ecad8]
C  [ntdll.dll+0xa11cf]
C  [ntdll.dll+0x6a209]
C  [ntdll.dll+0x9fe3e]
C  0x0000020f00000f2d

VM_Operation (0x000000555b1f9eb0): G1CollectForAllocation, mode: safepoint, requested by thread 0x0000020f1e094000


---------------  P R O C E S S  ---------------

Threads class SMR info:
_java_thread_list=0x0000020f1a776d40, length=183, elements={
0x0000020f79d98800, 0x0000020f16ad1800, 0x0000020f16ad4800, 0x0000020f16b30800,
0x0000020f16b31800, 0x0000020f16b34800, 0x0000020f16b42000, 0x0000020f16b43000,
0x0000020f16b50000, 0x0000020f16cb7800, 0x0000020f16cb6000, 0x0000020f16cbb000,
0x0000020f16cbc000, 0x0000020f16cb9800, 0x0000020f16cb7000, 0x0000020f18322800,
0x0000020f18320000, 0x0000020f1831c800, 0x0000020f1831d800, 0x0000020f18321000,
0x0000020f18327800, 0x0000020f18321800, 0x0000020f18325000, 0x0000020f18325800,
0x0000020f18324000, 0x0000020f1832a000, 0x0000020f18329000, 0x0000020f18328000,
0x0000020f18326800, 0x0000020f1beb4800, 0x0000020f1beb3000, 0x0000020f1beb7800,
0x0000020f1beb8800, 0x0000020f1beb6000, 0x0000020f1beb9800, 0x0000020f1beb3800,
0x0000020f1beb7000, 0x0000020f1bebb000, 0x0000020f1bebe000, 0x0000020f1bec1800,
0x0000020f1ca3b000, 0x0000020f1ca3c000, 0x0000020f1ca3d000, 0x0000020f1ca37000,
0x0000020f1ca40000, 0x0000020f1ca3e800, 0x0000020f1ca42800, 0x0000020f1ca41000,
0x0000020f1ca41800, 0x0000020f1ca3d800, 0x0000020f1ca3f800, 0x0000020f1bc51000,
0x0000020f1bc52000, 0x0000020f1bc55000, 0x0000020f1bc54800, 0x0000020f1bc56000,
0x0000020f1bc52800, 0x0000020f1bc50800, 0x0000020f1bc57800, 0x0000020f1bc58800,
0x0000020f1bc59800, 0x0000020f1bc57000, 0x0000020f1bc53800, 0x0000020f1bc5e000,
0x0000020f1bc5a000, 0x0000020f1bc5b800, 0x0000020f1bc5d800, 0x0000020f1bc5b000,
0x0000020f1bc5c800, 0x0000020f1bc5f000, 0x0000020f17a9c800, 0x0000020f17a9d800,
0x0000020f17aa2000, 0x0000020f17aa0800, 0x0000020f17a9f000, 0x0000020f17aa3000,
0x0000020f17aa4000, 0x0000020f17aa1800, 0x0000020f17a9e000, 0x0000020f17aa4800,
0x0000020f17aa5800, 0x0000020f17aa0000, 0x0000020f17aa6800, 0x0000020f17aab000,
0x0000020f17aaa800, 0x0000020f17aa8800, 0x0000020f17aa7000, 0x0000020f17aa8000,
0x0000020f17aa9800, 0x0000020f1c1cc800, 0x0000020f1c1ca000, 0x0000020f1c1cb000,
0x0000020f1c1cc000, 0x0000020f1c1cd800, 0x0000020f1c1c7800, 0x0000020f1c1ce000,
0x0000020f1c1c8800, 0x0000020f1c1cf000, 0x0000020f1c1c9800, 0x0000020f1c1d1800,
0x0000020f1c1d4000, 0x0000020f1c1d3000, 0x0000020f1c1d5800, 0x0000020f1c1d0800,
0x0000020f1c1d4800, 0x0000020f1c1d0000, 0x0000020f1c1d6800, 0x0000020f1c1d2800,
0x0000020f19be8800, 0x0000020f19bec000, 0x0000020f19be6000, 0x0000020f19bed000,
0x0000020f19be9800, 0x0000020f19beb000, 0x0000020f19be7000, 0x0000020f19bed800,
0x0000020f19bea800, 0x0000020f19be8000, 0x0000020f19bf1800, 0x0000020f19bf2800,
0x0000020f19bf4000, 0x0000020f19bef000, 0x0000020f19bee800, 0x0000020f19bf3800,
0x0000020f19bf5000, 0x0000020f19bf0000, 0x0000020f19bf1000, 0x0000020f1a4f0800,
0x0000020f1a4f3000, 0x0000020f1a4ee800, 0x0000020f1a4f4800, 0x0000020f1a4f1000,
0x0000020f1a4f3800, 0x0000020f1a4f5000, 0x0000020f1a4f2000, 0x0000020f1a4ef800,
0x0000020f1a4fb000, 0x0000020f1a4f6000, 0x0000020f1a4f9800, 0x0000020f1a4f7800,
0x0000020f1e086000, 0x0000020f1e080000, 0x0000020f1e086800, 0x0000020f1e084800,
0x0000020f1e082800, 0x0000020f1e085000, 0x0000020f1e081000, 0x0000020f1e087800,
0x0000020f1e082000, 0x0000020f1e088800, 0x0000020f1e089000, 0x0000020f1e083800,
0x0000020f1e08a000, 0x0000020f1e08c800, 0x0000020f1e08f000, 0x0000020f1e08f800,
0x0000020f1e090800, 0x0000020f1e08b800, 0x0000020f1e08d800, 0x0000020f1e08b000,
0x0000020f1e091800, 0x0000020f1e092000, 0x0000020f1e093000, 0x0000020f1e094000,
0x0000020f1e08e000, 0x0000020f1e097000, 0x0000020f1e096000, 0x0000020f1e098000,
0x0000020f1e098800, 0x0000020f1e099800, 0x0000020f1e094800, 0x0000020f1e09a800,
0x0000020f1e095800, 0x0000020f1e09c000, 0x0000020f1e09d800, 0x0000020f1e09d000,
0x0000020f1e09b000, 0x0000020f1e09e800, 0x0000020f1e09f000, 0x0000020f1ca36800,
0x0000020f1ca39800, 0x0000020f1ca35800, 0x0000020f1ca38800
}

Java Threads: ( => current thread )
  0x0000020f79d98800 JavaThread "main" [_thread_blocked, id=1400, stack(0x000000554fb00000,0x000000554fc00000)]
  0x0000020f16ad1800 JavaThread "Reference Handler" daemon [_thread_blocked, id=26648, stack(0x0000005550200000,0x0000005550300000)]
  0x0000020f16ad4800 JavaThread "Finalizer" daemon [_thread_blocked, id=24568, stack(0x0000005550300000,0x0000005550400000)]
  0x0000020f16b30800 JavaThread "Signal Dispatcher" daemon [_thread_blocked, id=11396, stack(0x0000005550400000,0x0000005550500000)]
  0x0000020f16b31800 JavaThread "Attach Listener" daemon [_thread_blocked, id=25504, stack(0x0000005550500000,0x0000005550600000)]
  0x0000020f16b34800 JavaThread "Service Thread" daemon [_thread_blocked, id=6672, stack(0x0000005550600000,0x0000005550700000)]
  0x0000020f16b42000 JavaThread "C2 CompilerThread0" daemon [_thread_blocked, id=21488, stack(0x0000005550700000,0x0000005550800000)]
  0x0000020f16b43000 JavaThread "C1 CompilerThread0" daemon [_thread_blocked, id=11168, stack(0x0000005550800000,0x0000005550900000)]
  0x0000020f16b50000 JavaThread "Sweeper thread" daemon [_thread_blocked, id=21736, stack(0x0000005550900000,0x0000005550a00000)]
  0x0000020f16cb7800 JavaThread "Common-Cleaner" daemon [_thread_blocked, id=13456, stack(0x0000005550a00000,0x0000005550b00000)]
  0x0000020f16cb6000 JavaThread "Daemon health stats" [_thread_blocked, id=5480, stack(0x0000005551300000,0x0000005551400000)]
  0x0000020f16cbb000 JavaThread "Incoming local TCP Connector on port 61069" [_thread_in_native, id=25688, stack(0x0000005551400000,0x0000005551500000)]
  0x0000020f16cbc000 JavaThread "Daemon periodic checks" [_thread_blocked, id=20644, stack(0x0000005551500000,0x0000005551600000)]
  0x0000020f16cb9800 JavaThread "Daemon" [_thread_blocked, id=23932, stack(0x0000005551600000,0x0000005551700000)]
  0x0000020f16cb7000 JavaThread "Daemon worker" [_thread_blocked, id=24432, stack(0x0000005551900000,0x0000005551a00000)]
  0x0000020f18322800 JavaThread "Cache worker for file hash cache (C:\Users\hp\.gradle\caches\6.7.1\fileHashes)" [_thread_blocked, id=17004, stack(0x0000005551e00000,0x0000005551f00000)]
  0x0000020f18320000 JavaThread "File lock request listener" [_thread_in_native, id=23872, stack(0x0000005551f00000,0x0000005552000000)]
  0x0000020f1831c800 JavaThread "Cache worker for journal cache (C:\Users\hp\.gradle\caches\journal-1)" [_thread_blocked, id=16608, stack(0x0000005552300000,0x0000005552400000)]
  0x0000020f1831d800 JavaThread "jar transforms" [_thread_blocked, id=25852, stack(0x0000005552500000,0x0000005552600000)]
  0x0000020f18321000 JavaThread "jar transforms Thread 2" [_thread_blocked, id=7444, stack(0x0000005552600000,0x0000005552700000)]
  0x0000020f18327800 JavaThread "jar transforms Thread 3" [_thread_blocked, id=27024, stack(0x0000005552700000,0x0000005552800000)]
  0x0000020f18321800 JavaThread "jar transforms Thread 4" [_thread_blocked, id=18484, stack(0x0000005552800000,0x0000005552900000)]
  0x0000020f18325000 JavaThread "jar transforms Thread 5" [_thread_blocked, id=17496, stack(0x0000005552900000,0x0000005552a00000)]
  0x0000020f18325800 JavaThread "jar transforms Thread 6" [_thread_blocked, id=23472, stack(0x0000005552a00000,0x0000005552b00000)]
  0x0000020f18324000 JavaThread "jar transforms Thread 7" [_thread_blocked, id=26708, stack(0x0000005552b00000,0x0000005552c00000)]
  0x0000020f1832a000 JavaThread "jar transforms Thread 8" [_thread_blocked, id=25260, stack(0x0000005552c00000,0x0000005552d00000)]
  0x0000020f18329000 JavaThread "jar transforms Thread 9" [_thread_blocked, id=16644, stack(0x0000005552d00000,0x0000005552e00000)]
  0x0000020f18328000 JavaThread "jar transforms Thread 10" [_thread_blocked, id=14132, stack(0x0000005552e00000,0x0000005552f00000)]
  0x0000020f18326800 JavaThread "jar transforms Thread 11" [_thread_blocked, id=23712, stack(0x0000005552f00000,0x0000005553000000)]
  0x0000020f1beb4800 JavaThread "jar transforms Thread 12" [_thread_blocked, id=6948, stack(0x0000005553100000,0x0000005553200000)]
  0x0000020f1beb3000 JavaThread "jar transforms Thread 13" [_thread_blocked, id=27108, stack(0x0000005553200000,0x0000005553300000)]
  0x0000020f1beb7800 JavaThread "jar transforms Thread 14" [_thread_blocked, id=14424, stack(0x0000005553300000,0x0000005553400000)]
  0x0000020f1beb8800 JavaThread "jar transforms Thread 15" [_thread_blocked, id=24956, stack(0x0000005553400000,0x0000005553500000)]
  0x0000020f1beb6000 JavaThread "jar transforms Thread 16" [_thread_blocked, id=11864, stack(0x0000005553500000,0x0000005553600000)]
  0x0000020f1beb9800 JavaThread "jar transforms Thread 17" [_thread_blocked, id=26596, stack(0x0000005553600000,0x0000005553700000)]
  0x0000020f1beb3800 JavaThread "jar transforms Thread 18" [_thread_blocked, id=8548, stack(0x0000005553700000,0x0000005553800000)]
  0x0000020f1beb7000 JavaThread "jar transforms Thread 19" [_thread_blocked, id=14276, stack(0x0000005553800000,0x0000005553900000)]
  0x0000020f1bebb000 JavaThread "jar transforms Thread 20" [_thread_blocked, id=14712, stack(0x0000005553900000,0x0000005553a00000)]
  0x0000020f1bebe000 JavaThread "Cache worker for execution history cache (C:\Users\hp\.gradle\caches\6.7.1\executionHistory)" [_thread_blocked, id=7024, stack(0x0000005553d00000,0x0000005553e00000)]
  0x0000020f1bec1800 JavaThread "Cache worker for file content cache (C:\Users\hp\.gradle\caches\6.7.1\fileContent)" [_thread_blocked, id=25800, stack(0x0000005553e00000,0x0000005553f00000)]
  0x0000020f1ca3b000 JavaThread "jar transforms Thread 21" [_thread_blocked, id=19808, stack(0x0000005554800000,0x0000005554900000)]
  0x0000020f1ca3c000 JavaThread "jar transforms Thread 22" [_thread_blocked, id=24156, stack(0x0000005554900000,0x0000005554a00000)]
  0x0000020f1ca3d000 JavaThread "jar transforms Thread 23" [_thread_blocked, id=11312, stack(0x0000005554a00000,0x0000005554b00000)]
  0x0000020f1ca37000 JavaThread "jar transforms Thread 24" [_thread_blocked, id=3636, stack(0x0000005554b00000,0x0000005554c00000)]
  0x0000020f1ca40000 JavaThread "jar transforms Thread 25" [_thread_blocked, id=21184, stack(0x0000005554c00000,0x0000005554d00000)]
  0x0000020f1ca3e800 JavaThread "jar transforms Thread 26" [_thread_blocked, id=26348, stack(0x0000005554d00000,0x0000005554e00000)]
  0x0000020f1ca42800 JavaThread "jar transforms Thread 27" [_thread_blocked, id=25532, stack(0x0000005554e00000,0x0000005554f00000)]
  0x0000020f1ca41000 JavaThread "jar transforms Thread 28" [_thread_blocked, id=23668, stack(0x0000005554f00000,0x0000005555000000)]
  0x0000020f1ca41800 JavaThread "jar transforms Thread 29" [_thread_blocked, id=24632, stack(0x0000005555000000,0x0000005555100000)]
  0x0000020f1ca3d800 JavaThread "jar transforms Thread 30" [_thread_blocked, id=21608, stack(0x0000005555100000,0x0000005555200000)]
  0x0000020f1ca3f800 JavaThread "jar transforms Thread 31" [_thread_blocked, id=22600, stack(0x0000005555200000,0x0000005555300000)]
  0x0000020f1bc51000 JavaThread "jar transforms Thread 32" [_thread_blocked, id=24740, stack(0x0000005555300000,0x0000005555400000)]
  0x0000020f1bc52000 JavaThread "jar transforms Thread 33" [_thread_blocked, id=12616, stack(0x0000005555400000,0x0000005555500000)]
  0x0000020f1bc55000 JavaThread "jar transforms Thread 34" [_thread_blocked, id=23480, stack(0x0000005555500000,0x0000005555600000)]
  0x0000020f1bc54800 JavaThread "jar transforms Thread 35" [_thread_blocked, id=20088, stack(0x0000005555600000,0x0000005555700000)]
  0x0000020f1bc56000 JavaThread "jar transforms Thread 36" [_thread_blocked, id=26728, stack(0x0000005555700000,0x0000005555800000)]
  0x0000020f1bc52800 JavaThread "jar transforms Thread 37" [_thread_blocked, id=8128, stack(0x0000005555800000,0x0000005555900000)]
  0x0000020f1bc50800 JavaThread "jar transforms Thread 38" [_thread_blocked, id=23412, stack(0x0000005555900000,0x0000005555a00000)]
  0x0000020f1bc57800 JavaThread "jar transforms Thread 39" [_thread_blocked, id=20404, stack(0x0000005555a00000,0x0000005555b00000)]
  0x0000020f1bc58800 JavaThread "jar transforms Thread 40" [_thread_blocked, id=15332, stack(0x0000005555b00000,0x0000005555c00000)]
  0x0000020f1bc59800 JavaThread "jar transforms Thread 41" [_thread_blocked, id=26788, stack(0x0000005555c00000,0x0000005555d00000)]
  0x0000020f1bc57000 JavaThread "jar transforms Thread 42" [_thread_blocked, id=22404, stack(0x0000005555d00000,0x0000005555e00000)]
  0x0000020f1bc53800 JavaThread "jar transforms Thread 43" [_thread_blocked, id=22916, stack(0x0000005555e00000,0x0000005555f00000)]
  0x0000020f1bc5e000 JavaThread "jar transforms Thread 44" [_thread_blocked, id=7544, stack(0x0000005555f00000,0x0000005556000000)]
  0x0000020f1bc5a000 JavaThread "jar transforms Thread 45" [_thread_blocked, id=18788, stack(0x0000005556000000,0x0000005556100000)]
  0x0000020f1bc5b800 JavaThread "jar transforms Thread 46" [_thread_blocked, id=22264, stack(0x0000005556100000,0x0000005556200000)]
  0x0000020f1bc5d800 JavaThread "jar transforms Thread 47" [_thread_blocked, id=6844, stack(0x0000005556200000,0x0000005556300000)]
  0x0000020f1bc5b000 JavaThread "jar transforms Thread 48" [_thread_blocked, id=27348, stack(0x0000005556300000,0x0000005556400000)]
  0x0000020f1bc5c800 JavaThread "jar transforms Thread 49" [_thread_blocked, id=26908, stack(0x0000005556400000,0x0000005556500000)]
  0x0000020f1bc5f000 JavaThread "jar transforms Thread 50" [_thread_blocked, id=9400, stack(0x0000005556500000,0x0000005556600000)]
  0x0000020f17a9c800 JavaThread "jar transforms Thread 51" [_thread_blocked, id=6480, stack(0x0000005556600000,0x0000005556700000)]
  0x0000020f17a9d800 JavaThread "jar transforms Thread 52" [_thread_blocked, id=17248, stack(0x0000005556700000,0x0000005556800000)]
  0x0000020f17aa2000 JavaThread "jar transforms Thread 53" [_thread_blocked, id=13396, stack(0x0000005556800000,0x0000005556900000)]
  0x0000020f17aa0800 JavaThread "jar transforms Thread 54" [_thread_blocked, id=9588, stack(0x0000005556900000,0x0000005556a00000)]
  0x0000020f17a9f000 JavaThread "jar transforms Thread 55" [_thread_blocked, id=7940, stack(0x0000005556a00000,0x0000005556b00000)]
  0x0000020f17aa3000 JavaThread "jar transforms Thread 56" [_thread_blocked, id=25132, stack(0x0000005556b00000,0x0000005556c00000)]
  0x0000020f17aa4000 JavaThread "jar transforms Thread 57" [_thread_blocked, id=25720, stack(0x0000005556c00000,0x0000005556d00000)]
  0x0000020f17aa1800 JavaThread "jar transforms Thread 58" [_thread_blocked, id=10556, stack(0x0000005556d00000,0x0000005556e00000)]
  0x0000020f17a9e000 JavaThread "jar transforms Thread 59" [_thread_blocked, id=26088, stack(0x0000005556e00000,0x0000005556f00000)]
  0x0000020f17aa4800 JavaThread "jar transforms Thread 60" [_thread_blocked, id=4200, stack(0x0000005556f00000,0x0000005557000000)]
  0x0000020f17aa5800 JavaThread "jar transforms Thread 61" [_thread_blocked, id=18744, stack(0x0000005557000000,0x0000005557100000)]
  0x0000020f17aa0000 JavaThread "jar transforms Thread 62" [_thread_blocked, id=4160, stack(0x0000005557100000,0x0000005557200000)]
  0x0000020f17aa6800 JavaThread "jar transforms Thread 63" [_thread_blocked, id=1288, stack(0x0000005557200000,0x0000005557300000)]
  0x0000020f17aab000 JavaThread "jar transforms Thread 64" [_thread_blocked, id=22896, stack(0x0000005557300000,0x0000005557400000)]
  0x0000020f17aaa800 JavaThread "jar transforms Thread 65" [_thread_blocked, id=7956, stack(0x0000005557400000,0x0000005557500000)]
  0x0000020f17aa8800 JavaThread "jar transforms Thread 66" [_thread_blocked, id=24040, stack(0x0000005557500000,0x0000005557600000)]
  0x0000020f17aa7000 JavaThread "jar transforms Thread 67" [_thread_blocked, id=3884, stack(0x0000005557600000,0x0000005557700000)]
  0x0000020f17aa8000 JavaThread "jar transforms Thread 68" [_thread_blocked, id=18408, stack(0x0000005557700000,0x0000005557800000)]
  0x0000020f17aa9800 JavaThread "jar transforms Thread 69" [_thread_blocked, id=23836, stack(0x0000005557800000,0x0000005557900000)]
  0x0000020f1c1cc800 JavaThread "jar transforms Thread 70" [_thread_blocked, id=25000, stack(0x0000005557900000,0x0000005557a00000)]
  0x0000020f1c1ca000 JavaThread "jar transforms Thread 71" [_thread_blocked, id=19292, stack(0x0000005557a00000,0x0000005557b00000)]
  0x0000020f1c1cb000 JavaThread "jar transforms Thread 72" [_thread_blocked, id=15472, stack(0x0000005557b00000,0x0000005557c00000)]
  0x0000020f1c1cc000 JavaThread "jar transforms Thread 73" [_thread_blocked, id=17200, stack(0x0000005557c00000,0x0000005557d00000)]
  0x0000020f1c1cd800 JavaThread "jar transforms Thread 74" [_thread_blocked, id=14836, stack(0x0000005557d00000,0x0000005557e00000)]
  0x0000020f1c1c7800 JavaThread "jar transforms Thread 75" [_thread_blocked, id=24796, stack(0x0000005557e00000,0x0000005557f00000)]
  0x0000020f1c1ce000 JavaThread "jar transforms Thread 76" [_thread_blocked, id=12648, stack(0x0000005557f00000,0x0000005558000000)]
  0x0000020f1c1c8800 JavaThread "jar transforms Thread 77" [_thread_blocked, id=21996, stack(0x0000005558000000,0x0000005558100000)]
  0x0000020f1c1cf000 JavaThread "jar transforms Thread 78" [_thread_blocked, id=9420, stack(0x0000005558100000,0x0000005558200000)]
  0x0000020f1c1c9800 JavaThread "jar transforms Thread 79" [_thread_blocked, id=19744, stack(0x0000005558200000,0x0000005558300000)]
  0x0000020f1c1d1800 JavaThread "jar transforms Thread 80" [_thread_blocked, id=11184, stack(0x0000005558300000,0x0000005558400000)]
  0x0000020f1c1d4000 JavaThread "jar transforms Thread 81" [_thread_blocked, id=17804, stack(0x0000005558400000,0x0000005558500000)]
  0x0000020f1c1d3000 JavaThread "jar transforms Thread 82" [_thread_blocked, id=20284, stack(0x0000005558500000,0x0000005558600000)]
  0x0000020f1c1d5800 JavaThread "jar transforms Thread 83" [_thread_blocked, id=27044, stack(0x0000005558600000,0x0000005558700000)]
  0x0000020f1c1d0800 JavaThread "jar transforms Thread 84" [_thread_blocked, id=4056, stack(0x0000005558700000,0x0000005558800000)]
  0x0000020f1c1d4800 JavaThread "jar transforms Thread 85" [_thread_blocked, id=24160, stack(0x0000005558800000,0x0000005558900000)]
  0x0000020f1c1d0000 JavaThread "jar transforms Thread 86" [_thread_blocked, id=20912, stack(0x0000005558900000,0x0000005558a00000)]
  0x0000020f1c1d6800 JavaThread "jar transforms Thread 87" [_thread_blocked, id=26492, stack(0x0000005558a00000,0x0000005558b00000)]
  0x0000020f1c1d2800 JavaThread "jar transforms Thread 88" [_thread_blocked, id=26508, stack(0x0000005558b00000,0x0000005558c00000)]
  0x0000020f19be8800 JavaThread "jar transforms Thread 89" [_thread_blocked, id=25892, stack(0x0000005558c00000,0x0000005558d00000)]
  0x0000020f19bec000 JavaThread "jar transforms Thread 90" [_thread_blocked, id=20896, stack(0x0000005558d00000,0x0000005558e00000)]
  0x0000020f19be6000 JavaThread "jar transforms Thread 91" [_thread_blocked, id=18524, stack(0x0000005558e00000,0x0000005558f00000)]
  0x0000020f19bed000 JavaThread "jar transforms Thread 92" [_thread_blocked, id=23096, stack(0x0000005558f00000,0x0000005559000000)]
  0x0000020f19be9800 JavaThread "jar transforms Thread 93" [_thread_blocked, id=13552, stack(0x0000005559000000,0x0000005559100000)]
  0x0000020f19beb000 JavaThread "jar transforms Thread 94" [_thread_blocked, id=10692, stack(0x0000005559100000,0x0000005559200000)]
  0x0000020f19be7000 JavaThread "jar transforms Thread 95" [_thread_blocked, id=20180, stack(0x0000005559200000,0x0000005559300000)]
  0x0000020f19bed800 JavaThread "jar transforms Thread 96" [_thread_blocked, id=19388, stack(0x0000005559300000,0x0000005559400000)]
  0x0000020f19bea800 JavaThread "jar transforms Thread 97" [_thread_blocked, id=24704, stack(0x0000005559400000,0x0000005559500000)]
  0x0000020f19be8000 JavaThread "jar transforms Thread 98" [_thread_blocked, id=21468, stack(0x0000005559500000,0x0000005559600000)]
  0x0000020f19bf1800 JavaThread "jar transforms Thread 99" [_thread_blocked, id=26552, stack(0x0000005559600000,0x0000005559700000)]
  0x0000020f19bf2800 JavaThread "jar transforms Thread 100" [_thread_blocked, id=23116, stack(0x0000005559700000,0x0000005559800000)]
  0x0000020f19bf4000 JavaThread "jar transforms Thread 101" [_thread_blocked, id=9444, stack(0x0000005559800000,0x0000005559900000)]
  0x0000020f19bef000 JavaThread "jar transforms Thread 102" [_thread_blocked, id=25632, stack(0x0000005559900000,0x0000005559a00000)]
  0x0000020f19bee800 JavaThread "jar transforms Thread 103" [_thread_blocked, id=27156, stack(0x0000005559a00000,0x0000005559b00000)]
  0x0000020f19bf3800 JavaThread "jar transforms Thread 104" [_thread_blocked, id=16816, stack(0x0000005559b00000,0x0000005559c00000)]
  0x0000020f19bf5000 JavaThread "jar transforms Thread 105" [_thread_blocked, id=22624, stack(0x0000005559c00000,0x0000005559d00000)]
  0x0000020f19bf0000 JavaThread "jar transforms Thread 106" [_thread_blocked, id=23184, stack(0x0000005559d00000,0x0000005559e00000)]
  0x0000020f19bf1000 JavaThread "jar transforms Thread 107" [_thread_blocked, id=10372, stack(0x0000005559e00000,0x0000005559f00000)]
  0x0000020f1a4f0800 JavaThread "jar transforms Thread 108" [_thread_blocked, id=17676, stack(0x0000005559f00000,0x000000555a000000)]
  0x0000020f1a4f3000 JavaThread "jar transforms Thread 109" [_thread_blocked, id=24604, stack(0x000000555a000000,0x000000555a100000)]
  0x0000020f1a4ee800 JavaThread "jar transforms Thread 110" [_thread_blocked, id=11240, stack(0x000000555a100000,0x000000555a200000)]
  0x0000020f1a4f4800 JavaThread "jar transforms Thread 111" [_thread_blocked, id=14364, stack(0x000000555a200000,0x000000555a300000)]
  0x0000020f1a4f1000 JavaThread "jar transforms Thread 112" [_thread_blocked, id=6340, stack(0x000000555a300000,0x000000555a400000)]
  0x0000020f1a4f3800 JavaThread "jar transforms Thread 113" [_thread_blocked, id=12800, stack(0x000000555a400000,0x000000555a500000)]
  0x0000020f1a4f5000 JavaThread "jar transforms Thread 114" [_thread_blocked, id=19984, stack(0x000000555a500000,0x000000555a600000)]
  0x0000020f1a4f2000 JavaThread "jar transforms Thread 115" [_thread_blocked, id=7884, stack(0x000000555a600000,0x000000555a700000)]
  0x0000020f1a4ef800 JavaThread "jar transforms Thread 116" [_thread_blocked, id=11912, stack(0x000000555a700000,0x000000555a800000)]
  0x0000020f1a4fb000 JavaThread "jar transforms Thread 117" [_thread_blocked, id=14528, stack(0x000000555a800000,0x000000555a900000)]
  0x0000020f1a4f6000 JavaThread "jar transforms Thread 118" [_thread_blocked, id=18320, stack(0x000000555a900000,0x000000555aa00000)]
  0x0000020f1a4f9800 JavaThread "jar transforms Thread 119" [_thread_blocked, id=15688, stack(0x000000555aa00000,0x000000555ab00000)]
  0x0000020f1a4f7800 JavaThread "Memory manager" [_thread_blocked, id=19500, stack(0x000000555ad00000,0x000000555ae00000)]
  0x0000020f1e086000 JavaThread "Handler for socket connection from /127.0.0.1:61069 to /127.0.0.1:61102" [_thread_in_native, id=24832, stack(0x0000005551700000,0x0000005551800000)]
  0x0000020f1e080000 JavaThread "Cancel handler" [_thread_blocked, id=25456, stack(0x0000005551800000,0x0000005551900000)]
  0x0000020f1e086800 JavaThread "Asynchronous log dispatcher for DefaultDaemonConnection: socket connection from /127.0.0.1:61069 to /127.0.0.1:61102" [_thread_blocked, id=27636, stack(0x0000005551a00000,0x0000005551b00000)]
  0x0000020f1e084800 JavaThread "Stdin handler" [_thread_blocked, id=9188, stack(0x0000005551b00000,0x0000005551c00000)]
  0x0000020f1e082800 JavaThread "Thread-184" [_thread_blocked, id=23108, stack(0x0000005551c00000,0x0000005551d00000)]
  0x0000020f1e085000 JavaThread "Cache worker for file hash cache (E:\OfficeGit\Berger_Xpress_Visualizer\Berger_Visualizer\Berger Visualizer\.gradle\6.7.1\fileHashes)" [_thread_blocked, id=26932, stack(0x0000005551d00000,0x0000005551e00000)]
  0x0000020f1e081000 JavaThread "Cache worker for checksums cache (E:\OfficeGit\Berger_Xpress_Visualizer\Berger_Visualizer\Berger Visualizer\.gradle\checksums)" [_thread_blocked, id=21284, stack(0x0000005552400000,0x0000005552500000)]
  0x0000020f1e087800 JavaThread "Cache worker for cache directory md-supplier (C:\Users\hp\.gradle\caches\6.7.1\md-supplier)" [_thread_blocked, id=25848, stack(0x0000005553000000,0x0000005553100000)]
  0x0000020f1e082000 JavaThread "Cache worker for cache directory md-rule (C:\Users\hp\.gradle\caches\6.7.1\md-rule)" [_thread_blocked, id=26576, stack(0x0000005553a00000,0x0000005553b00000)]
  0x0000020f1e088800 JavaThread "C2 CompilerThread1" daemon [_thread_blocked, id=10448, stack(0x0000005553b00000,0x0000005553c00000)]
  0x0000020f1e089000 JavaThread "Cache worker for Build Output Cleanup Cache (E:\OfficeGit\Berger_Xpress_Visualizer\Berger_Visualizer\Berger Visualizer\.gradle\buildOutputCleanup)" [_thread_blocked, id=26084, stack(0x0000005553c00000,0x0000005553d00000)]
  0x0000020f1e083800 JavaThread "C2 CompilerThread2" daemon [_thread_blocked, id=2356, stack(0x0000005553f00000,0x0000005554000000)]
  0x0000020f1e08a000 JavaThread "Build operations" [_thread_blocked, id=27088, stack(0x0000005554000000,0x0000005554100000)]
  0x0000020f1e08c800 JavaThread "Build operations Thread 2" [_thread_blocked, id=27604, stack(0x0000005554100000,0x0000005554200000)]
  0x0000020f1e08f000 JavaThread "Build operations Thread 3" [_thread_blocked, id=23980, stack(0x0000005554200000,0x0000005554300000)]
  0x0000020f1e08f800 JavaThread "Build operations Thread 4" [_thread_blocked, id=27568, stack(0x0000005554300000,0x0000005554400000)]
  0x0000020f1e090800 JavaThread "Build operations Thread 5" [_thread_blocked, id=23804, stack(0x0000005554400000,0x0000005554500000)]
  0x0000020f1e08b800 JavaThread "Build operations Thread 6" [_thread_blocked, id=18452, stack(0x0000005554500000,0x0000005554600000)]
  0x0000020f1e08d800 JavaThread "Build operations Thread 7" [_thread_blocked, id=17964, stack(0x0000005554600000,0x0000005554700000)]
  0x0000020f1e08b000 JavaThread "Build operations Thread 8" [_thread_blocked, id=19020, stack(0x0000005554700000,0x0000005554800000)]
  0x0000020f1e091800 JavaThread "build event listener" [_thread_blocked, id=22796, stack(0x000000555ae00000,0x000000555af00000)]
  0x0000020f1e092000 JavaThread "build event listener" [_thread_blocked, id=22308, stack(0x000000555af00000,0x000000555b000000)]
  0x0000020f1e093000 JavaThread "Execution worker for ':'" [_thread_blocked, id=23460, stack(0x000000555b000000,0x000000555b100000)]
  0x0000020f1e094000 JavaThread "Execution worker for ':' Thread 2" [_thread_blocked, id=26772, stack(0x000000555b100000,0x000000555b200000)]
  0x0000020f1e08e000 JavaThread "Execution worker for ':' Thread 3" [_thread_blocked, id=27060, stack(0x000000555b200000,0x000000555b300000)]
  0x0000020f1e097000 JavaThread "Execution worker for ':' Thread 4" [_thread_blocked, id=13652, stack(0x000000555b300000,0x000000555b400000)]
  0x0000020f1e096000 JavaThread "Execution worker for ':' Thread 5" [_thread_blocked, id=26992, stack(0x000000555b400000,0x000000555b500000)]
  0x0000020f1e098000 JavaThread "Execution worker for ':' Thread 6" [_thread_blocked, id=7592, stack(0x000000555b500000,0x000000555b600000)]
  0x0000020f1e098800 JavaThread "Execution worker for ':' Thread 7" [_thread_blocked, id=23072, stack(0x000000555b600000,0x000000555b700000)]
  0x0000020f1e099800 JavaThread "Cache worker for execution history cache (E:\OfficeGit\Berger_Xpress_Visualizer\Berger_Visualizer\Berger Visualizer\.gradle\6.7.1\executionHistory)" [_thread_blocked, id=19824, stack(0x000000555b700000,0x000000555b800000)]
  0x0000020f1e094800 JavaThread "WorkerExecutor Queue" [_thread_blocked, id=14496, stack(0x000000555b800000,0x000000555b900000)]
  0x0000020f1e09a800 JavaThread "WorkerExecutor Queue Thread 2" [_thread_blocked, id=26500, stack(0x000000555b900000,0x000000555ba00000)]
  0x0000020f1e095800 JavaThread "Exec process" [_thread_blocked, id=25664, stack(0x000000555ba00000,0x000000555bb00000)]
  0x0000020f1e09c000 JavaThread "WorkerExecutor Queue Thread 3" [_thread_blocked, id=26172, stack(0x000000555bb00000,0x000000555bc00000)]
  0x0000020f1e09d800 JavaThread "Exec process Thread 2" [_thread_blocked, id=27384, stack(0x000000555bc00000,0x000000555bd00000)]
  0x0000020f1e09d000 JavaThread "Exec process Thread 3" [_thread_blocked, id=18104, stack(0x000000555bd00000,0x000000555be00000)]
  0x0000020f1e09b000 JavaThread "WorkerExecutor Queue Thread 4" [_thread_blocked, id=7932, stack(0x000000555be00000,0x000000555bf00000)]
  0x0000020f1e09e800 JavaThread "WorkerExecutor Queue Thread 5" [_thread_blocked, id=23724, stack(0x000000555bf00000,0x000000555c000000)]
  0x0000020f1e09f000 JavaThread "WorkerExecutor Queue Thread 6" [_thread_blocked, id=13516, stack(0x000000555c000000,0x000000555c100000)]
  0x0000020f1ca36800 JavaThread "WorkerExecutor Queue Thread 7" [_thread_blocked, id=9864, stack(0x000000555c100000,0x000000555c200000)]
  0x0000020f1ca39800 JavaThread "WorkerExecutor Queue Thread 8" [_thread_blocked, id=23840, stack(0x000000555c200000,0x000000555c300000)]
  0x0000020f1ca35800 JavaThread "Cache worker for Java compile cache (C:\Users\hp\.gradle\caches\6.7.1\javaCompile)" [_thread_blocked, id=12628, stack(0x000000555c300000,0x000000555c400000)]
  0x0000020f1ca38800 JavaThread "Cache worker for Java compile cache (E:\OfficeGit\Berger_Xpress_Visualizer\Berger_Visualizer\Berger Visualizer\.gradle\6.7.1\javaCompile)" [_thread_blocked, id=20096, stack(0x000000555c400000,0x000000555c500000)]

Other Threads:
=>0x0000020f16acb000 VMThread "VM Thread" [stack: 0x0000005550100000,0x0000005550200000] [id=20744]
  0x0000020f16cda000 WatcherThread [stack: 0x0000005550b00000,0x0000005550c00000] [id=10244]
  0x0000020f79db1000 GCTaskThread "GC Thread#0" [stack: 0x000000554fc00000,0x000000554fd00000] [id=25864]
  0x0000020f1706c800 GCTaskThread "GC Thread#1" [stack: 0x0000005550d00000,0x0000005550e00000] [id=23444]
  0x0000020f17097800 GCTaskThread "GC Thread#2" [stack: 0x0000005550e00000,0x0000005550f00000] [id=13800]
  0x0000020f177ba800 GCTaskThread "GC Thread#3" [stack: 0x0000005550f00000,0x0000005551000000] [id=21868]
  0x0000020f178ea800 GCTaskThread "GC Thread#4" [stack: 0x0000005551000000,0x0000005551100000] [id=6928]
  0x0000020f17b51800 GCTaskThread "GC Thread#5" [stack: 0x0000005551100000,0x0000005551200000] [id=7888]
  0x0000020f1872d000 GCTaskThread "GC Thread#6" [stack: 0x0000005552000000,0x0000005552100000] [id=18712]
  0x0000020f19d76000 GCTaskThread "GC Thread#7" [stack: 0x0000005552100000,0x0000005552200000] [id=7360]
  0x0000020f79de5800 ConcurrentGCThread "G1 Main Marker" [stack: 0x000000554fd00000,0x000000554fe00000] [id=23556]
  0x0000020f79de7800 ConcurrentGCThread "G1 Conc#0" [stack: 0x000000554fe00000,0x000000554ff00000] [id=21520]
  0x0000020f1791a000 ConcurrentGCThread "G1 Conc#1" [stack: 0x0000005552200000,0x0000005552300000] [id=25452]
  0x0000020f1611c800 ConcurrentGCThread "G1 Refine#0" [stack: 0x000000554ff00000,0x0000005550000000] [id=17420]
  0x0000020f1fa92800 ConcurrentGCThread "G1 Refine#1" [stack: 0x000000555ab00000,0x000000555ac00000] [id=23476]
  0x0000020f1fa56800 ConcurrentGCThread "G1 Refine#2" [stack: 0x000000555ac00000,0x000000555ad00000] [id=12816]
  0x0000020f1611d000 ConcurrentGCThread "G1 Young RemSet Sampling" [stack: 0x0000005550000000,0x0000005550100000] [id=9500]

Threads with active compile tasks:
C2 CompilerThread0  50938 19726       4       com.sun.tools.javac.comp.Resolve::isAccessible (394 bytes)
C1 CompilerThread0  50938 19748       2       com.sun.tools.javac.jvm.ClassWriter::writeClassFile (1332 bytes)
C2 CompilerThread1  50938 19727       4       com.sun.tools.javac.comp.Resolve$MethodResultInfo::check (95 bytes)
C2 CompilerThread2  50938 19648       4       com.sun.tools.javac.util.Bits::excl (72 bytes)

VM state:at safepoint (normal execution)

VM Mutex/Monitor currently owned by a thread:  ([mutex/lock_event])
[0x0000020f79d93e00] Threads_lock - owner thread: 0x0000020f16acb000
[0x0000020f79d93b30] Heap_lock - owner thread: 0x0000020f1e094000

Heap address: 0x0000000080000000, size: 2048 MB, Compressed Oops mode: 32-bit
Narrow klass base: 0x0000000000000000, Narrow klass shift: 3
Compressed class space size: 1073741824 Address: 0x0000000100000000

Heap:
 garbage-first heap   total 317440K, used 178059K [0x0000000080000000, 0x0000000100000000)
  region size 1024K, 2 young (2048K), 2 survivors (2048K)
 Metaspace       used 130490K, capacity 133867K, committed 134140K, reserved 1167360K
  class space    used 15815K, capacity 16957K, committed 17024K, reserved 1048576K
Heap Regions: E=young(eden), S=young(survivor), O=old, HS=humongous(starts), HC=humongous(continues), CS=collection set, F=free, A=archive, TAMS=top-at-mark-start (previous, next)
|   0|0x0000000080000000, 0x0000000080100000, 0x0000000080100000|100%|HS|  |TAMS 0x0000000080100000, 0x0000000080000000| Complete 
|   1|0x0000000080100000, 0x0000000080200000, 0x0000000080200000|100%|HC|  |TAMS 0x0000000080200000, 0x0000000080100000| Complete 
|   2|0x0000000080200000, 0x0000000080300000, 0x0000000080300000|100%| O|  |TAMS 0x0000000080300000, 0x0000000080200000| Untracked 
|   3|0x0000000080300000, 0x0000000080400000, 0x0000000080400000|100%|HS|  |TAMS 0x0000000080400000, 0x0000000080300000| Complete 
|   4|0x0000000080400000, 0x0000000080500000, 0x0000000080500000|100%|HC|  |TAMS 0x0000000080500000, 0x0000000080400000| Complete 
|   5|0x0000000080500000, 0x0000000080600000, 0x0000000080600000|100%|HC|  |TAMS 0x0000000080600000, 0x0000000080500000| Complete 
|   6|0x0000000080600000, 0x0000000080700000, 0x0000000080700000|100%| O|  |TAMS 0x0000000080700000, 0x0000000080600000| Untracked 
|   7|0x0000000080700000, 0x0000000080800000, 0x0000000080800000|100%| O|  |TAMS 0x0000000080800000, 0x0000000080700000| Untracked 
|   8|0x0000000080800000, 0x0000000080900000, 0x0000000080900000|100%| O|  |TAMS 0x0000000080900000, 0x0000000080800000| Untracked 
|   9|0x0000000080900000, 0x0000000080a00000, 0x0000000080a00000|100%|HS|  |TAMS 0x0000000080a00000, 0x0000000080900000| Complete 
|  10|0x0000000080a00000, 0x0000000080b00000, 0x0000000080b00000|100%|HC|  |TAMS 0x0000000080b00000, 0x0000000080a00000| Complete 
|  11|0x0000000080b00000, 0x0000000080c00000, 0x0000000080c00000|100%|HC|  |TAMS 0x0000000080c00000, 0x0000000080b00000| Complete 
|  12|0x0000000080c00000, 0x0000000080d00000, 0x0000000080d00000|100%|HS|  |TAMS 0x0000000080d00000, 0x0000000080c00000| Complete 
|  13|0x0000000080d00000, 0x0000000080e00000, 0x0000000080e00000|100%|HC|  |TAMS 0x0000000080e00000, 0x0000000080d00000| Complete 
|  14|0x0000000080e00000, 0x0000000080f00000, 0x0000000080f00000|100%|HC|  |TAMS 0x0000000080f00000, 0x0000000080e00000| Complete 
|  15|0x0000000080f00000, 0x0000000081000000, 0x0000000081000000|100%|HC|  |TAMS 0x0000000081000000, 0x0000000080f00000| Complete 
|  16|0x0000000081000000, 0x0000000081100000, 0x0000000081100000|100%|HC|  |TAMS 0x0000000081100000, 0x0000000081000000| Complete 
|  17|0x0000000081100000, 0x0000000081200000, 0x0000000081200000|100%| O|  |TAMS 0x0000000081200000, 0x0000000081100000| Untracked 
|  18|0x0000000081200000, 0x0000000081300000, 0x0000000081300000|100%| O|  |TAMS 0x0000000081300000, 0x0000000081200000| Untracked 
|  19|0x0000000081300000, 0x0000000081400000, 0x0000000081400000|100%| O|  |TAMS 0x0000000081400000, 0x0000000081300000| Untracked 
|  20|0x0000000081400000, 0x0000000081500000, 0x0000000081500000|100%| O|  |TAMS 0x0000000081500000, 0x0000000081400000| Untracked 
|  21|0x0000000081500000, 0x0000000081600000, 0x0000000081600000|100%| O|  |TAMS 0x0000000081600000, 0x0000000081500000| Untracked 
|  22|0x0000000081600000, 0x0000000081700000, 0x0000000081700000|100%| O|  |TAMS 0x0000000081700000, 0x0000000081600000| Untracked 
|  23|0x0000000081700000, 0x0000000081800000, 0x0000000081800000|100%| O|  |TAMS 0x0000000081800000, 0x0000000081700000| Untracked 
|  24|0x0000000081800000, 0x0000000081900000, 0x0000000081900000|100%| O|  |TAMS 0x0000000081900000, 0x0000000081800000| Untracked 
|  25|0x0000000081900000, 0x0000000081a00000, 0x0000000081a00000|100%| O|  |TAMS 0x0000000081a00000, 0x0000000081900000| Untracked 
|  26|0x0000000081a00000, 0x0000000081b00000, 0x0000000081b00000|100%|HS|  |TAMS 0x0000000081b00000, 0x0000000081a00000| Complete 
|  27|0x0000000081b00000, 0x0000000081c00000, 0x0000000081c00000|100%|HS|  |TAMS 0x0000000081c00000, 0x0000000081b00000| Complete 
|  28|0x0000000081c00000, 0x0000000081d00000, 0x0000000081d00000|100%| O|  |TAMS 0x0000000081d00000, 0x0000000081c00000| Untracked 
|  29|0x0000000081d00000, 0x0000000081e00000, 0x0000000081e00000|100%|HS|  |TAMS 0x0000000081e00000, 0x0000000081d00000| Complete 
|  30|0x0000000081e00000, 0x0000000081f00000, 0x0000000081f00000|100%|HC|  |TAMS 0x0000000081f00000, 0x0000000081e00000| Complete 
|  31|0x0000000081f00000, 0x0000000082000000, 0x0000000082000000|100%|HC|  |TAMS 0x0000000082000000, 0x0000000081f00000| Complete 
|  32|0x0000000082000000, 0x0000000082100000, 0x0000000082100000|100%|HC|  |TAMS 0x0000000082100000, 0x0000000082000000| Complete 
|  33|0x0000000082100000, 0x0000000082200000, 0x0000000082200000|100%|HC|  |TAMS 0x0000000082200000, 0x0000000082100000| Complete 
|  34|0x0000000082200000, 0x0000000082300000, 0x0000000082300000|100%|HS|  |TAMS 0x0000000082300000, 0x0000000082200000| Complete 
|  35|0x0000000082300000, 0x0000000082400000, 0x0000000082400000|100%|HC|  |TAMS 0x0000000082400000, 0x0000000082300000| Complete 
|  36|0x0000000082400000, 0x0000000082500000, 0x0000000082500000|100%|HC|  |TAMS 0x0000000082500000, 0x0000000082400000| Complete 
|  37|0x0000000082500000, 0x0000000082600000, 0x0000000082600000|100%| O|  |TAMS 0x0000000082600000, 0x0000000082500000| Untracked 
|  38|0x0000000082600000, 0x0000000082700000, 0x0000000082700000|100%| O|  |TAMS 0x0000000082700000, 0x0000000082600000| Untracked 
|  39|0x0000000082700000, 0x0000000082800000, 0x0000000082800000|100%| O|  |TAMS 0x0000000082800000, 0x0000000082700000| Untracked 
|  40|0x0000000082800000, 0x0000000082900000, 0x0000000082900000|100%| O|  |TAMS 0x0000000082900000, 0x0000000082800000| Untracked 
|  41|0x0000000082900000, 0x0000000082a00000, 0x0000000082a00000|100%| O|  |TAMS 0x0000000082a00000, 0x0000000082900000| Untracked 
|  42|0x0000000082a00000, 0x0000000082b00000, 0x0000000082b00000|100%| O|  |TAMS 0x0000000082b00000, 0x0000000082a00000| Untracked 
|  43|0x0000000082b00000, 0x0000000082c00000, 0x0000000082c00000|100%|HS|  |TAMS 0x0000000082c00000, 0x0000000082b00000| Complete 
|  44|0x0000000082c00000, 0x0000000082d00000, 0x0000000082d00000|100%|HC|  |TAMS 0x0000000082d00000, 0x0000000082c00000| Complete 
|  45|0x0000000082d00000, 0x0000000082e00000, 0x0000000082e00000|100%|HC|  |TAMS 0x0000000082e00000, 0x0000000082d00000| Complete 
|  46|0x0000000082e00000, 0x0000000082f00000, 0x0000000082f00000|100%|HS|  |TAMS 0x0000000082f00000, 0x0000000082e00000| Complete 
|  47|0x0000000082f00000, 0x0000000083000000, 0x0000000083000000|100%|HC|  |TAMS 0x0000000083000000, 0x0000000082f00000| Complete 
|  48|0x0000000083000000, 0x0000000083100000, 0x0000000083100000|100%| O|  |TAMS 0x0000000083100000, 0x0000000083000000| Untracked 
|  49|0x0000000083100000, 0x0000000083200000, 0x0000000083200000|100%| O|  |TAMS 0x0000000083200000, 0x0000000083100000| Untracked 
|  50|0x0000000083200000, 0x0000000083300000, 0x0000000083300000|100%| O|  |TAMS 0x0000000083300000, 0x0000000083200000| Untracked 
|  51|0x0000000083300000, 0x0000000083400000, 0x0000000083400000|100%| O|  |TAMS 0x0000000083300000, 0x0000000083300000| Untracked 
|  52|0x0000000083400000, 0x0000000083500000, 0x0000000083500000|100%| O|  |TAMS 0x0000000083500000, 0x0000000083400000| Untracked 
|  53|0x0000000083500000, 0x0000000083600000, 0x0000000083600000|100%| O|  |TAMS 0x0000000083600000, 0x0000000083500000| Untracked 
|  54|0x0000000083600000, 0x0000000083700000, 0x0000000083700000|100%| O|  |TAMS 0x0000000083700000, 0x0000000083600000| Untracked 
|  55|0x0000000083700000, 0x0000000083800000, 0x0000000083800000|100%| O|  |TAMS 0x0000000083800000, 0x0000000083700000| Untracked 
|  56|0x0000000083800000, 0x0000000083900000, 0x0000000083900000|100%| O|  |TAMS 0x0000000083900000, 0x0000000083800000| Untracked 
|  57|0x0000000083900000, 0x0000000083a00000, 0x0000000083a00000|100%| O|  |TAMS 0x0000000083a00000, 0x0000000083900000| Untracked 
|  58|0x0000000083a00000, 0x0000000083b00000, 0x0000000083b00000|100%| O|  |TAMS 0x0000000083b00000, 0x0000000083a00000| Untracked 
|  59|0x0000000083b00000, 0x0000000083c00000, 0x0000000083c00000|100%| O|  |TAMS 0x0000000083c00000, 0x0000000083b00000| Untracked 
|  60|0x0000000083c00000, 0x0000000083d00000, 0x0000000083d00000|100%| O|  |TAMS 0x0000000083d00000, 0x0000000083c00000| Untracked 
|  61|0x0000000083d00000, 0x0000000083e00000, 0x0000000083e00000|100%| O|  |TAMS 0x0000000083e00000, 0x0000000083d00000| Untracked 
|  62|0x0000000083e00000, 0x0000000083f00000, 0x0000000083f00000|100%| O|  |TAMS 0x0000000083f00000, 0x0000000083e00000| Untracked 
|  63|0x0000000083f00000, 0x0000000084000000, 0x0000000084000000|100%| O|  |TAMS 0x0000000084000000, 0x0000000083f00000| Untracked 
|  64|0x0000000084000000, 0x0000000084100000, 0x0000000084100000|100%| O|  |TAMS 0x0000000084100000, 0x0000000084000000| Untracked 
|  65|0x0000000084100000, 0x0000000084200000, 0x0000000084200000|100%| O|  |TAMS 0x0000000084200000, 0x0000000084100000| Untracked 
|  66|0x0000000084200000, 0x0000000084300000, 0x0000000084300000|100%| O|  |TAMS 0x0000000084300000, 0x0000000084200000| Untracked 
|  67|0x0000000084300000, 0x0000000084400000, 0x0000000084400000|100%| O|  |TAMS 0x0000000084400000, 0x0000000084300000| Untracked 
|  68|0x0000000084400000, 0x0000000084500000, 0x0000000084500000|100%| O|  |TAMS 0x0000000084500000, 0x0000000084400000| Untracked 
|  69|0x0000000084500000, 0x0000000084600000, 0x0000000084600000|100%| O|  |TAMS 0x0000000084600000, 0x0000000084500000| Untracked 
|  70|0x0000000084600000, 0x0000000084700000, 0x0000000084700000|100%| O|  |TAMS 0x0000000084700000, 0x0000000084600000| Untracked 
|  71|0x0000000084700000, 0x0000000084800000, 0x0000000084800000|100%| O|  |TAMS 0x0000000084800000, 0x0000000084700000| Untracked 
|  72|0x0000000084800000, 0x0000000084900000, 0x0000000084900000|100%| O|  |TAMS 0x0000000084900000, 0x0000000084800000| Untracked 
|  73|0x0000000084900000, 0x0000000084a00000, 0x0000000084a00000|100%| O|  |TAMS 0x0000000084a00000, 0x0000000084900000| Untracked 
|  74|0x0000000084a00000, 0x0000000084b00000, 0x0000000084b00000|100%| O|  |TAMS 0x0000000084b00000, 0x0000000084a00000| Untracked 
|  75|0x0000000084b00000, 0x0000000084c00000, 0x0000000084c00000|100%| O|  |TAMS 0x0000000084c00000, 0x0000000084b00000| Untracked 
|  76|0x0000000084c00000, 0x0000000084d00000, 0x0000000084d00000|100%| O|  |TAMS 0x0000000084d00000, 0x0000000084c00000| Untracked 
|  77|0x0000000084d00000, 0x0000000084e00000, 0x0000000084e00000|100%| O|  |TAMS 0x0000000084e00000, 0x0000000084d00000| Untracked 
|  78|0x0000000084e00000, 0x0000000084f00000, 0x0000000084f00000|100%| O|  |TAMS 0x0000000084f00000, 0x0000000084e00000| Untracked 
|  79|0x0000000084f00000, 0x0000000085000000, 0x0000000085000000|100%| O|  |TAMS 0x0000000085000000, 0x0000000084f00000| Untracked 
|  80|0x0000000085000000, 0x0000000085100000, 0x0000000085100000|100%| O|  |TAMS 0x0000000085100000, 0x0000000085000000| Untracked 
|  81|0x0000000085100000, 0x0000000085200000, 0x0000000085200000|100%| O|  |TAMS 0x0000000085200000, 0x0000000085100000| Untracked 
|  82|0x0000000085200000, 0x0000000085300000, 0x0000000085300000|100%| O|  |TAMS 0x0000000085300000, 0x0000000085200000| Untracked 
|  83|0x0000000085300000, 0x0000000085400000, 0x0000000085400000|100%| O|  |TAMS 0x0000000085400000, 0x0000000085300000| Untracked 
|  84|0x0000000085400000, 0x0000000085500000, 0x0000000085500000|100%| O|  |TAMS 0x0000000085400000, 0x0000000085400000| Untracked 
|  85|0x0000000085500000, 0x0000000085600000, 0x0000000085600000|100%| O|  |TAMS 0x0000000085600000, 0x0000000085500000| Untracked 
|  86|0x0000000085600000, 0x0000000085700000, 0x0000000085700000|100%| O|  |TAMS 0x0000000085700000, 0x0000000085600000| Untracked 
|  87|0x0000000085700000, 0x0000000085800000, 0x0000000085800000|100%| O|  |TAMS 0x0000000085800000, 0x0000000085700000| Untracked 
|  88|0x0000000085800000, 0x0000000085900000, 0x0000000085900000|100%| O|  |TAMS 0x0000000085900000, 0x0000000085800000| Untracked 
|  89|0x0000000085900000, 0x0000000085a00000, 0x0000000085a00000|100%| O|  |TAMS 0x0000000085a00000, 0x0000000085900000| Untracked 
|  90|0x0000000085a00000, 0x0000000085b00000, 0x0000000085b00000|100%| O|  |TAMS 0x0000000085b00000, 0x0000000085a00000| Untracked 
|  91|0x0000000085b00000, 0x0000000085c00000, 0x0000000085c00000|100%| O|  |TAMS 0x0000000085c00000, 0x0000000085b00000| Untracked 
|  92|0x0000000085c00000, 0x0000000085d00000, 0x0000000085d00000|100%| O|  |TAMS 0x0000000085d00000, 0x0000000085c00000| Untracked 
|  93|0x0000000085d00000, 0x0000000085e00000, 0x0000000085e00000|100%| O|  |TAMS 0x0000000085e00000, 0x0000000085d00000| Untracked 
|  94|0x0000000085e00000, 0x0000000085f00000, 0x0000000085f00000|100%| O|  |TAMS 0x0000000085f00000, 0x0000000085e00000| Untracked 
|  95|0x0000000085f00000, 0x0000000086000000, 0x0000000086000000|100%| O|  |TAMS 0x0000000086000000, 0x0000000085f00000| Untracked 
|  96|0x0000000086000000, 0x0000000086100000, 0x0000000086100000|100%| O|  |TAMS 0x0000000086000000, 0x0000000086000000| Untracked 
|  97|0x0000000086100000, 0x0000000086200000, 0x0000000086200000|100%|HS|  |TAMS 0x0000000086100000, 0x0000000086100000| Complete 
|  98|0x0000000086200000, 0x0000000086300000, 0x0000000086300000|100%|HS|  |TAMS 0x0000000086200000, 0x0000000086200000| Complete 
|  99|0x0000000086300000, 0x0000000086400000, 0x0000000086400000|100%| O|  |TAMS 0x0000000086400000, 0x0000000086300000| Untracked 
| 100|0x0000000086400000, 0x0000000086500000, 0x0000000086500000|100%| O|  |TAMS 0x0000000086500000, 0x0000000086400000| Untracked 
| 101|0x0000000086500000, 0x0000000086600000, 0x0000000086600000|100%| O|  |TAMS 0x0000000086500000, 0x0000000086500000| Untracked 
| 102|0x0000000086600000, 0x0000000086700000, 0x0000000086700000|100%| O|  |TAMS 0x0000000086700000, 0x0000000086600000| Untracked 
| 103|0x0000000086700000, 0x0000000086800000, 0x0000000086800000|100%| O|  |TAMS 0x0000000086800000, 0x0000000086700000| Untracked 
| 104|0x0000000086800000, 0x0000000086900000, 0x0000000086900000|100%| O|  |TAMS 0x0000000086900000, 0x0000000086800000| Untracked 
| 105|0x0000000086900000, 0x0000000086a00000, 0x0000000086a00000|100%| O|  |TAMS 0x0000000086900000, 0x0000000086900000| Untracked 
| 106|0x0000000086a00000, 0x0000000086b00000, 0x0000000086b00000|100%| O|  |TAMS 0x0000000086a00000, 0x0000000086a00000| Untracked 
| 107|0x0000000086b00000, 0x0000000086c00000, 0x0000000086c00000|100%| O|  |TAMS 0x0000000086b00000, 0x0000000086b00000| Untracked 
| 108|0x0000000086c00000, 0x0000000086d00000, 0x0000000086d00000|100%| O|  |TAMS 0x0000000086d00000, 0x0000000086c00000| Untracked 
| 109|0x0000000086d00000, 0x0000000086e00000, 0x0000000086e00000|100%| O|  |TAMS 0x0000000086e00000, 0x0000000086d00000| Untracked 
| 110|0x0000000086e00000, 0x0000000086f00000, 0x0000000086f00000|100%| O|  |TAMS 0x0000000086f00000, 0x0000000086e00000| Untracked 
| 111|0x0000000086f00000, 0x0000000087000000, 0x0000000087000000|100%|HS|  |TAMS 0x0000000086f00000, 0x0000000086f00000| Complete 
| 112|0x0000000087000000, 0x0000000087100000, 0x0000000087100000|100%|HC|  |TAMS 0x0000000087000000, 0x0000000087000000| Complete 
| 113|0x0000000087100000, 0x0000000087200000, 0x0000000087200000|100%| O|  |TAMS 0x0000000087100000, 0x0000000087100000| Untracked 
| 114|0x0000000087200000, 0x0000000087300000, 0x0000000087300000|100%| O|  |TAMS 0x0000000087300000, 0x0000000087200000| Untracked 
| 115|0x0000000087300000, 0x0000000087400000, 0x0000000087400000|100%| O|  |TAMS 0x0000000087400000, 0x0000000087300000| Untracked 
| 116|0x0000000087400000, 0x0000000087500000, 0x0000000087500000|100%| O|  |TAMS 0x0000000087500000, 0x0000000087400000| Untracked 
| 117|0x0000000087500000, 0x0000000087600000, 0x0000000087600000|100%| O|  |TAMS 0x0000000087600000, 0x0000000087500000| Untracked 
| 118|0x0000000087600000, 0x0000000087700000, 0x0000000087700000|100%| O|  |TAMS 0x0000000087700000, 0x0000000087600000| Untracked 
| 119|0x0000000087700000, 0x0000000087800000, 0x0000000087800000|100%| O|  |TAMS 0x0000000087800000, 0x0000000087700000| Untracked 
| 120|0x0000000087800000, 0x0000000087900000, 0x0000000087900000|100%| O|  |TAMS 0x0000000087900000, 0x0000000087800000| Untracked 
| 121|0x0000000087900000, 0x0000000087a00000, 0x0000000087a00000|100%| O|  |TAMS 0x0000000087a00000, 0x0000000087900000| Untracked 
| 122|0x0000000087a00000, 0x0000000087b00000, 0x0000000087b00000|100%| O|  |TAMS 0x0000000087b00000, 0x0000000087a00000| Untracked 
| 123|0x0000000087b00000, 0x0000000087c00000, 0x0000000087c00000|100%| O|  |TAMS 0x0000000087c00000, 0x0000000087b00000| Untracked 
| 124|0x0000000087c00000, 0x0000000087d00000, 0x0000000087d00000|100%| O|  |TAMS 0x0000000087d00000, 0x0000000087c00000| Untracked 
| 125|0x0000000087d00000, 0x0000000087e00000, 0x0000000087e00000|100%| O|  |TAMS 0x0000000087e00000, 0x0000000087d00000| Untracked 
| 126|0x0000000087e00000, 0x0000000087f00000, 0x0000000087f00000|100%| O|  |TAMS 0x0000000087f00000, 0x0000000087e00000| Untracked 
| 127|0x0000000087f00000, 0x0000000088000000, 0x0000000088000000|100%| O|  |TAMS 0x0000000088000000, 0x0000000087f00000| Untracked 
| 128|0x0000000088000000, 0x0000000088100000, 0x0000000088100000|100%| O|  |TAMS 0x0000000088100000, 0x0000000088000000| Untracked 
| 129|0x0000000088100000, 0x0000000088200000, 0x0000000088200000|100%| O|  |TAMS 0x0000000088200000, 0x0000000088100000| Untracked 
| 130|0x0000000088200000, 0x0000000088300000, 0x0000000088300000|100%| O|  |TAMS 0x0000000088300000, 0x0000000088200000| Untracked 
| 131|0x0000000088300000, 0x0000000088400000, 0x0000000088400000|100%| O|  |TAMS 0x0000000088400000, 0x0000000088300000| Untracked 
| 132|0x0000000088400000, 0x0000000088500000, 0x0000000088500000|100%| O|  |TAMS 0x0000000088400000, 0x0000000088400000| Untracked 
| 133|0x0000000088500000, 0x0000000088600000, 0x0000000088600000|100%| O|  |TAMS 0x0000000088500000, 0x0000000088500000| Untracked 
| 134|0x0000000088600000, 0x0000000088700000, 0x0000000088700000|100%| O|  |TAMS 0x0000000088600000, 0x0000000088600000| Untracked 
| 135|0x0000000088700000, 0x0000000088800000, 0x0000000088800000|100%| O|  |TAMS 0x0000000088700000, 0x0000000088700000| Untracked 
| 136|0x0000000088800000, 0x0000000088900000, 0x0000000088900000|100%| O|  |TAMS 0x0000000088800000, 0x0000000088800000| Untracked 
| 137|0x0000000088900000, 0x0000000088a00000, 0x0000000088a00000|100%| O|  |TAMS 0x0000000088a00000, 0x0000000088900000| Untracked 
| 138|0x0000000088a00000, 0x0000000088b00000, 0x0000000088b00000|100%| O|  |TAMS 0x0000000088a00000, 0x0000000088a00000| Untracked 
| 139|0x0000000088b00000, 0x0000000088c00000, 0x0000000088c00000|100%| O|  |TAMS 0x0000000088b00000, 0x0000000088b00000| Untracked 
| 140|0x0000000088c00000, 0x0000000088d00000, 0x0000000088d00000|100%|HS|  |TAMS 0x0000000088c00000, 0x0000000088c00000| Complete 
| 141|0x0000000088d00000, 0x0000000088e00000, 0x0000000088e00000|100%|HC|  |TAMS 0x0000000088d00000, 0x0000000088d00000| Complete 
| 142|0x0000000088e00000, 0x0000000088f00000, 0x0000000088f00000|100%| O|  |TAMS 0x0000000088e00000, 0x0000000088e00000| Untracked 
| 143|0x0000000088f00000, 0x0000000089000000, 0x0000000089000000|100%| O|  |TAMS 0x0000000088f00000, 0x0000000088f00000| Untracked 
| 144|0x0000000089000000, 0x0000000089100000, 0x0000000089100000|100%| O|  |TAMS 0x0000000089000000, 0x0000000089000000| Untracked 
| 145|0x0000000089100000, 0x0000000089200000, 0x0000000089200000|100%| O|  |TAMS 0x0000000089100000, 0x0000000089100000| Untracked 
| 146|0x0000000089200000, 0x0000000089300000, 0x0000000089300000|100%| O|  |TAMS 0x0000000089200000, 0x0000000089200000| Untracked 
| 147|0x0000000089300000, 0x0000000089400000, 0x0000000089400000|100%| O|  |TAMS 0x0000000089300000, 0x0000000089300000| Untracked 
| 148|0x0000000089400000, 0x0000000089500000, 0x0000000089500000|100%|HS|  |TAMS 0x0000000089400000, 0x0000000089400000| Complete 
| 149|0x0000000089500000, 0x0000000089600000, 0x0000000089600000|100%|HC|  |TAMS 0x0000000089500000, 0x0000000089500000| Complete 
| 150|0x0000000089600000, 0x0000000089700000, 0x0000000089700000|100%| O|  |TAMS 0x0000000089600000, 0x0000000089600000| Untracked 
| 151|0x0000000089700000, 0x0000000089800000, 0x0000000089800000|100%| O|  |TAMS 0x0000000089700000, 0x0000000089700000| Untracked 
| 152|0x0000000089800000, 0x0000000089900000, 0x0000000089900000|100%| O|  |TAMS 0x000000008983a000, 0x0000000089800000| Untracked 
| 153|0x0000000089900000, 0x0000000089a00000, 0x0000000089a00000|100%| O|  |TAMS 0x0000000089900000, 0x0000000089900000| Untracked 
| 154|0x0000000089a00000, 0x0000000089b00000, 0x0000000089b00000|100%| O|  |TAMS 0x0000000089a00000, 0x0000000089a00000| Untracked 
| 155|0x0000000089b00000, 0x0000000089c00000, 0x0000000089c00000|100%| O|  |TAMS 0x0000000089b00000, 0x0000000089b00000| Untracked 
| 156|0x0000000089c00000, 0x0000000089d00000, 0x0000000089d00000|100%| O|  |TAMS 0x0000000089c00000, 0x0000000089c00000| Untracked 
| 157|0x0000000089d00000, 0x0000000089e00000, 0x0000000089e00000|100%| O|  |TAMS 0x0000000089d00000, 0x0000000089d00000| Untracked 
| 158|0x0000000089e00000, 0x0000000089f00000, 0x0000000089f00000|100%| O|  |TAMS 0x0000000089e00000, 0x0000000089e00000| Untracked 
| 159|0x0000000089f00000, 0x000000008a000000, 0x000000008a000000|100%| O|  |TAMS 0x0000000089f00000, 0x0000000089f00000| Untracked 
| 160|0x000000008a000000, 0x000000008a100000, 0x000000008a100000|100%| O|  |TAMS 0x000000008a000000, 0x000000008a000000| Untracked 
| 161|0x000000008a100000, 0x000000008a200000, 0x000000008a200000|100%| O|  |TAMS 0x000000008a100000, 0x000000008a100000| Untracked 
| 162|0x000000008a200000, 0x000000008a300000, 0x000000008a300000|100%| O|  |TAMS 0x000000008a200000, 0x000000008a200000| Untracked 
| 163|0x000000008a300000, 0x000000008a400000, 0x000000008a400000|100%| O|  |TAMS 0x000000008a300000, 0x000000008a300000| Untracked 
| 164|0x000000008a400000, 0x000000008a500000, 0x000000008a500000|100%| O|  |TAMS 0x000000008a400000, 0x000000008a400000| Untracked 
| 165|0x000000008a500000, 0x000000008a600000, 0x000000008a600000|100%| O|  |TAMS 0x000000008a500000, 0x000000008a500000| Untracked 
| 166|0x000000008a600000, 0x000000008a700000, 0x000000008a700000|100%| O|  |TAMS 0x000000008a600000, 0x000000008a600000| Untracked 
| 167|0x000000008a700000, 0x000000008a800000, 0x000000008a800000|100%| O|  |TAMS 0x000000008a700000, 0x000000008a700000| Untracked 
| 168|0x000000008a800000, 0x000000008a900000, 0x000000008a900000|100%| O|  |TAMS 0x000000008a800000, 0x000000008a800000| Untracked 
| 169|0x000000008a900000, 0x000000008aa00000, 0x000000008aa00000|100%| O|  |TAMS 0x000000008a900000, 0x000000008a900000| Untracked 
| 170|0x000000008aa00000, 0x000000008ab00000, 0x000000008ab00000|100%| O|  |TAMS 0x000000008aa00000, 0x000000008aa00000| Untracked 
| 171|0x000000008ab00000, 0x000000008ac00000, 0x000000008ac00000|100%| O|  |TAMS 0x000000008ab00000, 0x000000008ab00000| Untracked 
| 172|0x000000008ac00000, 0x000000008ac00000, 0x000000008ad00000|  0%| F|  |TAMS 0x000000008ac00000, 0x000000008ac00000| Untracked 
| 173|0x000000008ad00000, 0x000000008ad00000, 0x000000008ae00000|  0%| F|  |TAMS 0x000000008ad00000, 0x000000008ad00000| Untracked 
| 174|0x000000008ae00000, 0x000000008ae00000, 0x000000008af00000|  0%| F|  |TAMS 0x000000008ae00000, 0x000000008ae00000| Untracked 
| 175|0x000000008af00000, 0x000000008af00000, 0x000000008b000000|  0%| F|  |TAMS 0x000000008af00000, 0x000000008af00000| Untracked 
| 176|0x000000008b000000, 0x000000008b000000, 0x000000008b100000|  0%| F|  |TAMS 0x000000008b000000, 0x000000008b000000| Untracked 
| 177|0x000000008b100000, 0x000000008b100000, 0x000000008b200000|  0%| F|  |TAMS 0x000000008b100000, 0x000000008b100000| Untracked 
| 178|0x000000008b200000, 0x000000008b200000, 0x000000008b300000|  0%| F|  |TAMS 0x000000008b200000, 0x000000008b200000| Untracked 
| 179|0x000000008b300000, 0x000000008b300000, 0x000000008b400000|  0%| F|  |TAMS 0x000000008b300000, 0x000000008b300000| Untracked 
| 180|0x000000008b400000, 0x000000008b400000, 0x000000008b500000|  0%| F|  |TAMS 0x000000008b400000, 0x000000008b400000| Untracked 
| 181|0x000000008b500000, 0x000000008b500000, 0x000000008b600000|  0%| F|  |TAMS 0x000000008b500000, 0x000000008b500000| Untracked 
| 182|0x000000008b600000, 0x000000008b600000, 0x000000008b700000|  0%| F|  |TAMS 0x000000008b600000, 0x000000008b600000| Untracked 
| 183|0x000000008b700000, 0x000000008b700000, 0x000000008b800000|  0%| F|  |TAMS 0x000000008b700000, 0x000000008b700000| Untracked 
| 184|0x000000008b800000, 0x000000008b800000, 0x000000008b900000|  0%| F|  |TAMS 0x000000008b800000, 0x000000008b800000| Untracked 
| 185|0x000000008b900000, 0x000000008b900000, 0x000000008ba00000|  0%| F|  |TAMS 0x000000008b900000, 0x000000008b900000| Untracked 
| 186|0x000000008ba00000, 0x000000008ba00000, 0x000000008bb00000|  0%| F|  |TAMS 0x000000008ba00000, 0x000000008ba00000| Untracked 
| 187|0x000000008bb00000, 0x000000008bb00000, 0x000000008bc00000|  0%| F|  |TAMS 0x000000008bb00000, 0x000000008bb00000| Untracked 
| 188|0x000000008bc00000, 0x000000008bc00000, 0x000000008bd00000|  0%| F|  |TAMS 0x000000008bc00000, 0x000000008bc00000| Untracked 
| 189|0x000000008bd00000, 0x000000008bd00000, 0x000000008be00000|  0%| F|  |TAMS 0x000000008bd00000, 0x000000008bd00000| Untracked 
| 190|0x000000008be00000, 0x000000008be00000, 0x000000008bf00000|  0%| F|  |TAMS 0x000000008be00000, 0x000000008be00000| Untracked 
| 191|0x000000008bf00000, 0x000000008bf00000, 0x000000008c000000|  0%| F|  |TAMS 0x000000008bf00000, 0x000000008bf00000| Untracked 
| 192|0x000000008c000000, 0x000000008c000000, 0x000000008c100000|  0%| F|  |TAMS 0x000000008c000000, 0x000000008c000000| Untracked 
| 193|0x000000008c100000, 0x000000008c100000, 0x000000008c200000|  0%| F|  |TAMS 0x000000008c100000, 0x000000008c100000| Untracked 
| 194|0x000000008c200000, 0x000000008c200000, 0x000000008c300000|  0%| F|  |TAMS 0x000000008c200000, 0x000000008c200000| Untracked 
| 195|0x000000008c300000, 0x000000008c300000, 0x000000008c400000|  0%| F|  |TAMS 0x000000008c300000, 0x000000008c300000| Untracked 
| 196|0x000000008c400000, 0x000000008c400000, 0x000000008c500000|  0%| F|  |TAMS 0x000000008c400000, 0x000000008c400000| Untracked 
| 197|0x000000008c500000, 0x000000008c500000, 0x000000008c600000|  0%| F|  |TAMS 0x000000008c500000, 0x000000008c500000| Untracked 
| 198|0x000000008c600000, 0x000000008c600000, 0x000000008c700000|  0%| F|  |TAMS 0x000000008c600000, 0x000000008c600000| Untracked 
| 199|0x000000008c700000, 0x000000008c700000, 0x000000008c800000|  0%| F|  |TAMS 0x000000008c700000, 0x000000008c700000| Untracked 
| 200|0x000000008c800000, 0x000000008c800000, 0x000000008c900000|  0%| F|  |TAMS 0x000000008c800000, 0x000000008c800000| Untracked 
| 201|0x000000008c900000, 0x000000008c900000, 0x000000008ca00000|  0%| F|  |TAMS 0x000000008c900000, 0x000000008c900000| Untracked 
| 202|0x000000008ca00000, 0x000000008ca00000, 0x000000008cb00000|  0%| F|  |TAMS 0x000000008ca00000, 0x000000008ca00000| Untracked 
| 203|0x000000008cb00000, 0x000000008cb00000, 0x000000008cc00000|  0%| F|  |TAMS 0x000000008cb00000, 0x000000008cb00000| Untracked 
| 204|0x000000008cc00000, 0x000000008cc00000, 0x000000008cd00000|  0%| F|  |TAMS 0x000000008cc00000, 0x000000008cc00000| Untracked 
| 205|0x000000008cd00000, 0x000000008cd00000, 0x000000008ce00000|  0%| F|  |TAMS 0x000000008cd00000, 0x000000008cd00000| Untracked 
| 206|0x000000008ce00000, 0x000000008ce00000, 0x000000008cf00000|  0%| F|  |TAMS 0x000000008ce00000, 0x000000008ce00000| Untracked 
| 207|0x000000008cf00000, 0x000000008cf00000, 0x000000008d000000|  0%| F|  |TAMS 0x000000008cf00000, 0x000000008cf00000| Untracked 
| 208|0x000000008d000000, 0x000000008d000000, 0x000000008d100000|  0%| F|  |TAMS 0x000000008d000000, 0x000000008d000000| Untracked 
| 209|0x000000008d100000, 0x000000008d100000, 0x000000008d200000|  0%| F|  |TAMS 0x000000008d100000, 0x000000008d100000| Untracked 
| 210|0x000000008d200000, 0x000000008d200000, 0x000000008d300000|  0%| F|  |TAMS 0x000000008d200000, 0x000000008d200000| Untracked 
| 211|0x000000008d300000, 0x000000008d300000, 0x000000008d400000|  0%| F|  |TAMS 0x000000008d300000, 0x000000008d300000| Untracked 
| 212|0x000000008d400000, 0x000000008d400000, 0x000000008d500000|  0%| F|  |TAMS 0x000000008d400000, 0x000000008d400000| Untracked 
| 213|0x000000008d500000, 0x000000008d500000, 0x000000008d600000|  0%| F|  |TAMS 0x000000008d500000, 0x000000008d500000| Untracked 
| 214|0x000000008d600000, 0x000000008d600000, 0x000000008d700000|  0%| F|  |TAMS 0x000000008d600000, 0x000000008d600000| Untracked 
| 215|0x000000008d700000, 0x000000008d7e2c40, 0x000000008d800000| 88%| S|CS|TAMS 0x000000008d700000, 0x000000008d700000| Complete 
| 216|0x000000008d800000, 0x000000008d900000, 0x000000008d900000|100%| S|CS|TAMS 0x000000008d800000, 0x000000008d800000| Complete 
| 217|0x000000008d900000, 0x000000008d900000, 0x000000008da00000|  0%| F|  |TAMS 0x000000008d900000, 0x000000008d900000| Untracked 
| 218|0x000000008da00000, 0x000000008da00000, 0x000000008db00000|  0%| F|  |TAMS 0x000000008da00000, 0x000000008da00000| Untracked 
| 219|0x000000008db00000, 0x000000008db00000, 0x000000008dc00000|  0%| F|  |TAMS 0x000000008db00000, 0x000000008db00000| Untracked 
| 220|0x000000008dc00000, 0x000000008dc00000, 0x000000008dd00000|  0%| F|  |TAMS 0x000000008dc00000, 0x000000008dc00000| Untracked 
| 221|0x000000008dd00000, 0x000000008dd00000, 0x000000008de00000|  0%| F|  |TAMS 0x000000008dd00000, 0x000000008dd00000| Untracked 
| 222|0x000000008de00000, 0x000000008de00000, 0x000000008df00000|  0%| F|  |TAMS 0x000000008de00000, 0x000000008de00000| Untracked 
| 223|0x000000008df00000, 0x000000008df00000, 0x000000008e000000|  0%| F|  |TAMS 0x000000008df00000, 0x000000008df00000| Untracked 
| 224|0x000000008e000000, 0x000000008e000000, 0x000000008e100000|  0%| F|  |TAMS 0x000000008e000000, 0x000000008e000000| Untracked 
| 225|0x000000008e100000, 0x000000008e100000, 0x000000008e200000|  0%| F|  |TAMS 0x000000008e100000, 0x000000008e100000| Untracked 
| 226|0x000000008e200000, 0x000000008e200000, 0x000000008e300000|  0%| F|  |TAMS 0x000000008e200000, 0x000000008e200000| Untracked 
| 227|0x000000008e300000, 0x000000008e300000, 0x000000008e400000|  0%| F|  |TAMS 0x000000008e300000, 0x000000008e300000| Untracked 
| 228|0x000000008e400000, 0x000000008e400000, 0x000000008e500000|  0%| F|  |TAMS 0x000000008e400000, 0x000000008e400000| Untracked 
| 229|0x000000008e500000, 0x000000008e500000, 0x000000008e600000|  0%| F|  |TAMS 0x000000008e500000, 0x000000008e500000| Untracked 
| 230|0x000000008e600000, 0x000000008e600000, 0x000000008e700000|  0%| F|  |TAMS 0x000000008e600000, 0x000000008e600000| Untracked 
| 231|0x000000008e700000, 0x000000008e700000, 0x000000008e800000|  0%| F|  |TAMS 0x000000008e700000, 0x000000008e700000| Untracked 
| 232|0x000000008e800000, 0x000000008e800000, 0x000000008e900000|  0%| F|  |TAMS 0x000000008e800000, 0x000000008e800000| Untracked 
| 233|0x000000008e900000, 0x000000008e900000, 0x000000008ea00000|  0%| F|  |TAMS 0x000000008e900000, 0x000000008e900000| Untracked 
| 234|0x000000008ea00000, 0x000000008ea00000, 0x000000008eb00000|  0%| F|  |TAMS 0x000000008ea00000, 0x000000008ea00000| Untracked 
| 235|0x000000008eb00000, 0x000000008eb00000, 0x000000008ec00000|  0%| F|  |TAMS 0x000000008eb00000, 0x000000008eb00000| Untracked 
| 236|0x000000008ec00000, 0x000000008ec00000, 0x000000008ed00000|  0%| F|  |TAMS 0x000000008ec00000, 0x000000008ec00000| Untracked 
| 237|0x000000008ed00000, 0x000000008ed00000, 0x000000008ee00000|  0%| F|  |TAMS 0x000000008ed00000, 0x000000008ed00000| Untracked 
| 238|0x000000008ee00000, 0x000000008ee00000, 0x000000008ef00000|  0%| F|  |TAMS 0x000000008ee00000, 0x000000008ee00000| Untracked 
| 239|0x000000008ef00000, 0x000000008ef00000, 0x000000008f000000|  0%| F|  |TAMS 0x000000008ef00000, 0x000000008ef00000| Untracked 
| 240|0x000000008f000000, 0x000000008f000000, 0x000000008f100000|  0%| F|  |TAMS 0x000000008f000000, 0x000000008f000000| Untracked 
| 241|0x000000008f100000, 0x000000008f100000, 0x000000008f200000|  0%| F|  |TAMS 0x000000008f100000, 0x000000008f100000| Untracked 
| 242|0x000000008f200000, 0x000000008f200000, 0x000000008f300000|  0%| F|  |TAMS 0x000000008f200000, 0x000000008f200000| Untracked 
| 243|0x000000008f300000, 0x000000008f300000, 0x000000008f400000|  0%| F|  |TAMS 0x000000008f300000, 0x000000008f300000| Untracked 
| 244|0x000000008f400000, 0x000000008f400000, 0x000000008f500000|  0%| F|  |TAMS 0x000000008f400000, 0x000000008f400000| Untracked 
| 245|0x000000008f500000, 0x000000008f500000, 0x000000008f600000|  0%| F|  |TAMS 0x000000008f500000, 0x000000008f500000| Untracked 
| 246|0x000000008f600000, 0x000000008f600000, 0x000000008f700000|  0%| F|  |TAMS 0x000000008f600000, 0x000000008f600000| Untracked 
| 247|0x000000008f700000, 0x000000008f700000, 0x000000008f800000|  0%| F|  |TAMS 0x000000008f700000, 0x000000008f700000| Untracked 
| 248|0x000000008f800000, 0x000000008f800000, 0x000000008f900000|  0%| F|  |TAMS 0x000000008f800000, 0x000000008f800000| Untracked 
| 249|0x000000008f900000, 0x000000008f900000, 0x000000008fa00000|  0%| F|  |TAMS 0x000000008f900000, 0x000000008f900000| Untracked 
| 250|0x000000008fa00000, 0x000000008fa00000, 0x000000008fb00000|  0%| F|  |TAMS 0x000000008fa00000, 0x000000008fa00000| Untracked 
| 251|0x000000008fb00000, 0x000000008fb00000, 0x000000008fc00000|  0%| F|  |TAMS 0x000000008fb00000, 0x000000008fb00000| Untracked 
| 252|0x000000008fc00000, 0x000000008fc00000, 0x000000008fd00000|  0%| F|  |TAMS 0x000000008fc00000, 0x000000008fc00000| Untracked 
| 253|0x000000008fd00000, 0x000000008fd00000, 0x000000008fe00000|  0%| F|  |TAMS 0x000000008fd00000, 0x000000008fd00000| Untracked 
| 254|0x000000008fe00000, 0x000000008fe00000, 0x000000008ff00000|  0%| F|  |TAMS 0x000000008fe00000, 0x000000008fe00000| Untracked 
| 255|0x000000008ff00000, 0x000000008ff00000, 0x0000000090000000|  0%| F|  |TAMS 0x000000008ff00000, 0x000000008ff00000| Untracked 

Card table byte_map: [0x0000020f0f000000,0x0000020f0f400000] _byte_map_base: 0x0000020f0ec00000

Marking Bits (Prev, Next): (CMBitMap*) 0x0000020f79ddc778, (CMBitMap*) 0x0000020f79ddc7b0
 Prev Bits: [0x0000020f0f800000, 0x0000020f11800000)
 Next Bits: [0x0000020f11800000, 0x0000020f13800000)

Polling page: 0x0000020f79c20000

Metaspace:

Usage:
  Non-class:    114.17 MB capacity,   111.99 MB ( 98%) used,     1.84 MB (  2%) free+waste,   347.81 KB ( <1%) overhead. 
      Class:     16.56 MB capacity,    15.45 MB ( 93%) used,   987.13 KB (  6%) free+waste,   154.13 KB ( <1%) overhead. 
       Both:    130.73 MB capacity,   127.43 MB ( 97%) used,     2.81 MB (  2%) free+waste,   501.94 KB ( <1%) overhead. 

Virtual space:
  Non-class space:      116.00 MB reserved,     114.37 MB ( 99%) committed 
      Class space:        1.00 GB reserved,      16.63 MB (  2%) committed 
             Both:        1.11 GB reserved,     131.00 MB ( 11%) committed 

Chunk freelists:
   Non-Class:  14.00 KB
       Class:  3.00 KB
        Both:  17.00 KB

MaxMetaspaceSize: 17179869184.00 GB
CompressedClassSpaceSize: 1.00 GB

CodeHeap 'non-profiled nmethods': size=120000Kb used=11755Kb max_used=11755Kb free=108244Kb
 bounds [0x0000020f07ad0000, 0x0000020f08660000, 0x0000020f0f000000]
CodeHeap 'profiled nmethods': size=120000Kb used=43571Kb max_used=43571Kb free=76428Kb
 bounds [0x0000020f005a0000, 0x0000020f03040000, 0x0000020f07ad0000]
CodeHeap 'non-nmethods': size=5760Kb used=2347Kb max_used=2407Kb free=3412Kb
 bounds [0x0000020f00000000, 0x0000020f00270000, 0x0000020f005a0000]
 total_blobs=19640 nmethods=18673 adapters=877
 compilation: enabled
              stopped_count=0, restarted_count=0
 full_count=0

Compilation events (20 events):
Event: 50.875 Thread 0x0000020f16b43000 nmethod 19735 0x0000020f03024c10 code [0x0000020f03024fe0, 0x0000020f030264a8]
Event: 50.875 Thread 0x0000020f16b43000 19738       2       com.sun.tools.javac.code.Types::substBounds (298 bytes)
Event: 50.877 Thread 0x0000020f16b43000 nmethod 19738 0x0000020f03027190 code [0x0000020f03027500, 0x0000020f03028828]
Event: 50.877 Thread 0x0000020f16b43000 19736       2       com.sun.tools.javac.code.Symbol$ClassSymbol::getInterfaces (60 bytes)
Event: 50.877 Thread 0x0000020f16b43000 nmethod 19736 0x0000020f03029110 code [0x0000020f03029300, 0x0000020f030295c8]
Event: 50.880 Thread 0x0000020f16b43000 19739 %     3       com.sun.tools.javac.code.Scope$ScopeImpl::dble @ 89 (147 bytes)
Event: 50.881 Thread 0x0000020f16b43000 nmethod 19739% 0x0000020f03029790 code [0x0000020f03029a00, 0x0000020f0302a608]
Event: 50.881 Thread 0x0000020f16b43000 19740       2       com.sun.tools.javac.comp.Check::checkCyclicConstructors (175 bytes)
Event: 50.882 Thread 0x0000020f16b43000 nmethod 19740 0x0000020f0302aa90 code [0x0000020f0302acc0, 0x0000020f0302b3c8]
Event: 50.883 Thread 0x0000020f16b43000 19741 % !   3       com.sun.tools.javac.comp.Flow$FlowAnalyzer::visitClassDef @ 304 (644 bytes)
Event: 50.888 Thread 0x0000020f16b43000 nmethod 19741% 0x0000020f0302b890 code [0x0000020f0302be60, 0x0000020f03030d28]
Event: 50.888 Thread 0x0000020f16b43000 19744       2       com.sun.tools.javac.comp.Lower::visitClassDef (608 bytes)
Event: 50.892 Thread 0x0000020f16b43000 nmethod 19744 0x0000020f03032710 code [0x0000020f03032b40, 0x0000020f03034658]
Event: 50.898 Thread 0x0000020f16b43000 19745       2       com.sun.tools.javac.jvm.Gen::visitIf (192 bytes)
Event: 50.899 Thread 0x0000020f16b43000 nmethod 19745 0x0000020f03035410 code [0x0000020f030356a0, 0x0000020f03035e48]
Event: 50.899 Thread 0x0000020f16b43000 19746   !   2       com.sun.tools.javac.jvm.Gen::genClass (314 bytes)
Event: 50.901 Thread 0x0000020f16b43000 nmethod 19746 0x0000020f03036490 code [0x0000020f03036740, 0x0000020f03037378]
Event: 50.901 Thread 0x0000020f1e083800 nmethod 19630 0x0000020f08648c90 code [0x0000020f08649400, 0x0000020f0864ddc8]
Event: 50.901 Thread 0x0000020f1e083800 19648       4       com.sun.tools.javac.util.Bits::excl (72 bytes)
Event: 50.903 Thread 0x0000020f16b43000 19748       2       com.sun.tools.javac.jvm.ClassWriter::writeClassFile (1332 bytes)

GC Heap History (20 events):
Event: 45.149 GC heap after
{Heap after GC invocations=27 (full 0):
 garbage-first heap   total 262144K, used 147999K [0x0000000080000000, 0x0000000100000000)
  region size 1024K, 2 young (2048K), 2 survivors (2048K)
 Metaspace       used 114995K, capacity 118187K, committed 118652K, reserved 1153024K
  class space    used 14362K, capacity 15449K, committed 15616K, reserved 1048576K
}
Event: 45.258 GC heap before
{Heap before GC invocations=27 (full 0):
 garbage-first heap   total 262144K, used 153119K [0x0000000080000000, 0x0000000100000000)
  region size 1024K, 8 young (8192K), 2 survivors (2048K)
 Metaspace       used 115081K, capacity 118251K, committed 118652K, reserved 1153024K
  class space    used 14362K, capacity 15449K, committed 15616K, reserved 1048576K
}
Event: 45.266 GC heap after
{Heap after GC invocations=28 (full 0):
 garbage-first heap   total 262144K, used 148205K [0x0000000080000000, 0x0000000100000000)
  region size 1024K, 2 young (2048K), 2 survivors (2048K)
 Metaspace       used 115081K, capacity 118251K, committed 118652K, reserved 1153024K
  class space    used 14362K, capacity 15449K, committed 15616K, reserved 1048576K
}
Event: 46.068 GC heap before
{Heap before GC invocations=29 (full 0):
 garbage-first heap   total 262144K, used 240365K [0x0000000080000000, 0x0000000100000000)
  region size 1024K, 70 young (71680K), 2 survivors (2048K)
 Metaspace       used 117662K, capacity 120869K, committed 121468K, reserved 1155072K
  class space    used 14568K, capacity 15653K, committed 15872K, reserved 1048576K
}
Event: 46.079 GC heap after
{Heap after GC invocations=30 (full 0):
 garbage-first heap   total 262144K, used 155387K [0x0000000080000000, 0x0000000100000000)
  region size 1024K, 9 young (9216K), 9 survivors (9216K)
 Metaspace       used 117662K, capacity 120869K, committed 121468K, reserved 1155072K
  class space    used 14568K, capacity 15653K, committed 15872K, reserved 1048576K
}
Event: 46.101 GC heap before
{Heap before GC invocations=30 (full 0):
 garbage-first heap   total 262144K, used 157435K [0x0000000080000000, 0x0000000100000000)
  region size 1024K, 12 young (12288K), 9 survivors (9216K)
 Metaspace       used 118141K, capacity 121317K, committed 121724K, reserved 1155072K
  class space    used 14612K, capacity 15717K, committed 15872K, reserved 1048576K
}
Event: 46.114 GC heap after
{Heap after GC invocations=31 (full 0):
 garbage-first heap   total 262144K, used 155880K [0x0000000080000000, 0x0000000100000000)
  region size 1024K, 1 young (1024K), 1 survivors (1024K)
 Metaspace       used 118141K, capacity 121317K, committed 121724K, reserved 1155072K
  class space    used 14612K, capacity 15717K, committed 15872K, reserved 1048576K
}
Event: 46.461 GC heap before
{Heap before GC invocations=31 (full 0):
 garbage-first heap   total 262144K, used 216296K [0x0000000080000000, 0x0000000100000000)
  region size 1024K, 61 young (62464K), 1 survivors (1024K)
 Metaspace       used 119702K, capacity 122824K, committed 123388K, reserved 1157120K
  class space    used 14721K, capacity 15814K, committed 16000K, reserved 1048576K
}
Event: 46.469 GC heap after
{Heap after GC invocations=32 (full 0):
 garbage-first heap   total 262144K, used 158892K [0x0000000080000000, 0x0000000100000000)
  region size 1024K, 4 young (4096K), 4 survivors (4096K)
 Metaspace       used 119702K, capacity 122824K, committed 123388K, reserved 1157120K
  class space    used 14721K, capacity 15814K, committed 16000K, reserved 1048576K
}
Event: 46.859 GC heap before
{Heap before GC invocations=33 (full 0):
 garbage-first heap   total 262144K, used 205996K [0x0000000080000000, 0x0000000100000000)
  region size 1024K, 63 young (64512K), 4 survivors (4096K)
 Metaspace       used 120590K, capacity 123705K, committed 124156K, reserved 1157120K
  class space    used 14792K, capacity 15852K, committed 16000K, reserved 1048576K
}
Event: 46.866 GC heap after
{Heap after GC invocations=34 (full 0):
 garbage-first heap   total 262144K, used 148104K [0x0000000080000000, 0x0000000100000000)
  region size 1024K, 6 young (6144K), 6 survivors (6144K)
 Metaspace       used 120590K, capacity 123705K, committed 124156K, reserved 1157120K
  class space    used 14792K, capacity 15852K, committed 16000K, reserved 1048576K
}
Event: 46.907 GC heap before
{Heap before GC invocations=34 (full 0):
 garbage-first heap   total 262144K, used 153224K [0x0000000080000000, 0x0000000100000000)
  region size 1024K, 12 young (12288K), 6 survivors (6144K)
 Metaspace       used 120769K, capacity 124017K, committed 124540K, reserved 1157120K
  class space    used 14819K, capacity 15892K, committed 16128K, reserved 1048576K
}
Event: 46.918 GC heap after
{Heap after GC invocations=35 (full 0):
 garbage-first heap   total 262144K, used 135644K [0x0000000080000000, 0x0000000100000000)
  region size 1024K, 1 young (1024K), 1 survivors (1024K)
 Metaspace       used 120769K, capacity 124017K, committed 124540K, reserved 1157120K
  class space    used 14819K, capacity 15892K, committed 16128K, reserved 1048576K
}
Event: 48.131 GC heap before
{Heap before GC invocations=35 (full 0):
 garbage-first heap   total 262144K, used 223708K [0x0000000080000000, 0x0000000100000000)
  region size 1024K, 72 young (73728K), 1 survivors (1024K)
 Metaspace       used 126937K, capacity 130226K, committed 130300K, reserved 1163264K
  class space    used 15572K, capacity 16703K, committed 16768K, reserved 1048576K
}
Event: 48.141 GC heap after
{Heap after GC invocations=36 (full 0):
 garbage-first heap   total 262144K, used 151552K [0x0000000080000000, 0x0000000100000000)
  region size 1024K, 9 young (9216K), 9 survivors (9216K)
 Metaspace       used 126937K, capacity 130226K, committed 130300K, reserved 1163264K
  class space    used 15572K, capacity 16703K, committed 16768K, reserved 1048576K
}
Event: 48.746 GC heap before
{Heap before GC invocations=36 (full 0):
 garbage-first heap   total 262144K, used 222208K [0x0000000080000000, 0x0000000100000000)
  region size 1024K, 71 young (72704K), 9 survivors (9216K)
 Metaspace       used 128109K, capacity 131423K, committed 131708K, reserved 1165312K
  class space    used 15655K, capacity 16774K, committed 16896K, reserved 1048576K
}
Event: 48.772 GC heap after
{Heap after GC invocations=37 (full 0):
 garbage-first heap   total 262144K, used 171560K [0x0000000080000000, 0x0000000100000000)
  region size 1024K, 9 young (9216K), 9 survivors (9216K)
 Metaspace       used 128109K, capacity 131423K, committed 131708K, reserved 1165312K
  class space    used 15655K, capacity 16774K, committed 16896K, reserved 1048576K
}
Event: 50.405 GC heap before
{Heap before GC invocations=37 (full 0):
 garbage-first heap   total 262144K, used 214568K [0x0000000080000000, 0x0000000100000000)
  region size 1024K, 51 young (52224K), 9 survivors (9216K)
 Metaspace       used 130130K, capacity 133465K, committed 133628K, reserved 1165312K
  class space    used 15815K, capacity 16957K, committed 17024K, reserved 1048576K
}
Event: 50.419 GC heap after
{Heap after GC invocations=38 (full 0):
 garbage-first heap   total 262144K, used 176827K [0x0000000080000000, 0x0000000100000000)
  region size 1024K, 5 young (5120K), 5 survivors (5120K)
 Metaspace       used 130130K, capacity 133465K, committed 133628K, reserved 1165312K
  class space    used 15815K, capacity 16957K, committed 17024K, reserved 1048576K
}
Event: 50.903 GC heap before
{Heap before GC invocations=38 (full 0):
 garbage-first heap   total 262144K, used 216763K [0x0000000080000000, 0x0000000100000000)
  region size 1024K, 44 young (45056K), 5 survivors (5120K)
 Metaspace       used 130490K, capacity 133867K, committed 134140K, reserved 1167360K
  class space    used 15815K, capacity 16957K, committed 17024K, reserved 1048576K
}

Deoptimization events (20 events):
Event: 50.701 Thread 0x0000020f1e094000 DEOPT PACKING pc=0x0000020f08636f40 sp=0x000000555b1f96e0
Event: 50.701 Thread 0x0000020f1e094000 DEOPT UNPACKING pc=0x0000020f000278af sp=0x000000555b1f9680 mode 2
Event: 50.701 Thread 0x0000020f1e094000 Uncommon trap: trap_request=0xffffffde fr.pc=0x0000020f08636f40 relative=0x0000000000004540
Event: 50.701 Thread 0x0000020f1e094000 Uncommon trap: reason=class_check action=maybe_recompile pc=0x0000020f08636f40 method=com.sun.tools.javac.comp.Lower.needsProtectedAccess(Lcom/sun/tools/javac/code/Symbol;Lcom/sun/tools/javac/tree/JCTree;)Z @ 76 c2
Event: 50.701 Thread 0x0000020f1e094000 DEOPT PACKING pc=0x0000020f08636f40 sp=0x000000555b1f96e0
Event: 50.701 Thread 0x0000020f1e094000 DEOPT UNPACKING pc=0x0000020f000278af sp=0x000000555b1f9680 mode 2
Event: 50.701 Thread 0x0000020f1e094000 Uncommon trap: trap_request=0xffffffde fr.pc=0x0000020f08636f40 relative=0x0000000000004540
Event: 50.701 Thread 0x0000020f1e094000 Uncommon trap: reason=class_check action=maybe_recompile pc=0x0000020f08636f40 method=com.sun.tools.javac.comp.Lower.needsProtectedAccess(Lcom/sun/tools/javac/code/Symbol;Lcom/sun/tools/javac/tree/JCTree;)Z @ 76 c2
Event: 50.701 Thread 0x0000020f1e094000 DEOPT PACKING pc=0x0000020f08636f40 sp=0x000000555b1f9630
Event: 50.701 Thread 0x0000020f1e094000 DEOPT UNPACKING pc=0x0000020f000278af sp=0x000000555b1f95d0 mode 2
Event: 50.701 Thread 0x0000020f1e094000 Uncommon trap: trap_request=0xffffffde fr.pc=0x0000020f08636f40 relative=0x0000000000004540
Event: 50.701 Thread 0x0000020f1e094000 Uncommon trap: reason=class_check action=maybe_recompile pc=0x0000020f08636f40 method=com.sun.tools.javac.comp.Lower.needsProtectedAccess(Lcom/sun/tools/javac/code/Symbol;Lcom/sun/tools/javac/tree/JCTree;)Z @ 76 c2
Event: 50.701 Thread 0x0000020f1e094000 DEOPT PACKING pc=0x0000020f08636f40 sp=0x000000555b1f93d0
Event: 50.701 Thread 0x0000020f1e094000 DEOPT UNPACKING pc=0x0000020f000278af sp=0x000000555b1f9370 mode 2
Event: 50.741 Thread 0x0000020f1e094000 DEOPT PACKING pc=0x0000020f02d3d4ae sp=0x000000555b1fa0b0
Event: 50.741 Thread 0x0000020f1e094000 DEOPT UNPACKING pc=0x0000020f000276ce sp=0x000000555b1f9508 mode 0
Event: 50.763 Thread 0x0000020f1e094000 Uncommon trap: trap_request=0xffffff4d fr.pc=0x0000020f07c690c4 relative=0x00000000000001e4
Event: 50.763 Thread 0x0000020f1e094000 Uncommon trap: reason=unstable_if action=reinterpret pc=0x0000020f07c690c4 method=com.sun.tools.javac.comp.Check.checkDeprecated(Lcom/sun/tools/javac/util/JCDiagnostic$DiagnosticPosition;Lcom/sun/tools/javac/code/Symbol;Lcom/sun/tools/javac/code/Symbol;)V
Event: 50.763 Thread 0x0000020f1e094000 DEOPT PACKING pc=0x0000020f07c690c4 sp=0x000000555b1f8b90
Event: 50.763 Thread 0x0000020f1e094000 DEOPT UNPACKING pc=0x0000020f000278af sp=0x000000555b1f8b18 mode 2

Classes redefined (0 events):
No events

Internal exceptions (20 events):
Event: 50.766 Thread 0x0000020f1e094000 Exception <a 'sun/nio/fs/WindowsException'{0x000000008e715668}> (0x000000008e715668) thrown at [./src/hotspot/share/prims/jni.cpp, line 615]
Event: 50.770 Thread 0x0000020f1e094000 Exception <a 'sun/nio/fs/WindowsException'{0x000000008e771c50}> (0x000000008e771c50) thrown at [./src/hotspot/share/prims/jni.cpp, line 615]
Event: 50.775 Thread 0x0000020f1e094000 Exception <a 'sun/nio/fs/WindowsException'{0x000000008e7c4f80}> (0x000000008e7c4f80) thrown at [./src/hotspot/share/prims/jni.cpp, line 615]
Event: 50.786 Thread 0x0000020f1e094000 Exception <a 'sun/nio/fs/WindowsException'{0x000000008e6ff190}> (0x000000008e6ff190) thrown at [./src/hotspot/share/prims/jni.cpp, line 615]
Event: 50.791 Thread 0x0000020f1e094000 Exception <a 'sun/nio/fs/WindowsException'{0x000000008e535820}> (0x000000008e535820) thrown at [./src/hotspot/share/prims/jni.cpp, line 615]
Event: 50.797 Thread 0x0000020f1e094000 Exception <a 'sun/nio/fs/WindowsException'{0x000000008e5f7a48}> (0x000000008e5f7a48) thrown at [./src/hotspot/share/prims/jni.cpp, line 615]
Event: 50.803 Thread 0x0000020f1e094000 Exception <a 'sun/nio/fs/WindowsException'{0x000000008e48fa88}> (0x000000008e48fa88) thrown at [./src/hotspot/share/prims/jni.cpp, line 615]
Event: 50.809 Thread 0x0000020f1e094000 Exception <a 'sun/nio/fs/WindowsException'{0x000000008e356a28}> (0x000000008e356a28) thrown at [./src/hotspot/share/prims/jni.cpp, line 615]
Event: 50.816 Thread 0x0000020f1e094000 Exception <a 'sun/nio/fs/WindowsException'{0x000000008e233a10}> (0x000000008e233a10) thrown at [./src/hotspot/share/prims/jni.cpp, line 615]
Event: 50.821 Thread 0x0000020f1e094000 Exception <a 'sun/nio/fs/WindowsException'{0x000000008e2a4000}> (0x000000008e2a4000) thrown at [./src/hotspot/share/prims/jni.cpp, line 615]
Event: 50.827 Thread 0x0000020f1e094000 Exception <a 'sun/nio/fs/WindowsException'{0x000000008e117db8}> (0x000000008e117db8) thrown at [./src/hotspot/share/prims/jni.cpp, line 615]
Event: 50.830 Thread 0x0000020f1e094000 Exception <a 'sun/nio/fs/WindowsException'{0x000000008e13d118}> (0x000000008e13d118) thrown at [./src/hotspot/share/prims/jni.cpp, line 615]
Event: 50.834 Thread 0x0000020f1e094000 Exception <a 'sun/nio/fs/WindowsException'{0x000000008e1931e0}> (0x000000008e1931e0) thrown at [./src/hotspot/share/prims/jni.cpp, line 615]
Event: 50.834 Thread 0x0000020f1e094000 Exception <a 'sun/nio/fs/WindowsException'{0x000000008e194490}> (0x000000008e194490) thrown at [./src/hotspot/share/prims/jni.cpp, line 615]
Event: 50.837 Thread 0x0000020f1e094000 Exception <a 'sun/nio/fs/WindowsException'{0x000000008e1bf058}> (0x000000008e1bf058) thrown at [./src/hotspot/share/prims/jni.cpp, line 615]
Event: 50.838 Thread 0x0000020f1e094000 Exception <a 'sun/nio/fs/WindowsException'{0x000000008e1c0308}> (0x000000008e1c0308) thrown at [./src/hotspot/share/prims/jni.cpp, line 615]
Event: 50.842 Thread 0x0000020f1e094000 Exception <a 'sun/nio/fs/WindowsException'{0x000000008e012ab0}> (0x000000008e012ab0) thrown at [./src/hotspot/share/prims/jni.cpp, line 615]
Event: 50.845 Thread 0x0000020f1e094000 Exception <a 'sun/nio/fs/WindowsException'{0x000000008e03ae20}> (0x000000008e03ae20) thrown at [./src/hotspot/share/prims/jni.cpp, line 615]
Event: 50.848 Thread 0x0000020f1e094000 Exception <a 'sun/nio/fs/WindowsException'{0x000000008e09b5d8}> (0x000000008e09b5d8) thrown at [./src/hotspot/share/prims/jni.cpp, line 615]
Event: 50.902 Thread 0x0000020f1e094000 Exception <a 'sun/nio/fs/WindowsException'{0x000000008d9f9a68}> (0x000000008d9f9a68) thrown at [./src/hotspot/share/prims/jni.cpp, line 615]

Events (20 events):
Event: 49.245 loading class com/sun/tools/javac/comp/DeferredAttr done
Event: 49.248 loading class com/sun/tools/javac/tree/JCTree$JCTypeCast
Event: 49.248 loading class com/sun/tools/javac/tree/JCTree$JCTypeCast done
Event: 49.248 loading class com/sun/tools/javac/comp/Check
Event: 49.248 loading class com/sun/tools/javac/comp/Check done
Event: 49.315 Executing VM operation: ICBufferFull
Event: 49.315 Executing VM operation: ICBufferFull done
Event: 49.404 Executing VM operation: ICBufferFull
Event: 49.404 Executing VM operation: ICBufferFull done
Event: 49.449 Executing VM operation: ICBufferFull
Event: 49.449 Executing VM operation: ICBufferFull done
Event: 49.556 Executing VM operation: ICBufferFull
Event: 49.556 Executing VM operation: ICBufferFull done
Event: 50.405 Executing VM operation: G1CollectForAllocation
Event: 50.419 Executing VM operation: G1CollectForAllocation done
Event: 50.528 Executing VM operation: ICBufferFull
Event: 50.528 Executing VM operation: ICBufferFull done
Event: 50.693 Executing VM operation: ICBufferFull
Event: 50.693 Executing VM operation: ICBufferFull done
Event: 50.903 Executing VM operation: G1CollectForAllocation


Dynamic libraries:
0x00007ff689df0000 - 0x00007ff689dfa000 	C:\Program Files\Android\Android Studio\jre\bin\java.exe
0x00007ff9bf340000 - 0x00007ff9bf530000 	C:\WINDOWS\SYSTEM32\ntdll.dll
0x00007ff9bed80000 - 0x00007ff9bee32000 	C:\WINDOWS\System32\KERNEL32.DLL
0x00007ff9bcb50000 - 0x00007ff9bcdf4000 	C:\WINDOWS\System32\KERNELBASE.dll
0x00007ff9b9f90000 - 0x00007ff9ba01f000 	C:\WINDOWS\SYSTEM32\apphelp.dll
0x00007ff9bc2d0000 - 0x00007ff9bc3ca000 	C:\WINDOWS\System32\ucrtbase.dll
0x00007ff9b34f0000 - 0x00007ff9b3507000 	C:\Program Files\Android\Android Studio\jre\bin\VCRUNTIME140.dll
0x00007ff9a73b0000 - 0x00007ff9a73c9000 	C:\Program Files\Android\Android Studio\jre\bin\jli.dll
0x00007ff9bddc0000 - 0x00007ff9bdf54000 	C:\WINDOWS\System32\USER32.dll
0x00007ff9a9820000 - 0x00007ff9a9aa4000 	C:\WINDOWS\WinSxS\amd64_microsoft.windows.common-controls_6595b64144ccf1df_6.0.18362.836_none_e6c4b943130f18ed\COMCTL32.dll
0x00007ff9bcf50000 - 0x00007ff9bcf71000 	C:\WINDOWS\System32\win32u.dll
0x00007ff9be650000 - 0x00007ff9be6ee000 	C:\WINDOWS\System32\msvcrt.dll
0x00007ff9bdd90000 - 0x00007ff9bddb6000 	C:\WINDOWS\System32\GDI32.dll
0x00007ff9bef10000 - 0x00007ff9bf246000 	C:\WINDOWS\System32\combase.dll
0x00007ff9bcfb0000 - 0x00007ff9bd144000 	C:\WINDOWS\System32\gdi32full.dll
0x00007ff9bec60000 - 0x00007ff9bed80000 	C:\WINDOWS\System32\RPCRT4.dll
0x00007ff9bd2f0000 - 0x00007ff9bd38e000 	C:\WINDOWS\System32\msvcp_win.dll
0x00007ff9bced0000 - 0x00007ff9bcf50000 	C:\WINDOWS\System32\bcryptPrimitives.dll
0x00007ff9bdd60000 - 0x00007ff9bdd8e000 	C:\WINDOWS\System32\IMM32.DLL
0x00007ff9610d0000 - 0x00007ff96116d000 	C:\Program Files\Android\Android Studio\jre\bin\msvcp140.dll
0x00007ff95e140000 - 0x00007ff95ec0f000 	C:\Program Files\Android\Android Studio\jre\bin\server\jvm.dll
0x00007ff9be5a0000 - 0x00007ff9be643000 	C:\WINDOWS\System32\ADVAPI32.dll
0x00007ff9bdfc0000 - 0x00007ff9be057000 	C:\WINDOWS\System32\sechost.dll
0x00007ff9bebe0000 - 0x00007ff9bebe8000 	C:\WINDOWS\System32\PSAPI.DLL
0x00007ff9b9d30000 - 0x00007ff9b9d54000 	C:\WINDOWS\SYSTEM32\WINMM.dll
0x00007ff9a7e90000 - 0x00007ff9a7e99000 	C:\WINDOWS\SYSTEM32\WSOCK32.dll
0x00007ff9b5310000 - 0x00007ff9b531a000 	C:\WINDOWS\SYSTEM32\VERSION.dll
0x00007ff9be4d0000 - 0x00007ff9be53f000 	C:\WINDOWS\System32\WS2_32.dll
0x00007ff9b9d00000 - 0x00007ff9b9d2d000 	C:\WINDOWS\SYSTEM32\WINMMBASE.dll
0x00007ff9bd2a0000 - 0x00007ff9bd2ea000 	C:\WINDOWS\System32\cfgmgr32.dll
0x00007ff9bc2b0000 - 0x00007ff9bc2c1000 	C:\WINDOWS\System32\kernel.appcore.dll
0x00007ff9b73d0000 - 0x00007ff9b73e1000 	C:\Program Files\Android\Android Studio\jre\bin\verify.dll
0x00007ff9bab40000 - 0x00007ff9bad34000 	C:\WINDOWS\SYSTEM32\DBGHELP.DLL
0x00007ff9a7960000 - 0x00007ff9a798a000 	C:\WINDOWS\SYSTEM32\dbgcore.DLL
0x00007ff9b33b0000 - 0x00007ff9b33d9000 	C:\Program Files\Android\Android Studio\jre\bin\java.dll
0x00007ff9b8550000 - 0x00007ff9b855b000 	C:\Program Files\Android\Android Studio\jre\bin\jimage.dll
0x00007ff9a41f0000 - 0x00007ff9a4208000 	C:\Program Files\Android\Android Studio\jre\bin\zip.dll
0x00007ff9bd4a0000 - 0x00007ff9bdb84000 	C:\WINDOWS\System32\SHELL32.dll
0x00007ff9bf250000 - 0x00007ff9bf2f9000 	C:\WINDOWS\System32\shcore.dll
0x00007ff9bc3d0000 - 0x00007ff9bcb4e000 	C:\WINDOWS\System32\windows.storage.dll
0x00007ff9bc210000 - 0x00007ff9bc233000 	C:\WINDOWS\System32\profapi.dll
0x00007ff9bc240000 - 0x00007ff9bc28a000 	C:\WINDOWS\System32\powrprof.dll
0x00007ff9bc200000 - 0x00007ff9bc210000 	C:\WINDOWS\System32\UMPDC.dll
0x00007ff9be540000 - 0x00007ff9be592000 	C:\WINDOWS\System32\shlwapi.dll
0x00007ff9bceb0000 - 0x00007ff9bcec7000 	C:\WINDOWS\System32\cryptsp.dll
0x00007ff999670000 - 0x00007ff99968a000 	C:\Program Files\Android\Android Studio\jre\bin\net.dll
0x00007ff9ace20000 - 0x00007ff9acf10000 	C:\WINDOWS\SYSTEM32\WINHTTP.dll
0x00007ff9bba70000 - 0x00007ff9bbad7000 	C:\WINDOWS\system32\mswsock.dll
0x00007ff999650000 - 0x00007ff999664000 	C:\Program Files\Android\Android Studio\jre\bin\nio.dll
0x00007ff999740000 - 0x00007ff999767000 	C:\Users\hp\.gradle\native\fdc75f09e3144964f2cf3f50f0aa648679c211496f362492102eb8c894070792\windows-amd64\native-platform.dll
0x00007ff961d40000 - 0x00007ff961ed6000 	C:\Users\hp\.gradle\native\12488b8bf47d2d4c9fbf2f6322a914ad602e24e48041cd04a747c6da556b65c4\windows-amd64\native-platform-file-events.dll
0x00007ff9b33a0000 - 0x00007ff9b33aa000 	C:\Program Files\Android\Android Studio\jre\bin\management.dll
0x00007ff9a8d80000 - 0x00007ff9a8d8c000 	C:\Program Files\Android\Android Studio\jre\bin\management_ext.dll
0x00007ff9bb580000 - 0x00007ff9bb5b3000 	C:\WINDOWS\system32\rsaenh.dll
0x00007ff9bcf80000 - 0x00007ff9bcfa6000 	C:\WINDOWS\System32\bcrypt.dll
0x00007ff9bc0f0000 - 0x00007ff9bc115000 	C:\WINDOWS\SYSTEM32\USERENV.dll
0x00007ff9bbc40000 - 0x00007ff9bbc4c000 	C:\WINDOWS\SYSTEM32\CRYPTBASE.dll
0x00007ff9bb720000 - 0x00007ff9bb75a000 	C:\WINDOWS\SYSTEM32\IPHLPAPI.DLL
0x00007ff9bea20000 - 0x00007ff9bea28000 	C:\WINDOWS\System32\NSI.dll
0x00007ff9b35a0000 - 0x00007ff9b35b6000 	C:\WINDOWS\SYSTEM32\dhcpcsvc6.DLL
0x00007ff9b3d80000 - 0x00007ff9b3d9c000 	C:\WINDOWS\SYSTEM32\dhcpcsvc.DLL
0x00007ff9bb760000 - 0x00007ff9bb82b000 	C:\WINDOWS\SYSTEM32\DNSAPI.dll
0x00007ff9b5300000 - 0x00007ff9b530b000 	C:\WINDOWS\SYSTEM32\WINNSI.DLL
0x00007ff9bb260000 - 0x00007ff9bb291000 	C:\WINDOWS\SYSTEM32\ntmarta.dll

dbghelp: loaded successfully - version: 4.0.5 - missing functions: none
symbol engine: initialized successfully - sym options: 0x614 - pdb path: .;C:\Program Files\Android\Android Studio\jre\bin;C:\WINDOWS\SYSTEM32;C:\WINDOWS\WinSxS\amd64_microsoft.windows.common-controls_6595b64144ccf1df_6.0.18362.836_none_e6c4b943130f18ed;C:\Program Files\Android\Android Studio\jre\bin\server;C:\Users\hp\.gradle\native\fdc75f09e3144964f2cf3f50f0aa648679c211496f362492102eb8c894070792\windows-amd64;C:\Users\hp\.gradle\native\12488b8bf47d2d4c9fbf2f6322a914ad602e24e48041cd04a747c6da556b65c4\windows-amd64

VM Arguments:
jvm_args: --add-opens=java.base/java.util=ALL-UNNAMED --add-opens=java.base/java.lang=ALL-UNNAMED --add-opens=java.base/java.lang.invoke=ALL-UNNAMED --add-opens=java.prefs/java.util.prefs=ALL-UNNAMED -Xmx2048m -Dfile.encoding=UTF-8 -Duser.country=US -Duser.language=en -Duser.variant 
java_command: org.gradle.launcher.daemon.bootstrap.GradleDaemon 6.7.1
java_class_path (initial): C:\Users\hp\.gradle\wrapper\dists\gradle-6.7.1-bin\bwlcbys1h7rz3272sye1xwiv6\gradle-6.7.1\lib\gradle-launcher-6.7.1.jar
Launcher Type: SUN_STANDARD

[Global flags]
     intx CICompilerCount                          = 4                                         {product} {ergonomic}
     uint ConcGCThreads                            = 2                                         {product} {ergonomic}
     uint G1ConcRefinementThreads                  = 8                                         {product} {ergonomic}
   size_t G1HeapRegionSize                         = 1048576                                   {product} {ergonomic}
    uintx GCDrainStackTargetSize                   = 64                                        {product} {ergonomic}
   size_t InitialHeapSize                          = 268435456                                 {product} {ergonomic}
   size_t MarkStackSize                            = 4194304                                   {product} {ergonomic}
   size_t MaxHeapSize                              = 2147483648                                {product} {command line}
   size_t MaxNewSize                               = 1287651328                                {product} {ergonomic}
   size_t MinHeapDeltaBytes                        = 1048576                                   {product} {ergonomic}
    uintx NonNMethodCodeHeapSize                   = 5836300                                {pd product} {ergonomic}
    uintx NonProfiledCodeHeapSize                  = 122910970                              {pd product} {ergonomic}
    uintx ProfiledCodeHeapSize                     = 122910970                              {pd product} {ergonomic}
    uintx ReservedCodeCacheSize                    = 251658240                              {pd product} {ergonomic}
     bool SegmentedCodeCache                       = true                                      {product} {ergonomic}
     bool UseCompressedClassPointers               = true                                 {lp64_product} {ergonomic}
     bool UseCompressedOops                        = true                                 {lp64_product} {ergonomic}
     bool UseG1GC                                  = true                                      {product} {ergonomic}
     bool UseLargePagesIndividualAllocation        = false                                  {pd product} {ergonomic}

Logging:
Log output configuration:
 #0: stdout all=warning uptime,level,tags
 #1: stderr all=off uptime,level,tags

Environment Variables:
JAVA_HOME=C:\Program Files\Java\jre1.8.0_212
PATH=C:\Program Files (x86)\Common Files\Oracle\Java\javapath;C:\WINDOWS\system32;C:\WINDOWS;C:\WINDOWS\System32\Wbem;C:\WINDOWS\System32\WindowsPowerShell\v1.0\;C:\WINDOWS\System32\OpenSSH\;C:\Program Files\Git\cmd;C:\Program Files\NVIDIA Corporation\NVIDIA NvDLISR;C:\Users\hp\AppData\Local\Microsoft\WindowsApps;D:\Program Files\Microsoft VS Code\bin;D:\Program Files\JetBrains\PyCharm 2019.1.3\bin;C:\adb;C:\WINDOWS\system32;C:\WINDOWS;C:\WINDOWS\System32\Wbem;C:\WINDOWS\System32\WindowsPowerShell\v1.0\;C:\WINDOWS\System32\OpenSSH\;C:\Program Files (x86)\NVIDIA Corporation\PhysX\Common;C:\Users\hp\AppData\Local\Microsoft\WindowsApps;;D:\Program Files\Microsoft VS Code\bin;D:\Program Files\JetBrains\PyCharm 2019.1.3\bin;
USERNAME=hp
OS=Windows_NT
PROCESSOR_IDENTIFIER=Intel64 Family 6 Model 158 Stepping 9, GenuineIntel



---------------  S Y S T E M  ---------------

OS: Windows 10 , 64 bit Build 18362 (10.0.18362.778)
OS uptime: 9 days 19:57 hours

CPU:total 8 (initial active 8) (4 cores per cpu, 2 threads per core) family 6 model 158 stepping 9 microcode 0xb4, cmov, cx8, fxsr, mmx, sse, sse2, sse3, ssse3, sse4.1, sse4.2, popcnt, avx, avx2, aes, clmul, erms, 3dnowpref, lzcnt, ht, tsc, tscinvbit, bmi1, bmi2, adx, fma

Memory: 4k page, system-wide physical 16267M (2386M free)
TotalPageFile size 31347M (AvailPageFile size 38M)
current process WorkingSet (physical memory assigned to process): 650M, peak: 656M
current process commit charge ("private bytes"): 690M, peak: 743M

vm_info: OpenJDK 64-Bit Server VM (11.0.10+0-b96-7249189) for windows-amd64 JRE (11.0.10+0-b96-7249189), built on Mar 31 2021 21:44:00 by "builder" with MS VC++ 14.0 (VS2015)

END.
